ARM Linker, 5.03 [Build 76] [MDK-ARM Standard]

==============================================================================

Section Cross References

    startup_stm32f10x_md.o(STACK) refers (Special) to heapauxi.o(.text) for __use_two_region_memory
    startup_stm32f10x_md.o(HEAP) refers (Special) to heapauxi.o(.text) for __use_two_region_memory
    startup_stm32f10x_md.o(RESET) refers (Special) to heapauxi.o(.text) for __use_two_region_memory
    startup_stm32f10x_md.o(RESET) refers to startup_stm32f10x_md.o(STACK) for __initial_sp
    startup_stm32f10x_md.o(RESET) refers to startup_stm32f10x_md.o(.text) for Reset_Handler
    startup_stm32f10x_md.o(RESET) refers to stm32f10x_it.o(i.NMI_Handler) for NMI_Handler
    startup_stm32f10x_md.o(RESET) refers to stm32f10x_it.o(i.HardFault_Handler) for HardFault_Handler
    startup_stm32f10x_md.o(RESET) refers to stm32f10x_it.o(i.MemManage_Handler) for MemManage_Handler
    startup_stm32f10x_md.o(RESET) refers to stm32f10x_it.o(i.BusFault_Handler) for BusFault_Handler
    startup_stm32f10x_md.o(RESET) refers to stm32f10x_it.o(i.UsageFault_Handler) for UsageFault_Handler
    startup_stm32f10x_md.o(RESET) refers to stm32f10x_it.o(i.SVC_Handler) for SVC_Handler
    startup_stm32f10x_md.o(RESET) refers to stm32f10x_it.o(i.DebugMon_Handler) for DebugMon_Handler
    startup_stm32f10x_md.o(RESET) refers to stm32f10x_it.o(i.PendSV_Handler) for PendSV_Handler
    startup_stm32f10x_md.o(RESET) refers to stm32f10x_it.o(i.SysTick_Handler) for SysTick_Handler
    startup_stm32f10x_md.o(RESET) refers to tim2.o(i.TIM2_IRQHandler) for TIM2_IRQHandler
    startup_stm32f10x_md.o(RESET) refers to tim3.o(i.TIM3_IRQHandler) for TIM3_IRQHandler
    startup_stm32f10x_md.o(RESET) refers to hc_sr04.o(i.TIM4_IRQHandler) for TIM4_IRQHandler
    startup_stm32f10x_md.o(RESET) refers to usart.o(i.USART1_IRQHandler) for USART1_IRQHandler
    startup_stm32f10x_md.o(RESET) refers to usart.o(i.USART2_IRQHandler) for USART2_IRQHandler
    startup_stm32f10x_md.o(.text) refers (Special) to heapauxi.o(.text) for __use_two_region_memory
    startup_stm32f10x_md.o(.text) refers to system_stm32f10x.o(i.SystemInit) for SystemInit
    startup_stm32f10x_md.o(.text) refers to __main.o(!!!main) for __main
    startup_stm32f10x_md.o(.text) refers to startup_stm32f10x_md.o(HEAP) for Heap_Mem
    startup_stm32f10x_md.o(.text) refers to startup_stm32f10x_md.o(STACK) for Stack_Mem
    system_stm32f10x.o(i.SetSysClock) refers to system_stm32f10x.o(i.SetSysClockTo72) for SetSysClockTo72
    system_stm32f10x.o(i.SystemCoreClockUpdate) refers to system_stm32f10x.o(.data) for SystemCoreClock
    system_stm32f10x.o(i.SystemInit) refers to system_stm32f10x.o(i.SetSysClock) for SetSysClock
    stm32f10x_adc.o(i.ADC_DeInit) refers to stm32f10x_rcc.o(i.RCC_APB2PeriphResetCmd) for RCC_APB2PeriphResetCmd
    stm32f10x_bkp.o(i.BKP_DeInit) refers to stm32f10x_rcc.o(i.RCC_BackupResetCmd) for RCC_BackupResetCmd
    stm32f10x_can.o(i.CAN_DeInit) refers to stm32f10x_rcc.o(i.RCC_APB1PeriphResetCmd) for RCC_APB1PeriphResetCmd
    stm32f10x_can.o(i.CAN_GetITStatus) refers to stm32f10x_can.o(i.CheckITStatus) for CheckITStatus
    stm32f10x_cec.o(i.CEC_DeInit) refers to stm32f10x_rcc.o(i.RCC_APB1PeriphResetCmd) for RCC_APB1PeriphResetCmd
    stm32f10x_dac.o(i.DAC_DeInit) refers to stm32f10x_rcc.o(i.RCC_APB1PeriphResetCmd) for RCC_APB1PeriphResetCmd
    stm32f10x_flash.o(i.FLASH_EnableWriteProtection) refers to stm32f10x_flash.o(i.FLASH_WaitForLastOperation) for FLASH_WaitForLastOperation
    stm32f10x_flash.o(i.FLASH_EraseAllBank1Pages) refers to stm32f10x_flash.o(i.FLASH_WaitForLastBank1Operation) for FLASH_WaitForLastBank1Operation
    stm32f10x_flash.o(i.FLASH_EraseAllPages) refers to stm32f10x_flash.o(i.FLASH_WaitForLastOperation) for FLASH_WaitForLastOperation
    stm32f10x_flash.o(i.FLASH_EraseOptionBytes) refers to stm32f10x_flash.o(i.FLASH_GetReadOutProtectionStatus) for FLASH_GetReadOutProtectionStatus
    stm32f10x_flash.o(i.FLASH_EraseOptionBytes) refers to stm32f10x_flash.o(i.FLASH_WaitForLastOperation) for FLASH_WaitForLastOperation
    stm32f10x_flash.o(i.FLASH_ErasePage) refers to stm32f10x_flash.o(i.FLASH_WaitForLastOperation) for FLASH_WaitForLastOperation
    stm32f10x_flash.o(i.FLASH_ProgramHalfWord) refers to stm32f10x_flash.o(i.FLASH_WaitForLastOperation) for FLASH_WaitForLastOperation
    stm32f10x_flash.o(i.FLASH_ProgramOptionByteData) refers to stm32f10x_flash.o(i.FLASH_WaitForLastOperation) for FLASH_WaitForLastOperation
    stm32f10x_flash.o(i.FLASH_ProgramWord) refers to stm32f10x_flash.o(i.FLASH_WaitForLastOperation) for FLASH_WaitForLastOperation
    stm32f10x_flash.o(i.FLASH_ReadOutProtection) refers to stm32f10x_flash.o(i.FLASH_WaitForLastOperation) for FLASH_WaitForLastOperation
    stm32f10x_flash.o(i.FLASH_UserOptionByteConfig) refers to stm32f10x_flash.o(i.FLASH_WaitForLastOperation) for FLASH_WaitForLastOperation
[...]
    i.RCC_APB1PeriphResetCmd                 0x08002040   Section        0  stm32f10x_rcc.o(i.RCC_APB1PeriphResetCmd)
    i.RCC_APB2PeriphClockCmd                 0x08002060   Section        0  stm32f10x_rcc.o(i.RCC_APB2PeriphClockCmd)
    i.RCC_APB2PeriphResetCmd                 0x08002080   Section        0  stm32f10x_rcc.o(i.RCC_APB2PeriphResetCmd)
    i.RCC_ClearFlag                          0x080020a0   Section        0  stm32f10x_rcc.o(i.RCC_ClearFlag)
    i.RCC_GetClocksFreq                      0x080020b4   Section        0  stm32f10x_rcc.o(i.RCC_GetClocksFreq)
    i.RCC_GetFlagStatus                      0x08002188   Section        0  stm32f10x_rcc.o(i.RCC_GetFlagStatus)
    i.RCC_LSEConfig                          0x080021c4   Section        0  stm32f10x_rcc.o(i.RCC_LSEConfig)
    i.RCC_LSICmd                             0x080021f8   Section        0  stm32f10x_rcc.o(i.RCC_LSICmd)
    i.RCC_RTCCLKCmd                          0x08002204   Section        0  stm32f10x_rcc.o(i.RCC_RTCCLKCmd)
    i.RCC_RTCCLKConfig                       0x08002210   Section        0  stm32f10x_rcc.o(i.RCC_RTCCLKConfig)
    i.RTC_EnterConfigMode                    0x08002220   Section        0  stm32f10x_rtc.o(i.RTC_EnterConfigMode)
    i.RTC_ExitConfigMode                     0x08002234   Section        0  stm32f10x_rtc.o(i.RTC_ExitConfigMode)
    i.RTC_GetCounter                         0x08002248   Section        0  stm32f10x_rtc.o(i.RTC_GetCounter)
    i.RTC_SetCounter                         0x0800225c   Section        0  stm32f10x_rtc.o(i.RTC_SetCounter)
    i.RTC_SetPrescaler                       0x08002278   Section        0  stm32f10x_rtc.o(i.RTC_SetPrescaler)
    i.RTC_WaitForLastTask                    0x08002298   Section        0  stm32f10x_rtc.o(i.RTC_WaitForLastTask)
    i.RTC_WaitForSynchro                     0x080022ac   Section        0  stm32f10x_rtc.o(i.RTC_WaitForSynchro)
    i.SVC_Handler                            0x080022cc   Section        0  stm32f10x_it.o(i.SVC_Handler)
    i.SetSelection                           0x080022d0   Section        0  main.o(i.SetSelection)
    i.SetSysClock                            0x08002304   Section        0  system_stm32f10x.o(i.SetSysClock)
    SetSysClock                              0x08002305   Thumb Code     8  system_stm32f10x.o(i.SetSysClock)
    i.SetSysClockTo72                        0x0800230c   Section        0  system_stm32f10x.o(i.SetSysClockTo72)
    SetSysClockTo72                          0x0800230d   Thumb Code   212  system_stm32f10x.o(i.SetSysClockTo72)
    i.SysTick_Handler                        0x080023e8   Section        0  stm32f10x_it.o(i.SysTick_Handler)
    i.SystemInit                             0x080023ec   Section        0  system_stm32f10x.o(i.SystemInit)
    i.TIM2_IRQHandler                        0x0800244c   Section        0  tim2.o(i.TIM2_IRQHandler)
    i.TIM3_IRQHandler                        0x08002504   Section        0  tim3.o(i.TIM3_IRQHandler)
    i.TIM4_IRQHandler                        0x08002520   Section        0  hc_sr04.o(i.TIM4_IRQHandler)
    i.TIM_ClearFlag                          0x08002548   Section        0  stm32f10x_tim.o(i.TIM_ClearFlag)
    i.TIM_ClearITPendingBit                  0x0800254e   Section        0  stm32f10x_tim.o(i.TIM_ClearITPendingBit)
    i.TIM_Cmd                                0x08002554   Section        0  stm32f10x_tim.o(i.TIM_Cmd)
    i.TIM_CtrlPWMOutputs                     0x0800256c   Section        0  stm32f10x_tim.o(i.TIM_CtrlPWMOutputs)
    i.TIM_DeInit                             0x0800258c   Section        0  stm32f10x_tim.o(i.TIM_DeInit)
    i.TIM_GetCounter                         0x08002774   Section        0  stm32f10x_tim.o(i.TIM_GetCounter)
    i.TIM_GetITStatus                        0x0800277a   Section        0  stm32f10x_tim.o(i.TIM_GetITStatus)
    i.TIM_ITConfig                           0x0800279c   Section        0  stm32f10x_tim.o(i.TIM_ITConfig)
    i.TIM_OC1Init                            0x080027b0   Section        0  stm32f10x_tim.o(i.TIM_OC1Init)
    i.TIM_SetCounter                         0x08002848   Section        0  stm32f10x_tim.o(i.TIM_SetCounter)
    i.TIM_TimeBaseInit                       0x0800284c   Section        0  stm32f10x_tim.o(i.TIM_TimeBaseInit)
    i.ThresholdModification                  0x080028f0   Section        0  main.o(i.ThresholdModification)
    i.TimeModification                       0x08002a28   Section        0  main.o(i.TimeModification)
    i.Timer2_Init                            0x08002b34   Section        0  tim2.o(i.Timer2_Init)
    i.USART1_IRQHandler                      0x08002b94   Section        0  usart.o(i.USART1_IRQHandler)
    i.USART2_IRQHandler                      0x08002c1c   Section        0  usart.o(i.USART2_IRQHandler)
    i.USART_Cmd                              0x08002ca4   Section        0  stm32f10x_usart.o(i.USART_Cmd)
    i.USART_GetITStatus                      0x08002cbc   Section        0  stm32f10x_usart.o(i.USART_GetITStatus)
    i.USART_ITConfig                         0x08002d10   Section        0  stm32f10x_usart.o(i.USART_ITConfig)
    i.USART_Init                             0x08002d5c   Section        0  stm32f10x_usart.o(i.USART_Init)
    i.USART_ReceiveData                      0x08002e34   Section        0  stm32f10x_usart.o(i.USART_ReceiveData)
    i.Uart1_Init                             0x08002e40   Section        0  usart.o(i.Uart1_Init)
    i.Uart2_Init                             0x08002ee4   Section        0  usart.o(i.Uart2_Init)
    i.UsageFault_Handler                     0x08002f88   Section        0  stm32f10x_it.o(i.UsageFault_Handler)
    i.__ARM_fpclassify                       0x08002f8c   Section        0  fpclassify.o(i.__ARM_fpclassify)
    i.__kernel_poly                          0x08002fb4   Section        0  poly.o(i.__kernel_poly)
    i.__mathlib_dbl_underflow                0x08003060   Section        0  dunder.o(i.__mathlib_dbl_underflow)
    i._is_digit                              0x08003070   Section        0  __printf_wp.o(i._is_digit)
    i._sys_exit                              0x0800307e   Section        0  usart.o(i._sys_exit)
    i.fputc                                  0x08003084   Section        0  usart.o(i.fputc)
    i.main                                   0x080030a0   Section        0  main.o(i.main)
    i.pow                                    0x080031f0   Section        0  pow.o(i.pow)
    i.sensorScan                             0x08003bd0   Section        0  main.o(i.sensorScan)
    i.sqrt                                   0x08003bf8   Section        0  sqrt.o(i.sqrt)
    x$fpl$dadd                               0x08003c44   Section      336  daddsub_clz.o(x$fpl$dadd)
    _dadd1                                   0x08003c55   Thumb Code     0  daddsub_clz.o(x$fpl$dadd)
    x$fpl$dcheck1                            0x08003d94   Section       16  dcheck1.o(x$fpl$dcheck1)
    x$fpl$dcmpinf                            0x08003da4   Section       24  dcmpi.o(x$fpl$dcmpinf)
    x$fpl$ddiv                               0x08003dbc   Section      688  ddiv.o(x$fpl$ddiv)
    ddiv_entry                               0x08003dc3   Thumb Code     0  ddiv.o(x$fpl$ddiv)
    x$fpl$dfixu                              0x0800406c   Section       90  dfixu.o(x$fpl$dfixu)
    x$fpl$dflt                               0x080040c6   Section       46  dflt_clz.o(x$fpl$dflt)
    x$fpl$dfltu                              0x080040f4   Section       38  dflt_clz.o(x$fpl$dfltu)
    x$fpl$dleqf                              0x0800411c   Section      120  dleqf.o(x$fpl$dleqf)
    x$fpl$dmul                               0x08004194   Section      340  dmul.o(x$fpl$dmul)
    x$fpl$dnaninf                            0x080042e8   Section      156  dnaninf.o(x$fpl$dnaninf)
    x$fpl$dretinf                            0x08004384   Section       12  dretinf.o(x$fpl$dretinf)
    x$fpl$drleqf                             0x08004390   Section      108  drleqf.o(x$fpl$drleqf)
    x$fpl$drsb                               0x080043fc   Section       22  daddsub_clz.o(x$fpl$drsb)
    x$fpl$dsqrt                              0x08004414   Section      460  dsqrt_noumaal.o(x$fpl$dsqrt)
    x$fpl$dsub                               0x080045e0   Section      468  daddsub_clz.o(x$fpl$dsub)
    _dsub1                                   0x080045f1   Thumb Code     0  daddsub_clz.o(x$fpl$dsub)
    x$fpl$f2d                                0x080047b4   Section       86  f2d.o(x$fpl$f2d)
    x$fpl$fadd                               0x0800480c   Section      196  faddsub_clz.o(x$fpl$fadd)
    _fadd1                                   0x0800481b   Thumb Code     0  faddsub_clz.o(x$fpl$fadd)
    x$fpl$fdiv                               0x080048d0   Section      388  fdiv.o(x$fpl$fdiv)
    _fdiv1                                   0x080048d1   Thumb Code     0  fdiv.o(x$fpl$fdiv)
    x$fpl$ffltu                              0x08004a54   Section       38  fflt_clz.o(x$fpl$ffltu)
    x$fpl$fmul                               0x08004a7c   Section      258  fmul.o(x$fpl$fmul)
    x$fpl$fnaninf                            0x08004b7e   Section      140  fnaninf.o(x$fpl$fnaninf)
    x$fpl$fretinf                            0x08004c0a   Section       10  fretinf.o(x$fpl$fretinf)
    x$fpl$fsub                               0x08004c14   Section      234  faddsub_clz.o(x$fpl$fsub)
    _fsub1                                   0x08004c23   Thumb Code     0  faddsub_clz.o(x$fpl$fsub)
    x$fpl$retnan                             0x08004cfe   Section      100  retnan.o(x$fpl$retnan)
    x$fpl$scalbn                             0x08004d62   Section       92  scalbn.o(x$fpl$scalbn)
    x$fpl$trapveneer                         0x08004dbe   Section       48  trapv.o(x$fpl$trapveneer)
    .constdata                               0x08004dee   Section     2608  oled.o(.constdata)
    x$fpl$usenofp                            0x08004dee   Section        0  usenofp.o(x$fpl$usenofp)
    .constdata                               0x0800581e   Section       17  __printf_flags_ss_wp.o(.constdata)
    maptable                                 0x0800581e   Data          17  __printf_flags_ss_wp.o(.constdata)
    .constdata                               0x08005830   Section      136  pow.o(.constdata)
    bp                                       0x08005830   Data          16  pow.o(.constdata)
    dp_h                                     0x08005840   Data          16  pow.o(.constdata)
    dp_l                                     0x08005850   Data          16  pow.o(.constdata)
    L                                        0x08005860   Data          48  pow.o(.constdata)
    P                                        0x08005890   Data          40  pow.o(.constdata)
    .constdata                               0x080058b8   Section       12  _monlen.o(.constdata)
    .constdata                               0x080058c8   Section        8  qnan.o(.constdata)
    .data                                    0x20000000   Section       20  stm32f10x_rcc.o(.data)
    APBAHBPrescTable                         0x20000000   Data          16  stm32f10x_rcc.o(.data)
    ADCPrescTable                            0x20000010   Data           4  stm32f10x_rcc.o(.data)
    .data                                    0x20000014   Section       19  main.o(.data)
    count                                    0x20000016   Data           1  main.o(.data)
    .data                                    0x20000027   Section        1  dht11.o(.data)
    .data                                    0x20000028   Section       26  key.o(.data)
    .data                                    0x20000044   Section       14  hc_sr04.o(.data)
    i                                        0x20000048   Data           4  hc_sr04.o(.data)
    .data                                    0x20000052   Section        1  buzzer.o(.data)
    .data                                    0x20000054   Section        8  tim2.o(.data)
    .data                                    0x2000005c   Section        8  usart.o(.data)
    .data                                    0x20000064   Section       12  myrtc.o(.data)
    .bss                                     0x20000070   Section     1400  usart.o(.bss)
    .bss                                     0x200005e8   Section       44  localtime.o(.bss)
    _tms                                     0x200005e8   Data          44  localtime.o(.bss)
    .bss                                     0x20000614   Section       96  libspace.o(.bss)
    HEAP                                     0x20000678   Section      512  startup_stm32f10x_md.o(HEAP)
    Heap_Mem                                 0x20000678   Data         512  startup_stm32f10x_md.o(HEAP)
    STACK                                    0x20000878   Section     1024  startup_stm32f10x_md.o(STACK)
    Stack_Mem                                0x20000878   Data        1024  startup_stm32f10x_md.o(STACK)
    __initial_sp                             0x20000c78   Data           0  startup_stm32f10x_md.o(STACK)

    Global Symbols

    Symbol Name                              Value     Ov Type        Size  Object(Section)

    BuildAttributes$$THM_ISAv4$P$D$K$B$S$PE$A:L22UL41UL21$X:L11$S22US41US21$IEEE1$IW$USESV6$~STKCKD$USESV7$~SHL$OTIME$ROPI$IEEEX$EBA8$UX$STANDARDLIB$REQ8$PRES8$EABIv2 0x00000000   Number         0  anon$$obj.o ABSOLUTE
    __ARM_use_no_argv                        0x00000000   Number         0  main.o ABSOLUTE
    _printf_flags                            0x00000000   Number         0  printf_stubs.o ABSOLUTE
    _printf_return_value                     0x00000000   Number         0  printf_stubs.o ABSOLUTE
    _printf_sizespec                         0x00000000   Number         0  printf_stubs.o ABSOLUTE
    _printf_widthprec                        0x00000000   Number         0  printf_stubs.o ABSOLUTE
    __ARM_exceptions_init                     - Undefined Weak Reference
    __alloca_initialize                       - Undefined Weak Reference
    __cpp_initialize__aeabi_                  - Undefined Weak Reference
    __cxa_finalize                            - Undefined Weak Reference
    __sigvec_lookup                           - Undefined Weak Reference
    _atexit_init                              - Undefined Weak Reference
    _call_atexit_fns                          - Undefined Weak Reference
    _clock_init                               - Undefined Weak Reference
    _fp_trap_init                             - Undefined Weak Reference
    _fp_trap_shutdown                         - Undefined Weak Reference
    _get_lc_collate                           - Undefined Weak Reference
    _get_lc_monetary                          - Undefined Weak Reference
    _get_lc_time                              - Undefined Weak Reference
    _getenv_init                              - Undefined Weak Reference
    _handle_redirection                       - Undefined Weak Reference
    _init_alloc                               - Undefined Weak Reference
    _init_user_alloc                          - Undefined Weak Reference
    _initio                                   - Undefined Weak Reference
    _mutex_acquire                            - Undefined Weak Reference
    _mutex_release                            - Undefined Weak Reference
    _printf_mbtowc                            - Undefined Weak Reference
    _printf_wc                                - Undefined Weak Reference
    _rand_init                                - Undefined Weak Reference
    _signal_finish                            - Undefined Weak Reference
    _signal_init                              - Undefined Weak Reference
    _terminate_alloc                          - Undefined Weak Reference
    _terminate_user_alloc                     - Undefined Weak Reference
    _terminateio                              - Undefined Weak Reference
    __Vectors_Size                           0x000000ec   Number         0  startup_stm32f10x_md.o ABSOLUTE
    __Vectors                                0x08000000   Data           4  startup_stm32f10x_md.o(RESET)
    __Vectors_End                            0x080000ec   Data           0  startup_stm32f10x_md.o(RESET)
    __main                                   0x080000ed   Thumb Code     8  __main.o(!!!main)
    __scatterload                            0x080000f5   Thumb Code     0  __scatter.o(!!!scatter)
    __scatterload_rt2                        0x080000f5   Thumb Code    44  __scatter.o(!!!scatter)
    __scatterload_rt2_thumb_only             0x080000f5   Thumb Code     0  __scatter.o(!!!scatter)
    __scatterload_null                       0x08000103   Thumb Code     0  __scatter.o(!!!scatter)
    __scatterload_copy                       0x08000129   Thumb Code    26  __scatter_copy.o(!!handler_copy)
    __scatterload_zeroinit                   0x08000145   Thumb Code    28  __scatter_zi.o(!!handler_zi)
    _printf_percent                          0x08000161   Thumb Code     0  _printf_percent.o(.ARM.Collect$$_printf_percent$$00000000)
    _printf_percent_end                      0x08000161   Thumb Code     0  _printf_percent_end.o(.ARM.Collect$$_printf_percent$$00000017)
    __rt_lib_init                            0x08000165   Thumb Code     0  libinit.o(.ARM.Collect$$libinit$$00000000)
    __rt_lib_init_alloca_1                   0x08000167   Thumb Code     0  libinit2.o(.ARM.Collect$$libinit$$0000002C)
    __rt_lib_init_argv_1                     0x08000167   Thumb Code     0  libinit2.o(.ARM.Collect$$libinit$$0000002A)
    __rt_lib_init_atexit_1                   0x08000167   Thumb Code     0  libinit2.o(.ARM.Collect$$libinit$$00000019)
    __rt_lib_init_clock_1                    0x08000167   Thumb Code     0  libinit2.o(.ARM.Collect$$libinit$$0000001F)
    __rt_lib_init_cpp_1                      0x08000167   Thumb Code     0  libinit2.o(.ARM.Collect$$libinit$$00000030)
    __rt_lib_init_exceptions_1               0x08000167   Thumb Code     0  libinit2.o(.ARM.Collect$$libinit$$0000002E)
    __rt_lib_init_fp_1                       0x08000167   Thumb Code     0  libinit2.o(.ARM.Collect$$libinit$$00000002)
    __rt_lib_init_fp_trap_1                  0x08000167   Thumb Code     0  libinit2.o(.ARM.Collect$$libinit$$0000001D)
    __rt_lib_init_getenv_1                   0x08000167   Thumb Code     0  libinit2.o(.ARM.Collect$$libinit$$00000021)
    __rt_lib_init_heap_1                     0x08000167   Thumb Code     0  libinit2.o(.ARM.Collect$$libinit$$00000008)
    __rt_lib_init_lc_collate_1               0x08000167   Thumb Code     0  libinit2.o(.ARM.Collect$$libinit$$0000000F)
    __rt_lib_init_lc_ctype_1                 0x08000167   Thumb Code     0  libinit2.o(.ARM.Collect$$libinit$$00000011)
    __rt_lib_init_lc_monetary_1              0x08000167   Thumb Code     0  libinit2.o(.ARM.Collect$$libinit$$00000013)
    __rt_lib_init_lc_numeric_1               0x08000167   Thumb Code     0  libinit2.o(.ARM.Collect$$libinit$$00000015)
    __rt_lib_init_lc_time_1                  0x08000167   Thumb Code     0  libinit2.o(.ARM.Collect$$libinit$$00000017)
    __rt_lib_init_rand_1                     0x08000167   Thumb Code     0  libinit2.o(.ARM.Collect$$libinit$$0000000C)
    __rt_lib_init_return                     0x08000167   Thumb Code     0  libinit2.o(.ARM.Collect$$libinit$$00000031)
    __rt_lib_init_signal_1                   0x08000167   Thumb Code     0  libinit2.o(.ARM.Collect$$libinit$$0000001B)
    __rt_lib_init_stdio_1                    0x08000167   Thumb Code     0  libinit2.o(.ARM.Collect$$libinit$$00000023)
    __rt_lib_init_user_alloc_1               0x08000167   Thumb Code     0  libinit2.o(.ARM.Collect$$libinit$$0000000A)
    __rt_lib_shutdown                        0x08000169   Thumb Code     0  libshutdown.o(.ARM.Collect$$libshutdown$$00000000)
    __rt_lib_shutdown_fp_trap_1              0x0800016b   Thumb Code     0  libshutdown2.o(.ARM.Collect$$libshutdown$$00000006)
    __rt_lib_shutdown_heap_1                 0x0800016b   Thumb Code     0  libshutdown2.o(.ARM.Collect$$libshutdown$$0000000E)
    __rt_lib_shutdown_return                 0x0800016b   Thumb Code     0  libshutdown2.o(.ARM.Collect$$libshutdown$$0000000F)
    __rt_lib_shutdown_signal_1               0x0800016b   Thumb Code     0  libshutdown2.o(.ARM.Collect$$libshutdown$$00000009)
    __rt_lib_shutdown_stdio_1                0x0800016b   Thumb Code     0  libshutdown2.o(.ARM.Collect$$libshutdown$$00000003)
    __rt_lib_shutdown_user_alloc_1           0x0800016b   Thumb Code     0  libshutdown2.o(.ARM.Collect$$libshutdown$$0000000B)
    __rt_entry                               0x0800016d   Thumb Code     0  rtentry.o(.ARM.Collect$$rtentry$$00000000)
    __rt_entry_presh_1                       0x0800016d   Thumb Code     0  rtentry2.o(.ARM.Collect$$rtentry$$00000002)
    __rt_entry_sh                            0x0800016d   Thumb Code     0  rtentry4.o(.ARM.Collect$$rtentry$$00000004)
    __rt_entry_li                            0x08000173   Thumb Code     0  rtentry2.o(.ARM.Collect$$rtentry$$0000000A)
    __rt_entry_postsh_1                      0x08000173   Thumb Code     0  rtentry2.o(.ARM.Collect$$rtentry$$00000009)
    __rt_entry_main                          0x08000177   Thumb Code     0  rtentry2.o(.ARM.Collect$$rtentry$$0000000D)
    __rt_entry_postli_1                      0x08000177   Thumb Code     0  rtentry2.o(.ARM.Collect$$rtentry$$0000000C)
    __rt_exit                                0x0800017f   Thumb Code     0  rtexit.o(.ARM.Collect$$rtexit$$00000000)
    __rt_exit_ls                             0x08000181   Thumb Code     0  rtexit2.o(.ARM.Collect$$rtexit$$00000003)
    __rt_exit_prels_1                        0x08000181   Thumb Code     0  rtexit2.o(.ARM.Collect$$rtexit$$00000002)
    __rt_exit_exit                           0x08000185   Thumb Code     0  rtexit2.o(.ARM.Collect$$rtexit$$00000004)
    Reset_Handler                            0x0800018d   Thumb Code     8  startup_stm32f10x_md.o(.text)
    ADC1_2_IRQHandler                        0x080001a7   Thumb Code     0  startup_stm32f10x_md.o(.text)
    CAN1_RX1_IRQHandler                      0x080001a7   Thumb Code     0  startup_stm32f10x_md.o(.text)
    CAN1_SCE_IRQHandler                      0x080001a7   Thumb Code     0  startup_stm32f10x_md.o(.text)
    DMA1_Channel1_IRQHandler                 0x080001a7   Thumb Code     0  startup_stm32f10x_md.o(.text)
    DMA1_Channel2_IRQHandler                 0x080001a7   Thumb Code     0  startup_stm32f10x_md.o(.text)
    DMA1_Channel3_IRQHandler                 0x080001a7   Thumb Code     0  startup_stm32f10x_md.o(.text)
    DMA1_Channel4_IRQHandler                 0x080001a7   Thumb Code     0  startup_stm32f10x_md.o(.text)
    DMA1_Channel5_IRQHandler                 0x080001a7   Thumb Code     0  startup_stm32f10x_md.o(.text)
    DMA1_Channel6_IRQHandler                 0x080001a7   Thumb Code     0  startup_stm32f10x_md.o(.text)
    DMA1_Channel7_IRQHandler                 0x080001a7   Thumb Code     0  startup_stm32f10x_md.o(.text)
    EXTI0_IRQHandler                         0x080001a7   Thumb Code     0  startup_stm32f10x_md.o(.text)
    EXTI15_10_IRQHandler                     0x080001a7   Thumb Code     0  startup_stm32f10x_md.o(.text)
    EXTI1_IRQHandler                         0x080001a7   Thumb Code     0  startup_stm32f10x_md.o(.text)
    EXTI2_IRQHandler                         0x080001a7   Thumb Code     0  startup_stm32f10x_md.o(.text)
    EXTI3_IRQHandler                         0x080001a7   Thumb Code     0  startup_stm32f10x_md.o(.text)
    EXTI4_IRQHandler                         0x080001a7   Thumb Code     0  startup_stm32f10x_md.o(.text)
    EXTI9_5_IRQHandler                       0x080001a7   Thumb Code     0  startup_stm32f10x_md.o(.text)
    FLASH_IRQHandler                         0x080001a7   Thumb Code     0  startup_stm32f10x_md.o(.text)
    I2C1_ER_IRQHandler                       0x080001a7   Thumb Code     0  startup_stm32f10x_md.o(.text)
    I2C1_EV_IRQHandler                       0x080001a7   Thumb Code     0  startup_stm32f10x_md.o(.text)
    I2C2_ER_IRQHandler                       0x080001a7   Thumb Code     0  startup_stm32f10x_md.o(.text)
    I2C2_EV_IRQHandler                       0x080001a7   Thumb Code     0  startup_stm32f10x_md.o(.text)
    PVD_IRQHandler                           0x080001a7   Thumb Code     0  startup_stm32f10x_md.o(.text)
    RCC_IRQHandler                           0x080001a7   Thumb Code     0  startup_stm32f10x_md.o(.text)
    RTCAlarm_IRQHandler                      0x080001a7   Thumb Code     0  startup_stm32f10x_md.o(.text)
    RTC_IRQHandler                           0x080001a7   Thumb Code     0  startup_stm32f10x_md.o(.text)
    SPI1_IRQHandler                          0x080001a7   Thumb Code     0  startup_stm32f10x_md.o(.text)
    SPI2_IRQHandler                          0x080001a7   Thumb Code     0  startup_stm32f10x_md.o(.text)
    TAMPER_IRQHandler                        0x080001a7   Thumb Code     0  startup_stm32f10x_md.o(.text)
    TIM1_BRK_IRQHandler                      0x080001a7   Thumb Code     0  startup_stm32f10x_md.o(.text)
    TIM1_CC_IRQHandler                       0x080001a7   Thumb Code     0  startup_stm32f10x_md.o(.text)
    TIM1_TRG_COM_IRQHandler                  0x080001a7   Thumb Code     0  startup_stm32f10x_md.o(.text)
    TIM1_UP_IRQHandler                       0x080001a7   Thumb Code     0  startup_stm32f10x_md.o(.text)
    USART3_IRQHandler                        0x080001a7   Thumb Code     0  startup_stm32f10x_md.o(.text)
    USBWakeUp_IRQHandler                     0x080001a7   Thumb Code     0  startup_stm32f10x_md.o(.text)
    USB_HP_CAN1_TX_IRQHandler                0x080001a7   Thumb Code     0  startup_stm32f10x_md.o(.text)
    USB_LP_CAN1_RX0_IRQHandler               0x080001a7   Thumb Code     0  startup_stm32f10x_md.o(.text)
    WWDG_IRQHandler                          0x080001a7   Thumb Code     0  startup_stm32f10x_md.o(.text)
    __user_initial_stackheap                 0x080001a9   Thumb Code     0  startup_stm32f10x_md.o(.text)
    __use_no_semihosting                     0x080001cd   Thumb Code     2  use_no_semi_2.o(.text)
    __2printf                                0x080001d1   Thumb Code    20  __2printf.o(.text)
    __printf                                 0x080001e9   Thumb Code   390  __printf_flags_ss_wp.o(.text)
    __aeabi_memcpy4                          0x08000375   Thumb Code     0  rt_memcpy_w.o(.text)
    __aeabi_memcpy8                          0x08000375   Thumb Code     0  rt_memcpy_w.o(.text)
    __rt_memcpy_w                            0x08000375   Thumb Code   100  rt_memcpy_w.o(.text)
    _memcpy_lastbytes_aligned                0x080003bd   Thumb Code     0  rt_memcpy_w.o(.text)
    localtime                                0x080003d9   Thumb Code     6  localtime.o(.text)
    mktime                                   0x0800041b   Thumb Code   358  mktime.o(.text)
    __use_two_region_memory                  0x08000589   Thumb Code     2  heapauxi.o(.text)
    __rt_heap_escrow$2region                 0x0800058b   Thumb Code     2  heapauxi.o(.text)
    __rt_heap_expand$2region                 0x0800058d   Thumb Code     2  heapauxi.o(.text)
    __I$use$semihosting                      0x0800058f   Thumb Code     0  use_no_semi.o(.text)
    __use_no_semihosting_swi                 0x0800058f   Thumb Code     2  use_no_semi.o(.text)
    __read_errno                             0x08000591   Thumb Code    10  _rserrno.o(.text)
    __set_errno                              0x0800059b   Thumb Code    12  _rserrno.o(.text)
    _printf_char_common                      0x080005b3   Thumb Code    32  _printf_char_common.o(.text)
    _printf_char_file                        0x080005d9   Thumb Code    32  _printf_char_file.o(.text)
    _localtime_r                             0x080005fd   Thumb Code   158  localtime_internal.o(.text)
    _n$localtime_r                           0x080005fd   Thumb Code     0  localtime_internal.o(.text)
    __aeabi_errno_addr                       0x080006a1   Thumb Code     8  rt_errno_addr_intlibspace.o(.text)
    __errno$intlibspace                      0x080006a1   Thumb Code     0  rt_errno_addr_intlibspace.o(.text)
    __rt_errno_addr$intlibspace              0x080006a1   Thumb Code     0  rt_errno_addr_intlibspace.o(.text)
    ferror                                   0x080006a9   Thumb Code     8  ferror.o(.text)
    __aeabi_memclr4                          0x080006b1   Thumb Code     0  rt_memclr_w.o(.text)
    __aeabi_memclr8                          0x080006b1   Thumb Code     0  rt_memclr_w.o(.text)
    __rt_memclr_w                            0x080006b1   Thumb Code    78  rt_memclr_w.o(.text)
    _memset_w                                0x080006b5   Thumb Code     0  rt_memclr_w.o(.text)
    __user_libspace                          0x08000701   Thumb Code     8  libspace.o(.text)
    __user_perproc_libspace                  0x08000701   Thumb Code     0  libspace.o(.text)
    __user_perthread_libspace                0x08000701   Thumb Code     0  libspace.o(.text)
    __user_setup_stackheap                   0x08000709   Thumb Code    74  sys_stackheap_outer.o(.text)
    exit                                     0x08000753   Thumb Code    12  exit.o(.text)
    ADCX_Init                                0x08000761   Thumb Code   104  adcx.o(i.ADCX_Init)
    ADC_Cmd                                  0x080007cd   Thumb Code    22  stm32f10x_adc.o(i.ADC_Cmd)
    ADC_GetCalibrationStatus                 0x080007e3   Thumb Code    20  stm32f10x_adc.o(i.ADC_GetCalibrationStatus)
    ADC_GetConversionValue                   0x080007f7   Thumb Code     8  stm32f10x_adc.o(i.ADC_GetConversionValue)
    ADC_GetFlagStatus                        0x080007ff   Thumb Code    18  stm32f10x_adc.o(i.ADC_GetFlagStatus)
    ADC_GetResetCalibrationStatus            0x08000811   Thumb Code    20  stm32f10x_adc.o(i.ADC_GetResetCalibrationStatus)
    ADC_GetValue                             0x08000825   Thumb Code    48  adcx.o(i.ADC_GetValue)
    ADC_Init                                 0x08000859   Thumb Code    70  stm32f10x_adc.o(i.ADC_Init)
    ADC_RegularChannelConfig                 0x080008a9   Thumb Code   184  stm32f10x_adc.o(i.ADC_RegularChannelConfig)
    ADC_ResetCalibration                     0x08000961   Thumb Code    10  stm32f10x_adc.o(i.ADC_ResetCalibration)
    ADC_SoftwareStartConvCmd                 0x0800096b   Thumb Code    22  stm32f10x_adc.o(i.ADC_SoftwareStartConvCmd)
    ADC_StartCalibration                     0x08000981   Thumb Code    10  stm32f10x_adc.o(i.ADC_StartCalibration)
    BKP_ReadBackupRegister                   0x0800098d   Thumb Code    24  stm32f10x_bkp.o(i.BKP_ReadBackupRegister)
    BKP_WriteBackupRegister                  0x080009a9   Thumb Code    22  stm32f10x_bkp.o(i.BKP_WriteBackupRegister)
    BusFault_Handler                         0x080009c5   Thumb Code     4  stm32f10x_it.o(i.BusFault_Handler)
    Buzzer_OFF                               0x080009c9   Thumb Code    18  buzzer.o(i.Buzzer_OFF)
    Buzzer_ON                                0x080009e5   Thumb Code    18  buzzer.o(i.Buzzer_ON)
    DHT11_Init                               0x08000a01   Thumb Code    12  dht11.o(i.DHT11_Init)
    DHT11_Mode                               0x08000a0d   Thumb Code    52  dht11.o(i.DHT11_Mode)
    DHT11_Read_Byte                          0x08000a45   Thumb Code   144  dht11.o(i.DHT11_Read_Byte)
    DHT11_Read_Data                          0x08000add   Thumb Code   110  dht11.o(i.DHT11_Read_Data)
    DHT11_Sends_Response                     0x08000b4d   Thumb Code   100  dht11.o(i.DHT11_Sends_Response)
    DHT11_Sends_Start                        0x08000bb9   Thumb Code    42  dht11.o(i.DHT11_Sends_Start)
    DebugMon_Handler                         0x08000be9   Thumb Code     2  stm32f10x_it.o(i.DebugMon_Handler)
    Delay_ms                                 0x08000beb   Thumb Code    24  delay.o(i.Delay_ms)
    Delay_us                                 0x08000c03   Thumb Code    44  delay.o(i.Delay_us)
    FLASH_ClearFlag                          0x08000c31   Thumb Code     6  stm32f10x_flash.o(i.FLASH_ClearFlag)
    FLASH_ErasePage                          0x08000c3d   Thumb Code    72  stm32f10x_flash.o(i.FLASH_ErasePage)
    FLASH_GetBank1Status                     0x08000c89   Thumb Code    48  stm32f10x_flash.o(i.FLASH_GetBank1Status)
    FLASH_Lock                               0x08000cbd   Thumb Code    14  stm32f10x_flash.o(i.FLASH_Lock)
    FLASH_ProgramHalfWord                    0x08000cd1   Thumb Code    60  stm32f10x_flash.o(i.FLASH_ProgramHalfWord)
    FLASH_R                                  0x08000d11   Thumb Code     6  flash.o(i.FLASH_R)
    FLASH_Unlock                             0x08000d19   Thumb Code    12  stm32f10x_flash.o(i.FLASH_Unlock)
    FLASH_W                                  0x08000d31   Thumb Code    52  flash.o(i.FLASH_W)
    FLASH_WaitForLastOperation               0x08000d65   Thumb Code    38  stm32f10x_flash.o(i.FLASH_WaitForLastOperation)
    GENERAL_TIM_Init                         0x08000d8b   Thumb Code    12  tim3.o(i.GENERAL_TIM_Init)
    GPIO_Init                                0x08000e0b   Thumb Code   274  stm32f10x_gpio.o(i.GPIO_Init)
    GPIO_ReadInputDataBit                    0x08000f1d   Thumb Code    18  stm32f10x_gpio.o(i.GPIO_ReadInputDataBit)
    GPIO_ResetBits                           0x08000f2f   Thumb Code     4  stm32f10x_gpio.o(i.GPIO_ResetBits)
    GPIO_SetBits                             0x08000f33   Thumb Code     4  stm32f10x_gpio.o(i.GPIO_SetBits)
    GPIO_WriteBit                            0x08000f37   Thumb Code    10  stm32f10x_gpio.o(i.GPIO_WriteBit)
    HC_SR04_Deboanle                         0x08000f41   Thumb Code    44  hc_sr04.o(i.HC_SR04_Deboanle)
    HC_SR04_Delay100msRanging                0x08000f6d   Thumb Code    28  hc_sr04.o(i.HC_SR04_Delay100msRanging)
    HC_SR04_Init                             0x08000f8d   Thumb Code   178  hc_sr04.o(i.HC_SR04_Init)
    HC_SR04_Ranging                          0x08001049   Thumb Code   186  hc_sr04.o(i.HC_SR04_Ranging)
    HC_SR501_Init                            0x08001121   Thumb Code    50  hc_sr501.o(i.HC_SR501_Init)
    HC_SR501_Input                           0x08001159   Thumb Code    18  hc_sr501.o(i.HC_SR501_Input)
    HardFault_Handler                        0x08001171   Thumb Code     4  stm32f10x_it.o(i.HardFault_Handler)
    IWDG_Enable                              0x08001175   Thumb Code    10  stm32f10x_iwdg.o(i.IWDG_Enable)
    IWDG_Init                                0x08001185   Thumb Code    78  iwdg.o(i.IWDG_Init)
    IWDG_ReloadCounter                       0x080011f9   Thumb Code    10  stm32f10x_iwdg.o(i.IWDG_ReloadCounter)
    IWDG_SetPrescaler                        0x08001209   Thumb Code     6  stm32f10x_iwdg.o(i.IWDG_SetPrescaler)
    IWDG_SetReload                           0x08001215   Thumb Code     6  stm32f10x_iwdg.o(i.IWDG_SetReload)
    IWDG_WriteAccessCmd                      0x08001221   Thumb Code     6  stm32f10x_iwdg.o(i.IWDG_WriteAccessCmd)
    Key_Init                                 0x0800122d   Thumb Code    40  key.o(i.Key_Init)
    Key_scan                                 0x08001259   Thumb Code   614  key.o(i.Key_scan)
    LDR_ADC_Read                             0x08001509   Thumb Code    12  ldr.o(i.LDR_ADC_Read)
    LDR_Average_Data                         0x08001515   Thumb Code    38  ldr.o(i.LDR_Average_Data)
    LDR_Init                                 0x0800153d   Thumb Code    38  ldr.o(i.LDR_Init)
    LDR_LuxData                              0x08001569   Thumb Code   132  ldr.o(i.LDR_LuxData)
    MemManage_Handler                        0x08001601   Thumb Code     4  stm32f10x_it.o(i.MemManage_Handler)
    MyRTC_Init                               0x08001605   Thumb Code   114  myrtc.o(i.MyRTC_Init)
    MyRTC_ReadTime                           0x08001679   Thumb Code    68  myrtc.o(i.MyRTC_ReadTime)
    MyRTC_SetTime                            0x080016c1   Thumb Code    70  myrtc.o(i.MyRTC_SetTime)
    NMI_Handler                              0x0800170d   Thumb Code     2  stm32f10x_it.o(i.NMI_Handler)
    NVIC_Init                                0x08001711   Thumb Code   102  misc.o(i.NVIC_Init)
    NVIC_PriorityGroupConfig                 0x08001785   Thumb Code    10  misc.o(i.NVIC_PriorityGroupConfig)
    OLED_Clear                               0x08001799   Thumb Code    42  oled.o(i.OLED_Clear)
    OLED_I2C_Init                            0x080017c5   Thumb Code    58  oled.o(i.OLED_I2C_Init)
    OLED_I2C_SendByte                        0x08001805   Thumb Code    80  oled.o(i.OLED_I2C_SendByte)
    OLED_I2C_Start                           0x08001859   Thumb Code    48  oled.o(i.OLED_I2C_Start)
    OLED_I2C_Stop                            0x0800188d   Thumb Code    36  oled.o(i.OLED_I2C_Stop)
    OLED_Init                                0x080018b5   Thumb Code   174  oled.o(i.OLED_Init)
    OLED_Menu                                0x08001965   Thumb Code   174  main.o(i.OLED_Menu)
    OLED_Menu_SensorData                     0x08001a1d   Thumb Code   228  main.o(i.OLED_Menu_SensorData)
    OLED_Option                              0x08001b11   Thumb Code   150  main.o(i.OLED_Option)
    OLED_Pow                                 0x08001ba7   Thumb Code    20  oled.o(i.OLED_Pow)
    OLED_SetCursor                           0x08001bbb   Thumb Code    34  oled.o(i.OLED_SetCursor)
    OLED_SetInterfacevoid                    0x08001bdd   Thumb Code   252  main.o(i.OLED_SetInterfacevoid)
    OLED_ShowChar                            0x08001ce1   Thumb Code   110  oled.o(i.OLED_ShowChar)
    OLED_ShowChinese                         0x08001d55   Thumb Code   102  oled.o(i.OLED_ShowChinese)
    OLED_ShowNum                             0x08001dc1   Thumb Code    68  oled.o(i.OLED_ShowNum)
    OLED_ShowString                          0x08001e05   Thumb Code    40  oled.o(i.OLED_ShowString)
    OLED_ThresholdTime                       0x08001e2d   Thumb Code   116  main.o(i.OLED_ThresholdTime)
    OLED_Time_Option                         0x08001ead   Thumb Code   120  main.o(i.OLED_Time_Option)
    OLED_WriteCommand                        0x08001f25   Thumb Code    32  oled.o(i.OLED_WriteCommand)
    OLED_WriteData                           0x08001f45   Thumb Code    32  oled.o(i.OLED_WriteData)
    PWM_Init                                 0x08001f65   Thumb Code   144  pwm.o(i.PWM_Init)
    PWR_BackupAccessCmd                      0x08001ff9   Thumb Code     6  stm32f10x_pwr.o(i.PWR_BackupAccessCmd)
    PendSV_Handler                           0x08002005   Thumb Code     2  stm32f10x_it.o(i.PendSV_Handler)
    RCC_ADCCLKConfig                         0x08002009   Thumb Code    18  stm32f10x_rcc.o(i.RCC_ADCCLKConfig)
    RCC_APB1PeriphClockCmd                   0x08002021   Thumb Code    26  stm32f10x_rcc.o(i.RCC_APB1PeriphClockCmd)
    RCC_APB1PeriphResetCmd                   0x08002041   Thumb Code    26  stm32f10x_rcc.o(i.RCC_APB1PeriphResetCmd)
    RCC_APB2PeriphClockCmd                   0x08002061   Thumb Code    26  stm32f10x_rcc.o(i.RCC_APB2PeriphClockCmd)
    RCC_APB2PeriphResetCmd                   0x08002081   Thumb Code    26  stm32f10x_rcc.o(i.RCC_APB2PeriphResetCmd)
    RCC_ClearFlag                            0x080020a1   Thumb Code    14  stm32f10x_rcc.o(i.RCC_ClearFlag)
    RCC_GetClocksFreq                        0x080020b5   Thumb Code   192  stm32f10x_rcc.o(i.RCC_GetClocksFreq)
    RCC_GetFlagStatus                        0x08002189   Thumb Code    56  stm32f10x_rcc.o(i.RCC_GetFlagStatus)
    RCC_LSEConfig                            0x080021c5   Thumb Code    44  stm32f10x_rcc.o(i.RCC_LSEConfig)
    RCC_LSICmd                               0x080021f9   Thumb Code     6  stm32f10x_rcc.o(i.RCC_LSICmd)
    RCC_RTCCLKCmd                            0x08002205   Thumb Code     6  stm32f10x_rcc.o(i.RCC_RTCCLKCmd)
    RCC_RTCCLKConfig                         0x08002211   Thumb Code    12  stm32f10x_rcc.o(i.RCC_RTCCLKConfig)
    RTC_EnterConfigMode                      0x08002221   Thumb Code    14  stm32f10x_rtc.o(i.RTC_EnterConfigMode)
    RTC_ExitConfigMode                       0x08002235   Thumb Code    16  stm32f10x_rtc.o(i.RTC_ExitConfigMode)
    RTC_GetCounter                           0x08002249   Thumb Code    16  stm32f10x_rtc.o(i.RTC_GetCounter)
    RTC_SetCounter                           0x0800225d   Thumb Code    24  stm32f10x_rtc.o(i.RTC_SetCounter)
    RTC_SetPrescaler                         0x08002279   Thumb Code    26  stm32f10x_rtc.o(i.RTC_SetPrescaler)
    RTC_WaitForLastTask                      0x08002299   Thumb Code    14  stm32f10x_rtc.o(i.RTC_WaitForLastTask)
    RTC_WaitForSynchro                       0x080022ad   Thumb Code    28  stm32f10x_rtc.o(i.RTC_WaitForSynchro)
    SVC_Handler                              0x080022cd   Thumb Code     2  stm32f10x_it.o(i.SVC_Handler)
    SetSelection                             0x080022d1   Thumb Code    42  main.o(i.SetSelection)
    SysTick_Handler                          0x080023e9   Thumb Code     2  stm32f10x_it.o(i.SysTick_Handler)
    SystemInit                               0x080023ed   Thumb Code    78  system_stm32f10x.o(i.SystemInit)
    TIM2_IRQHandler                          0x0800244d   Thumb Code   166  tim2.o(i.TIM2_IRQHandler)
    TIM3_IRQHandler                          0x08002505   Thumb Code    22  tim3.o(i.TIM3_IRQHandler)
    TIM4_IRQHandler                          0x08002521   Thumb Code    32  hc_sr04.o(i.TIM4_IRQHandler)
    TIM_ClearFlag                            0x08002549   Thumb Code     6  stm32f10x_tim.o(i.TIM_ClearFlag)
    TIM_ClearITPendingBit                    0x0800254f   Thumb Code     6  stm32f10x_tim.o(i.TIM_ClearITPendingBit)
    TIM_Cmd                                  0x08002555   Thumb Code    24  stm32f10x_tim.o(i.TIM_Cmd)
    TIM_CtrlPWMOutputs                       0x0800256d   Thumb Code    30  stm32f10x_tim.o(i.TIM_CtrlPWMOutputs)
    TIM_DeInit                               0x0800258d   Thumb Code   424  stm32f10x_tim.o(i.TIM_DeInit)
    TIM_GetCounter                           0x08002775   Thumb Code     6  stm32f10x_tim.o(i.TIM_GetCounter)
    TIM_GetITStatus                          0x0800277b   Thumb Code    34  stm32f10x_tim.o(i.TIM_GetITStatus)
    TIM_ITConfig                             0x0800279d   Thumb Code    18  stm32f10x_tim.o(i.TIM_ITConfig)
    TIM_OC1Init                              0x080027b1   Thumb Code   132  stm32f10x_tim.o(i.TIM_OC1Init)
    TIM_SetCounter                           0x08002849   Thumb Code     4  stm32f10x_tim.o(i.TIM_SetCounter)
    TIM_TimeBaseInit                         0x0800284d   Thumb Code   122  stm32f10x_tim.o(i.TIM_TimeBaseInit)
    ThresholdModification                    0x080028f1   Thumb Code   284  main.o(i.ThresholdModification)
    TimeModification                         0x08002a29   Thumb Code   250  main.o(i.TimeModification)
    Timer2_Init                              0x08002b35   Thumb Code    94  tim2.o(i.Timer2_Init)
    USART1_IRQHandler                        0x08002b95   Thumb Code   122  usart.o(i.USART1_IRQHandler)
    USART2_IRQHandler                        0x08002c1d   Thumb Code   124  usart.o(i.USART2_IRQHandler)
    USART_Cmd                                0x08002ca5   Thumb Code    24  stm32f10x_usart.o(i.USART_Cmd)
    USART_GetITStatus                        0x08002cbd   Thumb Code    84  stm32f10x_usart.o(i.USART_GetITStatus)
    USART_ITConfig                           0x08002d11   Thumb Code    74  stm32f10x_usart.o(i.USART_ITConfig)
    USART_Init                               0x08002d5d   Thumb Code   210  stm32f10x_usart.o(i.USART_Init)
    USART_ReceiveData                        0x08002e35   Thumb Code    10  stm32f10x_usart.o(i.USART_ReceiveData)
    Uart1_Init                               0x08002e41   Thumb Code   154  usart.o(i.Uart1_Init)
    Uart2_Init                               0x08002ee5   Thumb Code   156  usart.o(i.Uart2_Init)
    UsageFault_Handler                       0x08002f89   Thumb Code     4  stm32f10x_it.o(i.UsageFault_Handler)
    __ARM_fpclassify                         0x08002f8d   Thumb Code    40  fpclassify.o(i.__ARM_fpclassify)
    __kernel_poly                            0x08002fb5   Thumb Code   170  poly.o(i.__kernel_poly)
    __mathlib_dbl_underflow                  0x08003061   Thumb Code    10  dunder.o(i.__mathlib_dbl_underflow)
    _is_digit                                0x08003071   Thumb Code    14  __printf_wp.o(i._is_digit)
    _sys_exit                                0x0800307f   Thumb Code     4  usart.o(i._sys_exit)
    fputc                                    0x08003085   Thumb Code    22  usart.o(i.fputc)
    main                                     0x080030a1   Thumb Code   304  main.o(i.main)
    pow                                      0x080031f1   Thumb Code  2510  pow.o(i.pow)
    sensorScan                               0x08003bd1   Thumb Code    36  main.o(i.sensorScan)
    sqrt                                     0x08003bf9   Thumb Code    76  sqrt.o(i.sqrt)
    __aeabi_dadd                             0x08003c45   Thumb Code     0  daddsub_clz.o(x$fpl$dadd)
    _dadd                                    0x08003c45   Thumb Code   332  daddsub_clz.o(x$fpl$dadd)
    __fpl_dcheck_NaN1                        0x08003d95   Thumb Code    10  dcheck1.o(x$fpl$dcheck1)
    __fpl_dcmp_Inf                           0x08003da5   Thumb Code    24  dcmpi.o(x$fpl$dcmpinf)
    __aeabi_ddiv                             0x08003dbd   Thumb Code     0  ddiv.o(x$fpl$ddiv)
    _ddiv                                    0x08003dbd   Thumb Code   552  ddiv.o(x$fpl$ddiv)
    __aeabi_d2uiz                            0x0800406d   Thumb Code     0  dfixu.o(x$fpl$dfixu)
    _dfixu                                   0x0800406d   Thumb Code    90  dfixu.o(x$fpl$dfixu)
    __aeabi_i2d                              0x080040c7   Thumb Code     0  dflt_clz.o(x$fpl$dflt)
    _dflt                                    0x080040c7   Thumb Code    46  dflt_clz.o(x$fpl$dflt)
    __aeabi_ui2d                             0x080040f5   Thumb Code     0  dflt_clz.o(x$fpl$dfltu)
    _dfltu                                   0x080040f5   Thumb Code    38  dflt_clz.o(x$fpl$dfltu)
    __aeabi_cdcmple                          0x0800411d   Thumb Code     0  dleqf.o(x$fpl$dleqf)
    _dcmple                                  0x0800411d   Thumb Code   120  dleqf.o(x$fpl$dleqf)
    __fpl_dcmple_InfNaN                      0x0800417f   Thumb Code     0  dleqf.o(x$fpl$dleqf)
    __aeabi_dmul                             0x08004195   Thumb Code     0  dmul.o(x$fpl$dmul)
    _dmul                                    0x08004195   Thumb Code   332  dmul.o(x$fpl$dmul)
    __fpl_dnaninf                            0x080042e9   Thumb Code   156  dnaninf.o(x$fpl$dnaninf)
    __fpl_dretinf                            0x08004385   Thumb Code    12  dretinf.o(x$fpl$dretinf)
    __aeabi_cdrcmple                         0x08004391   Thumb Code     0  drleqf.o(x$fpl$drleqf)
    _drcmple                                 0x08004391   Thumb Code   108  drleqf.o(x$fpl$drleqf)
    __aeabi_drsub                            0x080043fd   Thumb Code     0  daddsub_clz.o(x$fpl$drsb)
    _drsb                                    0x080043fd   Thumb Code    22  daddsub_clz.o(x$fpl$drsb)
    _dsqrt                                   0x08004415   Thumb Code   456  dsqrt_noumaal.o(x$fpl$dsqrt)
    __aeabi_dsub                             0x080045e1   Thumb Code     0  daddsub_clz.o(x$fpl$dsub)
    _dsub                                    0x080045e1   Thumb Code   464  daddsub_clz.o(x$fpl$dsub)
    __aeabi_f2d                              0x080047b5   Thumb Code     0  f2d.o(x$fpl$f2d)
    _f2d                                     0x080047b5   Thumb Code    86  f2d.o(x$fpl$f2d)
    __aeabi_fadd                             0x0800480d   Thumb Code     0  faddsub_clz.o(x$fpl$fadd)
    _fadd                                    0x0800480d   Thumb Code   196  faddsub_clz.o(x$fpl$fadd)
    __aeabi_fdiv                             0x080048d1   Thumb Code     0  fdiv.o(x$fpl$fdiv)
    _fdiv                                    0x080048d1   Thumb Code   384  fdiv.o(x$fpl$fdiv)
    __aeabi_ui2f                             0x08004a55   Thumb Code     0  fflt_clz.o(x$fpl$ffltu)
    _ffltu                                   0x08004a55   Thumb Code    38  fflt_clz.o(x$fpl$ffltu)
    __aeabi_fmul                             0x08004a7d   Thumb Code     0  fmul.o(x$fpl$fmul)
    _fmul                                    0x08004a7d   Thumb Code   258  fmul.o(x$fpl$fmul)
    __fpl_fnaninf                            0x08004b7f   Thumb Code   140  fnaninf.o(x$fpl$fnaninf)
    __fpl_fretinf                            0x08004c0b   Thumb Code    10  fretinf.o(x$fpl$fretinf)
    __aeabi_fsub                             0x08004c15   Thumb Code     0  faddsub_clz.o(x$fpl$fsub)
    _fsub                                    0x08004c15   Thumb Code   234  faddsub_clz.o(x$fpl$fsub)
    __fpl_return_NaN                         0x08004cff   Thumb Code   100  retnan.o(x$fpl$retnan)
    __ARM_scalbn                             0x08004d63   Thumb Code    92  scalbn.o(x$fpl$scalbn)
    __fpl_cmpreturn                          0x08004dbf   Thumb Code    48  trapv.o(x$fpl$trapveneer)
    OLED_F8x16                               0x08004dee   Data        1520  oled.o(.constdata)
    __I$use$fp                               0x08004dee   Number         0  usenofp.o(x$fpl$usenofp)
    Hzk1                                     0x080053de   Data        1088  oled.o(.constdata)
    _monlen                                  0x080058b8   Data          12  _monlen.o(.constdata)
    __mathlib_zero                           0x080058c8   Data           8  qnan.o(.constdata)
    Region$$Table$$Base                      0x080058d0   Number         0  anon$$obj.o(Region$$Table)
    Region$$Table$$Limit                     0x080058f0   Number         0  anon$$obj.o(Region$$Table)
    systemModel                              0x20000014   Data           1  main.o(.data)
    menu                                     0x20000015   Data           1  main.o(.data)
    hc501                                    0x20000017   Data           1  main.o(.data)
    hour                                     0x20000018   Data           1  main.o(.data)
    minute                                   0x20000019   Data           1  main.o(.data)
    second                                   0x2000001a   Data           1  main.o(.data)
    sensorData                               0x2000001c   Data           6  main.o(.data)
    Sensorthreshold                          0x20000022   Data           4  main.o(.data)
    MenuPages                                0x20000026   Data           1  main.o(.data)
    Time                                     0x20000027   Data           1  dht11.o(.data)
    key1_short_flag                          0x20000028   Data           1  key.o(.data)
    KeyNum                                   0x20000029   Data           1  key.o(.data)
    key1_long_flag                           0x2000002a   Data           1  key.o(.data)
    key2_long_flag                           0x2000002b   Data           1  key.o(.data)
    key3_long_flag                           0x2000002c   Data           1  key.o(.data)
    key4_long_flag                           0x2000002d   Data           1  key.o(.data)
    key1_lock_flag                           0x2000002e   Data           1  key.o(.data)
    key2_lock_flag                           0x2000002f   Data           1  key.o(.data)
    key3_lock_flag                           0x20000030   Data           1  key.o(.data)
    key4_lock_flag                           0x20000031   Data           1  key.o(.data)
    key1_cnt                                 0x20000032   Data           2  key.o(.data)
    key2_cnt                                 0x20000034   Data           2  key.o(.data)
    key3_cnt                                 0x20000036   Data           2  key.o(.data)
    key4_cnt                                 0x20000038   Data           2  key.o(.data)
    key1_cnt2                                0x2000003a   Data           2  key.o(.data)
    key2_cnt2                                0x2000003c   Data           2  key.o(.data)
    key3_cnt2                                0x2000003e   Data           2  key.o(.data)
    key4_cnt2                                0x20000040   Data           2  key.o(.data)
    msHCcount                                0x20000044   Data           4  hc_sr04.o(.data)
    HC_SR04_DelayStructure                   0x2000004c   Data           6  hc_sr04.o(.data)
    Buzzer_Flag                              0x20000052   Data           1  buzzer.o(.data)
    keyDelay_50ms                            0x20000054   Data           1  tim2.o(.data)
    delay20ms                                0x20000058   Data           4  tim2.o(.data)
    USART2_RX_STA                            0x2000005c   Data           2  usart.o(.data)
    USART_RX_STA                             0x2000005e   Data           2  usart.o(.data)
    __stdout                                 0x20000060   Data           4  usart.o(.data)
    MyRTC_Time                               0x20000064   Data          12  myrtc.o(.data)
    USART2_TX_BUF                            0x20000070   Data         600  usart.o(.bss)
    USART2_RX_BUF                            0x200002c8   Data         600  usart.o(.bss)
    USART_RX_BUF                             0x20000520   Data         200  usart.o(.bss)
    __libspace_start                         0x20000614   Data          96  libspace.o(.bss)
    __temporary_stack_top$libspace           0x20000674   Data           0  libspace.o(.bss)



==============================================================================

Memory Map of the image

  Image Entry point : 0x080000ed

  Load Region LR_IROM1 (Base: 0x08000000, Size: 0x00005960, Max: 0x00010000, ABSOLUTE)

    Execution Region ER_IROM1 (Exec base: 0x08000000, Load base: 0x08000000, Size: 0x000058f0, Max: 0x00010000, ABSOLUTE)

    Exec Addr    Load Addr    Size         Type   Attr      Idx    E Section Name        Object

    0x08000000   0x08000000   0x000000ec   Data   RO            3    RESET               startup_stm32f10x_md.o
    0x080000ec   0x080000ec   0x00000008   Code   RO         4108  * !!!main             c_w.l(__main.o)
    0x080000f4   0x080000f4   0x00000034   Code   RO         4505    !!!scatter          c_w.l(__scatter.o)
    0x08000128   0x08000128   0x0000001a   Code   RO         4507    !!handler_copy      c_w.l(__scatter_copy.o)
    0x08000142   0x08000142   0x00000002   PAD
    0x08000144   0x08000144   0x0000001c   Code   RO         4509    !!handler_zi        c_w.l(__scatter_zi.o)
    0x08000160   0x08000160   0x00000000   Code   RO         4094    .ARM.Collect$$_printf_percent$$00000000  c_w.l(_printf_percent.o)
    0x08000160   0x08000160   0x00000004   Code   RO         4217    .ARM.Collect$$_printf_percent$$00000017  c_w.l(_printf_percent_end.o)
    0x08000164   0x08000164   0x00000002   Code   RO         4372    .ARM.Collect$$libinit$$00000000  c_w.l(libinit.o)
    0x08000166   0x08000166   0x00000000   Code   RO         4387    .ARM.Collect$$libinit$$00000002  c_w.l(libinit2.o)
    0x08000166   0x08000166   0x00000000   Code   RO         4390    .ARM.Collect$$libinit$$00000008  c_w.l(libinit2.o)
    0x08000166   0x08000166   0x00000000   Code   RO         4392    .ARM.Collect$$libinit$$0000000A  c_w.l(libinit2.o)
    0x08000166   0x08000166   0x00000000   Code   RO         4394    .ARM.Collect$$libinit$$0000000C  c_w.l(libinit2.o)
    0x08000166   0x08000166   0x00000000   Code   RO         4397    .ARM.Collect$$libinit$$0000000F  c_w.l(libinit2.o)
    0x08000166   0x08000166   0x00000000   Code   RO         4399    .ARM.Collect$$libinit$$00000011  c_w.l(libinit2.o)
    0x08000166   0x08000166   0x00000000   Code   RO         4401    .ARM.Collect$$libinit$$00000013  c_w.l(libinit2.o)
    0x08000166   0x08000166   0x00000000   Code   RO         4403    .ARM.Collect$$libinit$$00000015  c_w.l(libinit2.o)
    0x08000166   0x08000166   0x00000000   Code   RO         4405    .ARM.Collect$$libinit$$00000017  c_w.l(libinit2.o)
    0x08000166   0x08000166   0x00000000   Code   RO         4407    .ARM.Collect$$libinit$$00000019  c_w.l(libinit2.o)
    0x08000166   0x08000166   0x00000000   Code   RO         4409    .ARM.Collect$$libinit$$0000001B  c_w.l(libinit2.o)
    0x08000166   0x08000166   0x00000000   Code   RO         4411    .ARM.Collect$$libinit$$0000001D  c_w.l(libinit2.o)
    0x08000166   0x08000166   0x00000000   Code   RO         4413    .ARM.Collect$$libinit$$0000001F  c_w.l(libinit2.o)
    0x08000166   0x08000166   0x00000000   Code   RO         4415    .ARM.Collect$$libinit$$00000021  c_w.l(libinit2.o)
    0x08000166   0x08000166   0x00000000   Code   RO         4417    .ARM.Collect$$libinit$$00000023  c_w.l(libinit2.o)
    0x08000166   0x08000166   0x00000000   Code   RO         4421    .ARM.Collect$$libinit$$0000002A  c_w.l(libinit2.o)
    0x08000166   0x08000166   0x00000000   Code   RO         4423    .ARM.Collect$$libinit$$0000002C  c_w.l(libinit2.o)
    0x08000166   0x08000166   0x00000000   Code   RO         4425    .ARM.Collect$$libinit$$0000002E  c_w.l(libinit2.o)
    0x08000166   0x08000166   0x00000000   Code   RO         4427    .ARM.Collect$$libinit$$00000030  c_w.l(libinit2.o)
    0x08000166   0x08000166   0x00000002   Code   RO         4428    .ARM.Collect$$libinit$$00000031  c_w.l(libinit2.o)
    0x08000168   0x08000168   0x00000002   Code   RO         4448    .ARM.Collect$$libshutdown$$00000000  c_w.l(libshutdown.o)
    0x0800016a   0x0800016a   0x00000000   Code   RO         4459    .ARM.Collect$$libshutdown$$00000003  c_w.l(libshutdown2.o)
    0x0800016a   0x0800016a   0x00000000   Code   RO         4462    .ARM.Collect$$libshutdown$$00000006  c_w.l(libshutdown2.o)
    0x0800016a   0x0800016a   0x00000000   Code   RO         4465    .ARM.Collect$$libshutdown$$00000009  c_w.l(libshutdown2.o)
    0x0800016a   0x0800016a   0x00000000   Code   RO         4467    .ARM.Collect$$libshutdown$$0000000B  c_w.l(libshutdown2.o)
    0x0800016a   0x0800016a   0x00000000   Code   RO         4470    .ARM.Collect$$libshutdown$$0000000E  c_w.l(libshutdown2.o)
    0x0800016a   0x0800016a   0x00000002   Code   RO         4471    .ARM.Collect$$libshutdown$$0000000F  c_w.l(libshutdown2.o)
    0x0800016c   0x0800016c   0x00000000   Code   RO         4154    .ARM.Collect$$rtentry$$00000000  c_w.l(rtentry.o)
    0x0800016c   0x0800016c   0x00000000   Code   RO         4277    .ARM.Collect$$rtentry$$00000002  c_w.l(rtentry2.o)
    0x0800016c   0x0800016c   0x00000006   Code   RO         4289    .ARM.Collect$$rtentry$$00000004  c_w.l(rtentry4.o)
    0x08000172   0x08000172   0x00000000   Code   RO         4279    .ARM.Collect$$rtentry$$00000009  c_w.l(rtentry2.o)
    0x08000172   0x08000172   0x00000004   Code   RO         4280    .ARM.Collect$$rtentry$$0000000A  c_w.l(rtentry2.o)
    0x08000176   0x08000176   0x00000000   Code   RO         4282    .ARM.Collect$$rtentry$$0000000C  c_w.l(rtentry2.o)
    0x08000176   0x08000176   0x00000008   Code   RO         4283    .ARM.Collect$$rtentry$$0000000D  c_w.l(rtentry2.o)
    0x0800017e   0x0800017e   0x00000002   Code   RO         4379    .ARM.Collect$$rtexit$$00000000  c_w.l(rtexit.o)
    0x08000180   0x08000180   0x00000000   Code   RO         4432    .ARM.Collect$$rtexit$$00000002  c_w.l(rtexit2.o)
    0x08000180   0x08000180   0x00000004   Code   RO         4433    .ARM.Collect$$rtexit$$00000003  c_w.l(rtexit2.o)
    0x08000184   0x08000184   0x00000006   Code   RO         4434    .ARM.Collect$$rtexit$$00000004  c_w.l(rtexit2.o)
    0x0800018a   0x0800018a   0x00000002   PAD
    0x0800018c   0x0800018c   0x00000040   Code   RO            4    .text               startup_stm32f10x_md.o
    0x080001cc   0x080001cc   0x00000002   Code   RO         4061    .text               c_w.l(use_no_semi_2.o)
    0x080001ce   0x080001ce   0x00000002   PAD
    0x080001d0   0x080001d0   0x00000018   Code   RO         4065    .text               c_w.l(__2printf.o)
    0x080001e8   0x080001e8   0x0000018c   Code   RO         4090    .text               c_w.l(__printf_flags_ss_wp.o)
    0x08000374   0x08000374   0x00000064   Code   RO         4099    .text               c_w.l(rt_memcpy_w.o)
    0x080003d8   0x080003d8   0x0000000c   Code   RO         4101    .text               c_w.l(localtime.o)
    0x080003e4   0x080003e4   0x000001a4   Code   RO         4104    .text               c_w.l(mktime.o)
    0x08000588   0x08000588   0x00000006   Code   RO         4106    .text               c_w.l(heapauxi.o)
    0x0800058e   0x0800058e   0x00000002   Code   RO         4152    .text               c_w.l(use_no_semi.o)
    0x08000590   0x08000590   0x00000016   Code   RO         4155    .text               c_w.l(_rserrno.o)
    0x080005a6   0x080005a6   0x00000002   PAD
    0x080005a8   0x080005a8   0x00000030   Code   RO         4165    .text               c_w.l(_printf_char_common.o)
    0x080005d8   0x080005d8   0x00000024   Code   RO         4171    .text               c_w.l(_printf_char_file.o)
    0x080005fc   0x080005fc   0x000000a4   Code   RO         4228    .text               c_w.l(localtime_internal.o)
    0x080006a0   0x080006a0   0x00000008   Code   RO         4294    .text               c_w.l(rt_errno_addr_intlibspace.o)
    0x080006a8   0x080006a8   0x00000008   Code   RO         4309    .text               c_w.l(ferror.o)
    0x080006b0   0x080006b0   0x0000004e   Code   RO         4315    .text               c_w.l(rt_memclr_w.o)
    0x080006fe   0x080006fe   0x00000002   PAD
    0x08000700   0x08000700   0x00000008   Code   RO         4323    .text               c_w.l(libspace.o)
    0x08000708   0x08000708   0x0000004a   Code   RO         4326    .text               c_w.l(sys_stackheap_outer.o)
    0x08000752   0x08000752   0x0000000c   Code   RO         4365    .text               c_w.l(exit.o)
    0x0800075e   0x0800075e   0x00000002   PAD
    0x08000760   0x08000760   0x0000006c   Code   RO         3723    i.ADCX_Init         adcx.o
    0x080007cc   0x080007cc   0x00000016   Code   RO          202    i.ADC_Cmd           stm32f10x_adc.o
    0x080007e2   0x080007e2   0x00000014   Code   RO          210    i.ADC_GetCalibrationStatus  stm32f10x_adc.o
    0x080007f6   0x080007f6   0x00000008   Code   RO          211    i.ADC_GetConversionValue  stm32f10x_adc.o
    0x080007fe   0x080007fe   0x00000012   Code   RO          213    i.ADC_GetFlagStatus  stm32f10x_adc.o
    0x08000810   0x08000810   0x00000014   Code   RO          216    i.ADC_GetResetCalibrationStatus  stm32f10x_adc.o
    0x08000824   0x08000824   0x00000034   Code   RO         3724    i.ADC_GetValue      adcx.o
    0x08000858   0x08000858   0x00000050   Code   RO          220    i.ADC_Init          stm32f10x_adc.o
    0x080008a8   0x080008a8   0x000000b8   Code   RO          224    i.ADC_RegularChannelConfig  stm32f10x_adc.o
    0x08000960   0x08000960   0x0000000a   Code   RO          225    i.ADC_ResetCalibration  stm32f10x_adc.o
    0x0800096a   0x0800096a   0x00000016   Code   RO          227    i.ADC_SoftwareStartConvCmd  stm32f10x_adc.o
    0x08000980   0x08000980   0x0000000a   Code   RO          229    i.ADC_StartCalibration  stm32f10x_adc.o
    0x0800098a   0x0800098a   0x00000002   PAD
    0x0800098c   0x0800098c   0x0000001c   Code   RO          431    i.BKP_ReadBackupRegister  stm32f10x_bkp.o
    0x080009a8   0x080009a8   0x0000001c   Code   RO          435    i.BKP_WriteBackupRegister  stm32f10x_bkp.o
    0x080009c4   0x080009c4   0x00000004   Code   RO         3335    i.BusFault_Handler  stm32f10x_it.o
    0x080009c8   0x080009c8   0x0000001c   Code   RO         3694    i.Buzzer_OFF        buzzer.o
    0x080009e4   0x080009e4   0x0000001c   Code   RO         3695    i.Buzzer_ON         buzzer.o
    0x08000a00   0x08000a00   0x0000000c   Code   RO         3548    i.DHT11_Init        dht11.o
    0x08000a0c   0x08000a0c   0x00000038   Code   RO         3549    i.DHT11_Mode        dht11.o
    0x08000a44   0x08000a44   0x00000098   Code   RO         3550    i.DHT11_Read_Byte   dht11.o
    0x08000adc   0x08000adc   0x0000006e   Code   RO         3551    i.DHT11_Read_Data   dht11.o
    0x08000b4a   0x08000b4a   0x00000002   PAD
    0x08000b4c   0x08000b4c   0x0000006c   Code   RO         3552    i.DHT11_Sends_Response  dht11.o
    0x08000bb8   0x08000bb8   0x00000030   Code   RO         3553    i.DHT11_Sends_Start  dht11.o
    0x08000be8   0x08000be8   0x00000002   Code   RO         3336    i.DebugMon_Handler  stm32f10x_it.o
    0x08000bea   0x08000bea   0x00000018   Code   RO         3744    i.Delay_ms          delay.o
    0x08000c02   0x08000c02   0x0000002c   Code   RO         3746    i.Delay_us          delay.o
    0x08000c2e   0x08000c2e   0x00000002   PAD
    0x08000c30   0x08000c30   0x0000000c   Code   RO         1041    i.FLASH_ClearFlag   stm32f10x_flash.o
    0x08000c3c   0x08000c3c   0x0000004c   Code   RO         1046    i.FLASH_ErasePage   stm32f10x_flash.o
    0x08000c88   0x08000c88   0x00000034   Code   RO         1047    i.FLASH_GetBank1Status  stm32f10x_flash.o
    0x08000cbc   0x08000cbc   0x00000014   Code   RO         1056    i.FLASH_Lock        stm32f10x_flash.o
    0x08000cd0   0x08000cd0   0x00000040   Code   RO         1059    i.FLASH_ProgramHalfWord  stm32f10x_flash.o
    0x08000d10   0x08000d10   0x00000006   Code   RO         3941    i.FLASH_R           flash.o
    0x08000d16   0x08000d16   0x00000002   PAD
    0x08000d18   0x08000d18   0x00000018   Code   RO         1064    i.FLASH_Unlock      stm32f10x_flash.o
    0x08000d30   0x08000d30   0x00000034   Code   RO         3942    i.FLASH_W           flash.o
    0x08000d64   0x08000d64   0x00000026   Code   RO         1068    i.FLASH_WaitForLastOperation  stm32f10x_flash.o
    0x08000d8a   0x08000d8a   0x0000000c   Code   RO         3812    i.GENERAL_TIM_Init  tim3.o
    0x08000d96   0x08000d96   0x00000002   PAD
    0x08000d98   0x08000d98   0x00000050   Code   RO         3813    i.GENERAL_TIM_Mode_Config  tim3.o
    0x08000de8   0x08000de8   0x00000022   Code   RO         3814    i.GENERAL_TIM_NVIC_Config  tim3.o
    0x08000e0a   0x08000e0a   0x00000112   Code   RO         1347    i.GPIO_Init         stm32f10x_gpio.o
    0x08000f1c   0x08000f1c   0x00000012   Code   RO         1351    i.GPIO_ReadInputDataBit  stm32f10x_gpio.o
    0x08000f2e   0x08000f2e   0x00000004   Code   RO         1354    i.GPIO_ResetBits    stm32f10x_gpio.o
    0x08000f32   0x08000f32   0x00000004   Code   RO         1355    i.GPIO_SetBits      stm32f10x_gpio.o
    0x08000f36   0x08000f36   0x0000000a   Code   RO         1358    i.GPIO_WriteBit     stm32f10x_gpio.o
    0x08000f40   0x08000f40   0x0000002c   Code   RO         3650    i.HC_SR04_Deboanle  hc_sr04.o
    0x08000f6c   0x08000f6c   0x00000020   Code   RO         3651    i.HC_SR04_Delay100msRanging  hc_sr04.o
    0x08000f8c   0x08000f8c   0x000000bc   Code   RO         3652    i.HC_SR04_Init      hc_sr04.o
    0x08001048   0x08001048   0x000000d8   Code   RO         3653    i.HC_SR04_Ranging   hc_sr04.o
    0x08001120   0x08001120   0x00000038   Code   RO         3626    i.HC_SR501_Init     hc_sr501.o
    0x08001158   0x08001158   0x00000018   Code   RO         3627    i.HC_SR501_Input    hc_sr501.o
    0x08001170   0x08001170   0x00000004   Code   RO         3337    i.HardFault_Handler  stm32f10x_it.o
    0x08001174   0x08001174   0x00000010   Code   RO         1665    i.IWDG_Enable       stm32f10x_iwdg.o
    0x08001184   0x08001184   0x00000074   Code   RO         3962    i.IWDG_Init         iwdg.o
    0x080011f8   0x080011f8   0x00000010   Code   RO         1667    i.IWDG_ReloadCounter  stm32f10x_iwdg.o
    0x08001208   0x08001208   0x0000000c   Code   RO         1668    i.IWDG_SetPrescaler  stm32f10x_iwdg.o
    0x08001214   0x08001214   0x0000000c   Code   RO         1669    i.IWDG_SetReload    stm32f10x_iwdg.o
    0x08001220   0x08001220   0x0000000c   Code   RO         1670    i.IWDG_WriteAccessCmd  stm32f10x_iwdg.o
    0x0800122c   0x0800122c   0x0000002c   Code   RO         3602    i.Key_Init          key.o
    0x08001258   0x08001258   0x000002b0   Code   RO         3603    i.Key_scan          key.o
    0x08001508   0x08001508   0x0000000c   Code   RO         3398    i.LDR_ADC_Read      ldr.o
    0x08001514   0x08001514   0x00000026   Code   RO         3399    i.LDR_Average_Data  ldr.o
    0x0800153a   0x0800153a   0x00000002   PAD
    0x0800153c   0x0800153c   0x0000002c   Code   RO         3400    i.LDR_Init          ldr.o
    0x08001568   0x08001568   0x00000098   Code   RO         3401    i.LDR_LuxData       ldr.o
    0x08001600   0x08001600   0x00000004   Code   RO         3338    i.MemManage_Handler  stm32f10x_it.o
    0x08001604   0x08001604   0x00000072   Code   RO         3911    i.MyRTC_Init        myrtc.o
    0x08001676   0x08001676   0x00000002   PAD
    0x08001678   0x08001678   0x00000048   Code   RO         3912    i.MyRTC_ReadTime    myrtc.o
    0x080016c0   0x080016c0   0x0000004c   Code   RO         3913    i.MyRTC_SetTime     myrtc.o
    0x0800170c   0x0800170c   0x00000002   Code   RO         3339    i.NMI_Handler       stm32f10x_it.o
    0x0800170e   0x0800170e   0x00000002   PAD
    0x08001710   0x08001710   0x00000074   Code   RO          137    i.NVIC_Init         misc.o
    0x08001784   0x08001784   0x00000014   Code   RO          138    i.NVIC_PriorityGroupConfig  misc.o
    0x08001798   0x08001798   0x0000002a   Code   RO         3431    i.OLED_Clear        oled.o
    0x080017c2   0x080017c2   0x00000002   PAD
    0x080017c4   0x080017c4   0x00000040   Code   RO         3432    i.OLED_I2C_Init     oled.o
    0x08001804   0x08001804   0x00000054   Code   RO         3433    i.OLED_I2C_SendByte  oled.o
    0x08001858   0x08001858   0x00000034   Code   RO         3434    i.OLED_I2C_Start    oled.o
    0x0800188c   0x0800188c   0x00000028   Code   RO         3435    i.OLED_I2C_Stop     oled.o
    0x080018b4   0x080018b4   0x000000ae   Code   RO         3436    i.OLED_Init         oled.o
    0x08001962   0x08001962   0x00000002   PAD
    0x08001964   0x08001964   0x000000b8   Code   RO         3196    i.OLED_Menu         main.o
    0x08001a1c   0x08001a1c   0x000000f4   Code   RO         3197    i.OLED_Menu_SensorData  main.o
    0x08001b10   0x08001b10   0x00000096   Code   RO         3198    i.OLED_Option       main.o
    0x08001ba6   0x08001ba6   0x00000014   Code   RO         3437    i.OLED_Pow          oled.o
    0x08001bba   0x08001bba   0x00000022   Code   RO         3438    i.OLED_SetCursor    oled.o
    0x08001bdc   0x08001bdc   0x00000104   Code   RO         3199    i.OLED_SetInterfacevoid  main.o
    0x08001ce0   0x08001ce0   0x00000074   Code   RO         3440    i.OLED_ShowChar     oled.o
    0x08001d54   0x08001d54   0x0000006c   Code   RO         3441    i.OLED_ShowChinese  oled.o
    0x08001dc0   0x08001dc0   0x00000044   Code   RO         3443    i.OLED_ShowNum      oled.o
    0x08001e04   0x08001e04   0x00000028   Code   RO         3445    i.OLED_ShowString   oled.o
    0x08001e2c   0x08001e2c   0x00000080   Code   RO         3200    i.OLED_ThresholdTime  main.o
    0x08001eac   0x08001eac   0x00000078   Code   RO         3201    i.OLED_Time_Option  main.o
    0x08001f24   0x08001f24   0x00000020   Code   RO         3446    i.OLED_WriteCommand  oled.o
    0x08001f44   0x08001f44   0x00000020   Code   RO         3447    i.OLED_WriteData    oled.o
    0x08001f64   0x08001f64   0x00000094   Code   RO         3768    i.PWM_Init          pwm.o
    0x08001ff8   0x08001ff8   0x0000000c   Code   RO         1710    i.PWR_BackupAccessCmd  stm32f10x_pwr.o
    0x08002004   0x08002004   0x00000002   Code   RO         3340    i.PendSV_Handler    stm32f10x_it.o
    0x08002006   0x08002006   0x00000002   PAD
    0x08002008   0x08002008   0x00000018   Code   RO         1773    i.RCC_ADCCLKConfig  stm32f10x_rcc.o
    0x08002020   0x08002020   0x00000020   Code   RO         1775    i.RCC_APB1PeriphClockCmd  stm32f10x_rcc.o
    0x08002040   0x08002040   0x00000020   Code   RO         1776    i.RCC_APB1PeriphResetCmd  stm32f10x_rcc.o
    0x08002060   0x08002060   0x00000020   Code   RO         1777    i.RCC_APB2PeriphClockCmd  stm32f10x_rcc.o
    0x08002080   0x08002080   0x00000020   Code   RO         1778    i.RCC_APB2PeriphResetCmd  stm32f10x_rcc.o
    0x080020a0   0x080020a0   0x00000014   Code   RO         1781    i.RCC_ClearFlag     stm32f10x_rcc.o
    0x080020b4   0x080020b4   0x000000d4   Code   RO         1785    i.RCC_GetClocksFreq  stm32f10x_rcc.o
    0x08002188   0x08002188   0x0000003c   Code   RO         1786    i.RCC_GetFlagStatus  stm32f10x_rcc.o
    0x080021c4   0x080021c4   0x00000034   Code   RO         1793    i.RCC_LSEConfig     stm32f10x_rcc.o
    0x080021f8   0x080021f8   0x0000000c   Code   RO         1794    i.RCC_LSICmd        stm32f10x_rcc.o
    0x08002204   0x08002204   0x0000000c   Code   RO         1800    i.RCC_RTCCLKCmd     stm32f10x_rcc.o
    0x08002210   0x08002210   0x00000010   Code   RO         1801    i.RCC_RTCCLKConfig  stm32f10x_rcc.o
    0x08002220   0x08002220   0x00000014   Code   RO         1978    i.RTC_EnterConfigMode  stm32f10x_rtc.o
    0x08002234   0x08002234   0x00000014   Code   RO         1979    i.RTC_ExitConfigMode  stm32f10x_rtc.o
    0x08002248   0x08002248   0x00000014   Code   RO         1980    i.RTC_GetCounter    stm32f10x_rtc.o
    0x0800225c   0x0800225c   0x0000001c   Code   RO         1986    i.RTC_SetCounter    stm32f10x_rtc.o
    0x08002278   0x08002278   0x00000020   Code   RO         1987    i.RTC_SetPrescaler  stm32f10x_rtc.o
    0x08002298   0x08002298   0x00000014   Code   RO         1988    i.RTC_WaitForLastTask  stm32f10x_rtc.o
    0x080022ac   0x080022ac   0x00000020   Code   RO         1989    i.RTC_WaitForSynchro  stm32f10x_rtc.o
    0x080022cc   0x080022cc   0x00000002   Code   RO         3341    i.SVC_Handler       stm32f10x_it.o
    0x080022ce   0x080022ce   0x00000002   PAD
    0x080022d0   0x080022d0   0x00000034   Code   RO         3202    i.SetSelection      main.o
    0x08002304   0x08002304   0x00000008   Code   RO           24    i.SetSysClock       system_stm32f10x.o
    0x0800230c   0x0800230c   0x000000dc   Code   RO           25    i.SetSysClockTo72   system_stm32f10x.o
    0x080023e8   0x080023e8   0x00000002   Code   RO         3342    i.SysTick_Handler   stm32f10x_it.o
    0x080023ea   0x080023ea   0x00000002   PAD
    0x080023ec   0x080023ec   0x00000060   Code   RO           27    i.SystemInit        system_stm32f10x.o
    0x0800244c   0x0800244c   0x000000b8   Code   RO         3783    i.TIM2_IRQHandler   tim2.o
    0x08002504   0x08002504   0x0000001c   Code   RO         3815    i.TIM3_IRQHandler   tim3.o
    0x08002520   0x08002520   0x00000028   Code   RO         3654    i.TIM4_IRQHandler   hc_sr04.o
    0x08002548   0x08002548   0x00000006   Code   RO         2415    i.TIM_ClearFlag     stm32f10x_tim.o
    0x0800254e   0x0800254e   0x00000006   Code   RO         2416    i.TIM_ClearITPendingBit  stm32f10x_tim.o
    0x08002554   0x08002554   0x00000018   Code   RO         2421    i.TIM_Cmd           stm32f10x_tim.o
    0x0800256c   0x0800256c   0x0000001e   Code   RO         2423    i.TIM_CtrlPWMOutputs  stm32f10x_tim.o
    0x0800258a   0x0800258a   0x00000002   PAD
    0x0800258c   0x0800258c   0x000001e8   Code   RO         2426    i.TIM_DeInit        stm32f10x_tim.o
    0x08002774   0x08002774   0x00000006   Code   RO         2440    i.TIM_GetCounter    stm32f10x_tim.o
    0x0800277a   0x0800277a   0x00000022   Code   RO         2442    i.TIM_GetITStatus   stm32f10x_tim.o
    0x0800279c   0x0800279c   0x00000012   Code   RO         2446    i.TIM_ITConfig      stm32f10x_tim.o
    0x080027ae   0x080027ae   0x00000002   PAD
    0x080027b0   0x080027b0   0x00000098   Code   RO         2450    i.TIM_OC1Init       stm32f10x_tim.o
    0x08002848   0x08002848   0x00000004   Code   RO         2486    i.TIM_SetCounter    stm32f10x_tim.o
    0x0800284c   0x0800284c   0x000000a4   Code   RO         2492    i.TIM_TimeBaseInit  stm32f10x_tim.o
    0x080028f0   0x080028f0   0x00000138   Code   RO         3203    i.ThresholdModification  main.o
    0x08002a28   0x08002a28   0x0000010c   Code   RO         3204    i.TimeModification  main.o
    0x08002b34   0x08002b34   0x0000005e   Code   RO         3784    i.Timer2_Init       tim2.o
    0x08002b92   0x08002b92   0x00000002   PAD
    0x08002b94   0x08002b94   0x00000088   Code   RO         3843    i.USART1_IRQHandler  usart.o
    0x08002c1c   0x08002c1c   0x00000088   Code   RO         3844    i.USART2_IRQHandler  usart.o
    0x08002ca4   0x08002ca4   0x00000018   Code   RO         2960    i.USART_Cmd         stm32f10x_usart.o
    0x08002cbc   0x08002cbc   0x00000054   Code   RO         2964    i.USART_GetITStatus  stm32f10x_usart.o
    0x08002d10   0x08002d10   0x0000004a   Code   RO         2966    i.USART_ITConfig    stm32f10x_usart.o
    0x08002d5a   0x08002d5a   0x00000002   PAD
    0x08002d5c   0x08002d5c   0x000000d8   Code   RO         2967    i.USART_Init        stm32f10x_usart.o
    0x08002e34   0x08002e34   0x0000000a   Code   RO         2974    i.USART_ReceiveData  stm32f10x_usart.o
    0x08002e3e   0x08002e3e   0x00000002   PAD
    0x08002e40   0x08002e40   0x000000a4   Code   RO         3845    i.Uart1_Init        usart.o
    0x08002ee4   0x08002ee4   0x000000a4   Code   RO         3846    i.Uart2_Init        usart.o
    0x08002f88   0x08002f88   0x00000004   Code   RO         3343    i.UsageFault_Handler  stm32f10x_it.o
    0x08002f8c   0x08002f8c   0x00000028   Code   RO         4263    i.__ARM_fpclassify  m_ws.l(fpclassify.o)
    0x08002fb4   0x08002fb4   0x000000aa   Code   RO         4265    i.__kernel_poly     m_ws.l(poly.o)
    0x0800305e   0x0800305e   0x00000002   PAD
    0x08003060   0x08003060   0x00000010   Code   RO         4261    i.__mathlib_dbl_underflow  m_ws.l(dunder.o)
    0x08003070   0x08003070   0x0000000e   Code   RO         4083    i._is_digit         c_w.l(__printf_wp.o)
    0x0800307e   0x0800307e   0x00000004   Code   RO         3847    i._sys_exit         usart.o
    0x08003082   0x08003082   0x00000002   PAD
    0x08003084   0x08003084   0x0000001c   Code   RO         3848    i.fputc             usart.o
    0x080030a0   0x080030a0   0x00000150   Code   RO         3205    i.main              main.o
    0x080031f0   0x080031f0   0x000009e0   Code   RO         4143    i.pow               m_ws.l(pow.o)
    0x08003bd0   0x08003bd0   0x00000028   Code   RO         3206    i.sensorScan        main.o
    0x08003bf8   0x08003bf8   0x0000004c   Code   RO         4269    i.sqrt              m_ws.l(sqrt.o)
    0x08003c44   0x08003c44   0x00000150   Code   RO         4230    x$fpl$dadd          fz_ws.l(daddsub_clz.o)
    0x08003d94   0x08003d94   0x00000010   Code   RO         4317    x$fpl$dcheck1       fz_ws.l(dcheck1.o)
    0x08003da4   0x08003da4   0x00000018   Code   RO         4373    x$fpl$dcmpinf       fz_ws.l(dcmpi.o)
    0x08003dbc   0x08003dbc   0x000002b0   Code   RO         4237    x$fpl$ddiv          fz_ws.l(ddiv.o)
    0x0800406c   0x0800406c   0x0000005a   Code   RO         4110    x$fpl$dfixu         fz_ws.l(dfixu.o)
    0x080040c6   0x080040c6   0x0000002e   Code   RO         4115    x$fpl$dflt          fz_ws.l(dflt_clz.o)
    0x080040f4   0x080040f4   0x00000026   Code   RO         4114    x$fpl$dfltu         fz_ws.l(dflt_clz.o)
    0x0800411a   0x0800411a   0x00000002   PAD
    0x0800411c   0x0800411c   0x00000078   Code   RO         4319    x$fpl$dleqf         fz_ws.l(dleqf.o)
    0x08004194   0x08004194   0x00000154   Code   RO         4120    x$fpl$dmul          fz_ws.l(dmul.o)
    0x080042e8   0x080042e8   0x0000009c   Code   RO         4240    x$fpl$dnaninf       fz_ws.l(dnaninf.o)
    0x08004384   0x08004384   0x0000000c   Code   RO         4242    x$fpl$dretinf       fz_ws.l(dretinf.o)
    0x08004390   0x08004390   0x0000006c   Code   RO         4244    x$fpl$drleqf        fz_ws.l(drleqf.o)
    0x080043fc   0x080043fc   0x00000016   Code   RO         4231    x$fpl$drsb          fz_ws.l(daddsub_clz.o)
    0x08004412   0x08004412   0x00000002   PAD
    0x08004414   0x08004414   0x000001cc   Code   RO         4321    x$fpl$dsqrt         fz_ws.l(dsqrt_noumaal.o)
    0x080045e0   0x080045e0   0x000001d4   Code   RO         4232    x$fpl$dsub          fz_ws.l(daddsub_clz.o)
    0x080047b4   0x080047b4   0x00000056   Code   RO         4122    x$fpl$f2d           fz_ws.l(f2d.o)
    0x0800480a   0x0800480a   0x00000002   PAD
    0x0800480c   0x0800480c   0x000000c4   Code   RO         4124    x$fpl$fadd          fz_ws.l(faddsub_clz.o)
    0x080048d0   0x080048d0   0x00000184   Code   RO         4131    x$fpl$fdiv          fz_ws.l(fdiv.o)
    0x08004a54   0x08004a54   0x00000026   Code   RO         4134    x$fpl$ffltu         fz_ws.l(fflt_clz.o)
    0x08004a7a   0x08004a7a   0x00000002   PAD
    0x08004a7c   0x08004a7c   0x00000102   Code   RO         4140    x$fpl$fmul          fz_ws.l(fmul.o)
    0x08004b7e   0x08004b7e   0x0000008c   Code   RO         4246    x$fpl$fnaninf       fz_ws.l(fnaninf.o)
    0x08004c0a   0x08004c0a   0x0000000a   Code   RO         4248    x$fpl$fretinf       fz_ws.l(fretinf.o)
    0x08004c14   0x08004c14   0x000000ea   Code   RO         4126    x$fpl$fsub          fz_ws.l(faddsub_clz.o)
    0x08004cfe   0x08004cfe   0x00000064   Code   RO         4377    x$fpl$retnan        fz_ws.l(retnan.o)
    0x08004d62   0x08004d62   0x0000005c   Code   RO         4258    x$fpl$scalbn        fz_ws.l(scalbn.o)
    0x08004dbe   0x08004dbe   0x00000030   Code   RO         4429    x$fpl$trapveneer    fz_ws.l(trapv.o)
    0x08004dee   0x08004dee   0x00000000   Code   RO         4260    x$fpl$usenofp       fz_ws.l(usenofp.o)
    0x08004dee   0x08004dee   0x00000a30   Data   RO         3448    .constdata          oled.o
    0x0800581e   0x0800581e   0x00000011   Data   RO         4091    .constdata          c_w.l(__printf_flags_ss_wp.o)
    0x0800582f   0x0800582f   0x00000001   PAD
    0x08005830   0x08005830   0x00000088   Data   RO         4144    .constdata          m_ws.l(pow.o)
    0x080058b8   0x080058b8   0x0000000c   Data   RO         4227    .constdata          c_w.l(_monlen.o)
    0x080058c4   0x080058c4   0x00000004   PAD
    0x080058c8   0x080058c8   0x00000008   Data   RO         4267    .constdata          m_ws.l(qnan.o)
    0x080058d0   0x080058d0   0x00000020   Data   RO         4503    Region$$Table       anon$$obj.o


    Execution Region RW_IRAM1 (Exec base: 0x20000000, Load base: 0x080058f0, Size: 0x00000c78, Max: 0x00005000, ABSOLUTE)

    Exec Addr    Load Addr    Size         Type   Attr      Idx    E Section Name        Object

    0x20000000   0x080058f0   0x00000014   Data   RW         1805    .data               stm32f10x_rcc.o
    0x20000014   0x08005904   0x00000013   Data   RW         3207    .data               main.o
    0x20000027   0x08005917   0x00000001   Data   RW         3554    .data               dht11.o
    0x20000028   0x08005918   0x0000001a   Data   RW         3604    .data               key.o
    0x20000042   0x08005932   0x00000002   PAD
    0x20000044   0x08005934   0x0000000e   Data   RW         3656    .data               hc_sr04.o
    0x20000052   0x08005942   0x00000001   Data   RW         3696    .data               buzzer.o
    0x20000053   0x08005943   0x00000001   PAD
    0x20000054   0x08005944   0x00000008   Data   RW         3785    .data               tim2.o
    0x2000005c   0x0800594c   0x00000008   Data   RW         3851    .data               usart.o
    0x20000064   0x08005954   0x0000000c   Data   RW         3914    .data               myrtc.o
    0x20000070        -       0x00000578   Zero   RW         3850    .bss                usart.o
    0x200005e8        -       0x0000002c   Zero   RW         4102    .bss                c_w.l(localtime.o)
    0x20000614        -       0x00000060   Zero   RW         4324    .bss                c_w.l(libspace.o)
    0x20000674   0x08005960   0x00000004   PAD
    0x20000678        -       0x00000200   Zero   RW            2    HEAP                startup_stm32f10x_md.o
    0x20000878        -       0x00000400   Zero   RW            1    STACK               startup_stm32f10x_md.o


==============================================================================

Image component sizes


      Code (inc. data)   RO Data    RW Data    ZI Data      Debug   Object Name

       160          8          0          0          0       1003   adcx.o
        56         20          0          1          0        955   buzzer.o
         0          0          0          0          0       4224   core_cm3.o
        68          0          0          0          0        822   delay.o
       486         26          0          1          0       3352   dht11.o
        58          0          0          0          0        928   flash.o
       520         52          0         14          0       3752   hc_sr04.o
        80         12          0          0          0       1113   hc_sr501.o
       116         38          0          0          0        424   iwdg.o
       732         78          0         26          0       2083   key.o
       246         26          0          0          0       2103   ldr.o
      2094        138          0         19          0       6852   main.o
       136         24          0          0          0     213495   misc.o
       262         10          0         12          0       2715   myrtc.o
       906         30       2608          0          0       7329   oled.o
       148          4          0          0          0        623   pwm.o
        64         26        236          0       1536        776   startup_stm32f10x_md.o
       394         10          0          0          0      17629   stm32f10x_adc.o
        56         10          0          0          0       1935   stm32f10x_bkp.o
       286         36          0          0          0       9600   stm32f10x_flash.o
       310          0          0          0          0      11996   stm32f10x_gpio.o
        26          0          0          0          0       3334   stm32f10x_it.o
        68         30          0          0          0       2070   stm32f10x_iwdg.o
        12          6          0          0          0        430   stm32f10x_pwr.o
       536         84          0         20          0      16819   stm32f10x_rcc.o
       172         34          0          0          0       2939   stm32f10x_rtc.o
       932        126          0          0          0      26480   stm32f10x_tim.o
       408          6          0          0          0      10410   stm32f10x_usart.o
       324         26          0          0          0      44853   system_stm32f10x.o
       278         18          0          8          0       1298   tim2.o
       154         12          0          0          0       1605   tim3.o
       632         50          0          8       1400       5524   usart.o

    ----------------------------------------------------------------------
     10758        940       2876        112       2936     409471   Object Totals
         0          0         32          0          0          0   (incl. Generated)
        38          0          0          3          0          0   (incl. Padding)

    ----------------------------------------------------------------------

      Code (inc. data)   RO Data    RW Data    ZI Data      Debug   Library Member Name

        24          4          0          0          0         84   __2printf.o
         8          0          0          0          0         68   __main.o
       396          6         17          0          0         92   __printf_flags_ss_wp.o
        14          0          0          0          0         68   __printf_wp.o
        52          8          0          0          0          0   __scatter.o
        26          0          0          0          0          0   __scatter_copy.o
        28          0          0          0          0          0   __scatter_zi.o
         0          0         12          0          0          0   _monlen.o
        48          6          0          0          0         96   _printf_char_common.o
        36          4          0          0          0         80   _printf_char_file.o
         0          0          0          0          0          0   _printf_percent.o
         4          0          0          0          0          0   _printf_percent_end.o
        22          0          0          0          0        100   _rserrno.o
        12          0          0          0          0         72   exit.o
         8          0          0          0          0         68   ferror.o
         6          0          0          0          0        152   heapauxi.o
         2          0          0          0          0          0   libinit.o
         2          0          0          0          0          0   libinit2.o
         2          0          0          0          0          0   libshutdown.o
         2          0          0          0          0          0   libshutdown2.o
         8          4          0          0         96         68   libspace.o
        12          6          0          0         44         68   localtime.o
       164          6          0          0          0         80   localtime_internal.o
       420          8          0          0          0        128   mktime.o
         8          4          0          0          0         68   rt_errno_addr_intlibspace.o
        78          0          0          0          0         80   rt_memclr_w.o
       100          0          0          0          0         80   rt_memcpy_w.o
         0          0          0          0          0          0   rtentry.o
        12          0          0          0          0          0   rtentry2.o
         6          0          0          0          0          0   rtentry4.o
         2          0          0          0          0          0   rtexit.o
        10          0          0          0          0          0   rtexit2.o
        74          0          0          0          0         80   sys_stackheap_outer.o
         2          0          0          0          0         68   use_no_semi.o
         2          0          0          0          0         68   use_no_semi_2.o
       826         16          0          0          0        348   daddsub_clz.o
        16          4          0          0          0         68   dcheck1.o
        24          0          0          0          0         68   dcmpi.o
       688        140          0          0          0        208   ddiv.o
        90          4          0          0          0         92   dfixu.o
        84          0          0          0          0        136   dflt_clz.o
       120          4          0          0          0         92   dleqf.o
       340         12          0          0          0        104   dmul.o
       156          4          0          0          0         92   dnaninf.o
        12          0          0          0          0         68   dretinf.o
       108          0          0          0          0         80   drleqf.o
       460         56          0          0          0        120   dsqrt_noumaal.o
        86          4          0          0          0         84   f2d.o
       430          8          0          0          0        168   faddsub_clz.o
       388         76          0          0          0         96   fdiv.o
        38          0          0          0          0         68   fflt_clz.o
       258          4          0          0          0         84   fmul.o
       140          4          0          0          0         84   fnaninf.o
        10          0          0          0          0         68   fretinf.o
       100          0          0          0          0         68   retnan.o
        92          0          0          0          0         68   scalbn.o
        48          0          0          0          0         68   trapv.o
         0          0          0          0          0          0   usenofp.o
        16          6          0          0          0         68   dunder.o
        40          0          0          0          0         68   fpclassify.o
       170          0          0          0          0         96   poly.o
      2528        190        136          0          0        332   pow.o
         0          0          8          0          0          0   qnan.o
        76          0          0          0          0         84   sqrt.o

    ----------------------------------------------------------------------
      8956        588        178          0        144       4648   Library Totals
        22          0          5          0          4          0   (incl. Padding)

    ----------------------------------------------------------------------

      Code (inc. data)   RO Data    RW Data    ZI Data      Debug   Library Name

      1590         56         29          0        140       1668   c_w.l
      4514        336          0          0          0       2332   fz_ws.l
      2830        196        144          0          0        648   m_ws.l

    ----------------------------------------------------------------------
      8956        588        178          0        144       4648   Library Totals

    ----------------------------------------------------------------------

==============================================================================


      Code (inc. data)   RO Data    RW Data    ZI Data      Debug   

     19714       1528       3054        112       3080     404083   Grand Totals
     19714       1528       3054        112       3080     404083   ELF Image Totals
     19714       1528       3054        112          0          0   ROM Totals

==============================================================================

    Total RO  Size (Code + RO Data)                22768 (  22.23kB)
    Total RW  Size (RW Data + ZI Data)              3192 (   3.12kB)
    Total ROM Size (Code + RO Data + RW Data)      22880 (  22.34kB)

==============================================================================

