ARM Linker, 5.03 [Build 76] [MDK-ARM Standard]

==============================================================================

Section Cross References

    startup_stm32f10x_md.o(STACK) refers (Special) to heapauxi.o(.text) for __use_two_region_memory
    startup_stm32f10x_md.o(HEAP) refers (Special) to heapauxi.o(.text) for __use_two_region_memory
    startup_stm32f10x_md.o(RESET) refers (Special) to heapauxi.o(.text) for __use_two_region_memory
    startup_stm32f10x_md.o(RESET) refers to startup_stm32f10x_md.o(STACK) for __initial_sp
    startup_stm32f10x_md.o(RESET) refers to startup_stm32f10x_md.o(.text) for Reset_Handler
    startup_stm32f10x_md.o(RESET) refers to stm32f10x_it.o(i.NMI_Handler) for NMI_Handler
    startup_stm32f10x_md.o(RESET) refers to stm32f10x_it.o(i.HardFault_Handler) for HardFault_Handler
    startup_stm32f10x_md.o(RESET) refers to stm32f10x_it.o(i.MemManage_Handler) for MemManage_Handler
    startup_stm32f10x_md.o(RESET) refers to stm32f10x_it.o(i.BusFault_Handler) for BusFault_Handler
    startup_stm32f10x_md.o(RESET) refers to stm32f10x_it.o(i.UsageFault_Handler) for UsageFault_Handler
    startup_stm32f10x_md.o(RESET) refers to stm32f10x_it.o(i.SVC_Handler) for SVC_Handler
    startup_stm32f10x_md.o(RESET) refers to stm32f10x_it.o(i.DebugMon_Handler) for DebugMon_Handler
    startup_stm32f10x_md.o(RESET) refers to stm32f10x_it.o(i.PendSV_Handler) for PendSV_Handler
    startup_stm32f10x_md.o(RESET) refers to stm32f10x_it.o(i.SysTick_Handler) for SysTick_Handler
    startup_stm32f10x_md.o(RESET) refers to tim2.o(i.TIM2_IRQHandler) for TIM2_IRQHandler
    startup_stm32f10x_md.o(RESET) refers to tim3.o(i.TIM3_IRQHandler) for TIM3_IRQHandler
    startup_stm32f10x_md.o(RESET) refers to hc_sr04.o(i.TIM4_IRQHandler) for TIM4_IRQHandler
    startup_stm32f10x_md.o(RESET) refers to usart.o(i.USART1_IRQHandler) for USART1_IRQHandler
    startup_stm32f10x_md.o(RESET) refers to usart.o(i.USART2_IRQHandler) for USART2_IRQHandler
    startup_stm32f10x_md.o(.text) refers (Special) to heapauxi.o(.text) for __use_two_region_memory
    startup_stm32f10x_md.o(.text) refers to system_stm32f10x.o(i.SystemInit) for SystemInit
    startup_stm32f10x_md.o(.text) refers to __main.o(!!!main) for __main
    startup_stm32f10x_md.o(.text) refers to startup_stm32f10x_md.o(HEAP) for Heap_Mem
    startup_stm32f10x_md.o(.text) refers to startup_stm32f10x_md.o(STACK) for Stack_Mem
    system_stm32f10x.o(i.SetSysClock) refers to system_stm32f10x.o(i.SetSysClockTo72) for SetSysClockTo72
    system_stm32f10x.o(i.SystemCoreClockUpdate) refers to system_stm32f10x.o(.data) for SystemCoreClock
    system_stm32f10x.o(i.SystemInit) refers to system_stm32f10x.o(i.SetSysClock) for SetSysClock
    stm32f10x_adc.o(i.ADC_DeInit) refers to stm32f10x_rcc.o(i.RCC_APB2PeriphResetCmd) for RCC_APB2PeriphResetCmd
    stm32f10x_bkp.o(i.BKP_DeInit) refers to stm32f10x_rcc.o(i.RCC_BackupResetCmd) for RCC_BackupResetCmd
    stm32f10x_can.o(i.CAN_DeInit) refers to stm32f10x_rcc.o(i.RCC_APB1PeriphResetCmd) for RCC_APB1PeriphResetCmd
    stm32f10x_can.o(i.CAN_GetITStatus) refers to stm32f10x_can.o(i.CheckITStatus) for CheckITStatus
    stm32f10x_cec.o(i.CEC_DeInit) refers to stm32f10x_rcc.o(i.RCC_APB1PeriphResetCmd) for RCC_APB1PeriphResetCmd
    stm32f10x_dac.o(i.DAC_DeInit) refers to stm32f10x_rcc.o(i.RCC_APB1PeriphResetCmd) for RCC_APB1PeriphResetCmd
    stm32f10x_flash.o(i.FLASH_EnableWriteProtection) refers to stm32f10x_flash.o(i.FLASH_WaitForLastOperation) for FLASH_WaitForLastOperation
    stm32f10x_flash.o(i.FLASH_EraseAllBank1Pages) refers to stm32f10x_flash.o(i.FLASH_WaitForLastBank1Operation) for FLASH_WaitForLastBank1Operation
    stm32f10x_flash.o(i.FLASH_EraseAllPages) refers to stm32f10x_flash.o(i.FLASH_WaitForLastOperation) for FLASH_WaitForLastOperation
    stm32f10x_flash.o(i.FLASH_EraseOptionBytes) refers to stm32f10x_flash.o(i.FLASH_GetReadOutProtectionStatus) for FLASH_GetReadOutProtectionStatus
    stm32f10x_flash.o(i.FLASH_EraseOptionBytes) refers to stm32f10x_flash.o(i.FLASH_WaitForLastOperation) for FLASH_WaitForLastOperation
    stm32f10x_flash.o(i.FLASH_ErasePage) refers to stm32f10x_flash.o(i.FLASH_WaitForLastOperation) for FLASH_WaitForLastOperation
    stm32f10x_flash.o(i.FLASH_ProgramHalfWord) refers to stm32f10x_flash.o(i.FLASH_WaitForLastOperation) for FLASH_WaitForLastOperation
    stm32f10x_flash.o(i.FLASH_ProgramOptionByteData) refers to stm32f10x_flash.o(i.FLASH_WaitForLastOperation) for FLASH_WaitForLastOperation
    stm32f10x_flash.o(i.FLASH_ProgramWord) refers to stm32f10x_flash.o(i.FLASH_WaitForLastOperation) for FLASH_WaitForLastOperation
    stm32f10x_flash.o(i.FLASH_ReadOutProtection) refers to stm32f10x_flash.o(i.FLASH_WaitForLastOperation) for FLASH_WaitForLastOperation
    stm32f10x_flash.o(i.FLASH_UserOptionByteConfig) refers to stm32f10x_flash.o(i.FLASH_WaitForLastOperation) for FLASH_WaitForLastOperation
[...]
    _handle_redirection                       - Undefined Weak Reference
    _initio                                   - Undefined Weak Reference
    _mutex_acquire                            - Undefined Weak Reference
    _mutex_free                               - Undefined Weak Reference
    _mutex_release                            - Undefined Weak Reference
    _printf_truncate_signed                   - Undefined Weak Reference
    _printf_truncate_unsigned                 - Undefined Weak Reference
    _rand_init                                - Undefined Weak Reference
    _signal_finish                            - Undefined Weak Reference
    _signal_init                              - Undefined Weak Reference
    _terminateio                              - Undefined Weak Reference
    __Vectors_Size                           0x000000ec   Number         0  startup_stm32f10x_md.o ABSOLUTE
    __Vectors                                0x08000000   Data           4  startup_stm32f10x_md.o(RESET)
    __Vectors_End                            0x080000ec   Data           0  startup_stm32f10x_md.o(RESET)
    __main                                   0x080000ed   Thumb Code     8  __main.o(!!!main)
    __scatterload                            0x080000f5   Thumb Code     0  __scatter.o(!!!scatter)
    __scatterload_rt2                        0x080000f5   Thumb Code    44  __scatter.o(!!!scatter)
    __scatterload_rt2_thumb_only             0x080000f5   Thumb Code     0  __scatter.o(!!!scatter)
    __scatterload_null                       0x08000103   Thumb Code     0  __scatter.o(!!!scatter)
    __scatterload_copy                       0x08000129   Thumb Code    26  __scatter_copy.o(!!handler_copy)
    __scatterload_zeroinit                   0x08000145   Thumb Code    28  __scatter_zi.o(!!handler_zi)
    _printf_d                                0x08000161   Thumb Code     0  _printf_d.o(.ARM.Collect$$_printf_percent$$00000009)
    _printf_percent                          0x08000161   Thumb Code     0  _printf_percent.o(.ARM.Collect$$_printf_percent$$00000000)
    _printf_x                                0x08000167   Thumb Code     0  _printf_x.o(.ARM.Collect$$_printf_percent$$0000000C)
    _printf_percent_end                      0x0800016d   Thumb Code     0  _printf_percent_end.o(.ARM.Collect$$_printf_percent$$00000017)
    __rt_lib_init                            0x08000171   Thumb Code     0  libinit.o(.ARM.Collect$$libinit$$00000000)
    __rt_lib_init_alloca_1                   0x08000173   Thumb Code     0  libinit2.o(.ARM.Collect$$libinit$$0000002C)
    __rt_lib_init_argv_1                     0x08000173   Thumb Code     0  libinit2.o(.ARM.Collect$$libinit$$0000002A)
    __rt_lib_init_atexit_1                   0x08000173   Thumb Code     0  libinit2.o(.ARM.Collect$$libinit$$00000019)
    __rt_lib_init_clock_1                    0x08000173   Thumb Code     0  libinit2.o(.ARM.Collect$$libinit$$0000001F)
    __rt_lib_init_cpp_1                      0x08000173   Thumb Code     0  libinit2.o(.ARM.Collect$$libinit$$00000030)
    __rt_lib_init_exceptions_1               0x08000173   Thumb Code     0  libinit2.o(.ARM.Collect$$libinit$$0000002E)
    __rt_lib_init_fp_1                       0x08000173   Thumb Code     0  libinit2.o(.ARM.Collect$$libinit$$00000002)
    __rt_lib_init_fp_trap_1                  0x08000173   Thumb Code     0  libinit2.o(.ARM.Collect$$libinit$$0000001D)
    __rt_lib_init_getenv_1                   0x08000173   Thumb Code     0  libinit2.o(.ARM.Collect$$libinit$$00000021)
    __rt_lib_init_heap_1                     0x08000173   Thumb Code     0  libinit2.o(.ARM.Collect$$libinit$$00000008)
    __rt_lib_init_lc_collate_1               0x08000173   Thumb Code     0  libinit2.o(.ARM.Collect$$libinit$$0000000F)
    __rt_lib_init_lc_ctype_1                 0x08000173   Thumb Code     0  libinit2.o(.ARM.Collect$$libinit$$00000011)
    __rt_lib_init_lc_monetary_1              0x08000173   Thumb Code     0  libinit2.o(.ARM.Collect$$libinit$$00000013)
    __rt_lib_init_lc_numeric_1               0x08000173   Thumb Code     0  libinit2.o(.ARM.Collect$$libinit$$00000015)
    __rt_lib_init_lc_time_1                  0x08000173   Thumb Code     0  libinit2.o(.ARM.Collect$$libinit$$00000017)
    __rt_lib_init_rand_1                     0x08000173   Thumb Code     0  libinit2.o(.ARM.Collect$$libinit$$0000000C)
    __rt_lib_init_return                     0x08000173   Thumb Code     0  libinit2.o(.ARM.Collect$$libinit$$00000031)
    __rt_lib_init_signal_1                   0x08000173   Thumb Code     0  libinit2.o(.ARM.Collect$$libinit$$0000001B)
    __rt_lib_init_stdio_1                    0x08000173   Thumb Code     0  libinit2.o(.ARM.Collect$$libinit$$00000023)
    __rt_lib_init_user_alloc_1               0x08000173   Thumb Code     0  libinit2.o(.ARM.Collect$$libinit$$0000000A)
    __rt_lib_shutdown                        0x08000175   Thumb Code     0  libshutdown.o(.ARM.Collect$$libshutdown$$00000000)
    __rt_lib_shutdown_fp_trap_1              0x08000177   Thumb Code     0  libshutdown2.o(.ARM.Collect$$libshutdown$$00000006)
    __rt_lib_shutdown_heap_1                 0x08000177   Thumb Code     0  libshutdown2.o(.ARM.Collect$$libshutdown$$0000000E)
    __rt_lib_shutdown_return                 0x08000177   Thumb Code     0  libshutdown2.o(.ARM.Collect$$libshutdown$$0000000F)
    __rt_lib_shutdown_signal_1               0x08000177   Thumb Code     0  libshutdown2.o(.ARM.Collect$$libshutdown$$00000009)
    __rt_lib_shutdown_stdio_1                0x08000177   Thumb Code     0  libshutdown2.o(.ARM.Collect$$libshutdown$$00000003)
    __rt_lib_shutdown_user_alloc_1           0x08000177   Thumb Code     0  libshutdown2.o(.ARM.Collect$$libshutdown$$0000000B)
    __rt_entry                               0x08000179   Thumb Code     0  rtentry.o(.ARM.Collect$$rtentry$$00000000)
    __rt_entry_presh_1                       0x08000179   Thumb Code     0  rtentry2.o(.ARM.Collect$$rtentry$$00000002)
    __rt_entry_sh                            0x08000179   Thumb Code     0  rtentry4.o(.ARM.Collect$$rtentry$$00000004)
    __rt_entry_li                            0x0800017f   Thumb Code     0  rtentry2.o(.ARM.Collect$$rtentry$$0000000A)
    __rt_entry_postsh_1                      0x0800017f   Thumb Code     0  rtentry2.o(.ARM.Collect$$rtentry$$00000009)
    __rt_entry_main                          0x08000183   Thumb Code     0  rtentry2.o(.ARM.Collect$$rtentry$$0000000D)
    __rt_entry_postli_1                      0x08000183   Thumb Code     0  rtentry2.o(.ARM.Collect$$rtentry$$0000000C)
    __rt_exit                                0x0800018b   Thumb Code     0  rtexit.o(.ARM.Collect$$rtexit$$00000000)
    __rt_exit_ls                             0x0800018d   Thumb Code     0  rtexit2.o(.ARM.Collect$$rtexit$$00000003)
    __rt_exit_prels_1                        0x0800018d   Thumb Code     0  rtexit2.o(.ARM.Collect$$rtexit$$00000002)
    __rt_exit_exit                           0x08000191   Thumb Code     0  rtexit2.o(.ARM.Collect$$rtexit$$00000004)
    Reset_Handler                            0x08000199   Thumb Code     8  startup_stm32f10x_md.o(.text)
    ADC1_2_IRQHandler                        0x080001b3   Thumb Code     0  startup_stm32f10x_md.o(.text)
    CAN1_RX1_IRQHandler                      0x080001b3   Thumb Code     0  startup_stm32f10x_md.o(.text)
    CAN1_SCE_IRQHandler                      0x080001b3   Thumb Code     0  startup_stm32f10x_md.o(.text)
    DMA1_Channel1_IRQHandler                 0x080001b3   Thumb Code     0  startup_stm32f10x_md.o(.text)
    DMA1_Channel2_IRQHandler                 0x080001b3   Thumb Code     0  startup_stm32f10x_md.o(.text)
    DMA1_Channel3_IRQHandler                 0x080001b3   Thumb Code     0  startup_stm32f10x_md.o(.text)
    DMA1_Channel4_IRQHandler                 0x080001b3   Thumb Code     0  startup_stm32f10x_md.o(.text)
    DMA1_Channel5_IRQHandler                 0x080001b3   Thumb Code     0  startup_stm32f10x_md.o(.text)
    DMA1_Channel6_IRQHandler                 0x080001b3   Thumb Code     0  startup_stm32f10x_md.o(.text)
    DMA1_Channel7_IRQHandler                 0x080001b3   Thumb Code     0  startup_stm32f10x_md.o(.text)
    EXTI0_IRQHandler                         0x080001b3   Thumb Code     0  startup_stm32f10x_md.o(.text)
    EXTI15_10_IRQHandler                     0x080001b3   Thumb Code     0  startup_stm32f10x_md.o(.text)
    EXTI1_IRQHandler                         0x080001b3   Thumb Code     0  startup_stm32f10x_md.o(.text)
    EXTI2_IRQHandler                         0x080001b3   Thumb Code     0  startup_stm32f10x_md.o(.text)
    EXTI3_IRQHandler                         0x080001b3   Thumb Code     0  startup_stm32f10x_md.o(.text)
    EXTI4_IRQHandler                         0x080001b3   Thumb Code     0  startup_stm32f10x_md.o(.text)
    EXTI9_5_IRQHandler                       0x080001b3   Thumb Code     0  startup_stm32f10x_md.o(.text)
    FLASH_IRQHandler                         0x080001b3   Thumb Code     0  startup_stm32f10x_md.o(.text)
    I2C1_ER_IRQHandler                       0x080001b3   Thumb Code     0  startup_stm32f10x_md.o(.text)
    I2C1_EV_IRQHandler                       0x080001b3   Thumb Code     0  startup_stm32f10x_md.o(.text)
    I2C2_ER_IRQHandler                       0x080001b3   Thumb Code     0  startup_stm32f10x_md.o(.text)
    I2C2_EV_IRQHandler                       0x080001b3   Thumb Code     0  startup_stm32f10x_md.o(.text)
    PVD_IRQHandler                           0x080001b3   Thumb Code     0  startup_stm32f10x_md.o(.text)
    RCC_IRQHandler                           0x080001b3   Thumb Code     0  startup_stm32f10x_md.o(.text)
    RTCAlarm_IRQHandler                      0x080001b3   Thumb Code     0  startup_stm32f10x_md.o(.text)
    RTC_IRQHandler                           0x080001b3   Thumb Code     0  startup_stm32f10x_md.o(.text)
    SPI1_IRQHandler                          0x080001b3   Thumb Code     0  startup_stm32f10x_md.o(.text)
    SPI2_IRQHandler                          0x080001b3   Thumb Code     0  startup_stm32f10x_md.o(.text)
    TAMPER_IRQHandler                        0x080001b3   Thumb Code     0  startup_stm32f10x_md.o(.text)
    TIM1_BRK_IRQHandler                      0x080001b3   Thumb Code     0  startup_stm32f10x_md.o(.text)
    TIM1_CC_IRQHandler                       0x080001b3   Thumb Code     0  startup_stm32f10x_md.o(.text)
    TIM1_TRG_COM_IRQHandler                  0x080001b3   Thumb Code     0  startup_stm32f10x_md.o(.text)
    TIM1_UP_IRQHandler                       0x080001b3   Thumb Code     0  startup_stm32f10x_md.o(.text)
    USART3_IRQHandler                        0x080001b3   Thumb Code     0  startup_stm32f10x_md.o(.text)
    USBWakeUp_IRQHandler                     0x080001b3   Thumb Code     0  startup_stm32f10x_md.o(.text)
    USB_HP_CAN1_TX_IRQHandler                0x080001b3   Thumb Code     0  startup_stm32f10x_md.o(.text)
    USB_LP_CAN1_RX0_IRQHandler               0x080001b3   Thumb Code     0  startup_stm32f10x_md.o(.text)
    WWDG_IRQHandler                          0x080001b3   Thumb Code     0  startup_stm32f10x_md.o(.text)
    __user_initial_stackheap                 0x080001b5   Thumb Code     0  startup_stm32f10x_md.o(.text)
    __use_no_semihosting                     0x080001d9   Thumb Code     2  use_no_semi_2.o(.text)
    free                                     0x080001db   Thumb Code    78  h1_free.o(.text)
    __2printf                                0x08000229   Thumb Code    20  noretval__2printf.o(.text)
    _printf_pre_padding                      0x08000241   Thumb Code    46  _printf_pad.o(.text)
    _printf_post_padding                     0x0800026f   Thumb Code    36  _printf_pad.o(.text)
    _printf_int_dec                          0x08000295   Thumb Code   102  _printf_dec.o(.text)
    _printf_int_hex                          0x0800030d   Thumb Code    88  _printf_hex_int.o(.text)
    _printf_longlong_hex                     0x0800030d   Thumb Code     0  _printf_hex_int.o(.text)
    __printf                                 0x08000369   Thumb Code   310  __printf_flags_wp.o(.text)
    __aeabi_memcpy                           0x080004a5   Thumb Code     0  rt_memcpy_v6.o(.text)
    __rt_memcpy                              0x080004a5   Thumb Code   138  rt_memcpy_v6.o(.text)
    _memcpy_lastbytes                        0x0800050b   Thumb Code     0  rt_memcpy_v6.o(.text)
    __aeabi_memcpy4                          0x0800052f   Thumb Code     0  rt_memcpy_w.o(.text)
    __aeabi_memcpy8                          0x0800052f   Thumb Code     0  rt_memcpy_w.o(.text)
    __rt_memcpy_w                            0x0800052f   Thumb Code   100  rt_memcpy_w.o(.text)
    _memcpy_lastbytes_aligned                0x08000577   Thumb Code     0  rt_memcpy_w.o(.text)
    __aeabi_memset                           0x08000593   Thumb Code    16  aeabi_memset.o(.text)
    __aeabi_memclr                           0x080005a3   Thumb Code     0  rt_memclr.o(.text)
    __rt_memclr                              0x080005a3   Thumb Code    68  rt_memclr.o(.text)
    _memset                                  0x080005a7   Thumb Code     0  rt_memclr.o(.text)
    __aeabi_memclr4                          0x080005e7   Thumb Code     0  rt_memclr_w.o(.text)
    __aeabi_memclr8                          0x080005e7   Thumb Code     0  rt_memclr_w.o(.text)
    __rt_memclr_w                            0x080005e7   Thumb Code    78  rt_memclr_w.o(.text)
    _memset_w                                0x080005eb   Thumb Code     0  rt_memclr_w.o(.text)
    localtime                                0x08000635   Thumb Code     6  localtime.o(.text)
    mktime                                   0x08000677   Thumb Code   358  mktime.o(.text)
    __use_two_region_memory                  0x080007e5   Thumb Code     2  heapauxi.o(.text)
    __rt_heap_escrow                         0x080007e7   Thumb Code     2  heapauxi.o(.text)
    __rt_heap_expand                         0x080007e9   Thumb Code     2  heapauxi.o(.text)
    __I$use$semihosting                      0x080007eb   Thumb Code     0  use_no_semi.o(.text)
    __use_no_semihosting_swi                 0x080007eb   Thumb Code     2  use_no_semi.o(.text)
    __rt_heap_descriptor                     0x080007ed   Thumb Code     8  rt_heap_descriptor_intlibspace.o(.text)
    __read_errno                             0x080007f5   Thumb Code    10  _rserrno.o(.text)
    __set_errno                              0x080007ff   Thumb Code    12  _rserrno.o(.text)
    _printf_int_common                       0x0800080b   Thumb Code   184  _printf_intcommon.o(.text)
    _printf_char_file                        0x080008c5   Thumb Code    32  _printf_char_file.o(.text)
    _localtime_r                             0x080008e9   Thumb Code   158  localtime_internal.o(.text)
    _n$localtime_r                           0x080008e9   Thumb Code     0  localtime_internal.o(.text)
    __user_libspace                          0x0800098d   Thumb Code     8  libspace.o(.text)
    __user_perproc_libspace                  0x0800098d   Thumb Code     0  libspace.o(.text)
    __user_perthread_libspace                0x0800098d   Thumb Code     0  libspace.o(.text)
    __aeabi_errno_addr                       0x08000995   Thumb Code     8  rt_errno_addr_intlibspace.o(.text)
    __errno$intlibspace                      0x08000995   Thumb Code     0  rt_errno_addr_intlibspace.o(.text)
    __rt_errno_addr$intlibspace              0x08000995   Thumb Code     0  rt_errno_addr_intlibspace.o(.text)
    _printf_char_common                      0x080009a7   Thumb Code    32  _printf_char_common.o(.text)
    ferror                                   0x080009cd   Thumb Code     8  ferror.o(.text)
    __user_setup_stackheap                   0x080009d5   Thumb Code    74  sys_stackheap_outer.o(.text)
    exit                                     0x08000a1f   Thumb Code    12  exit.o(.text)
    ADCX_Init                                0x08000a2d   Thumb Code   104  adcx.o(i.ADCX_Init)
    ADC_Cmd                                  0x08000a99   Thumb Code    22  stm32f10x_adc.o(i.ADC_Cmd)
    ADC_GetCalibrationStatus                 0x08000aaf   Thumb Code    20  stm32f10x_adc.o(i.ADC_GetCalibrationStatus)
    ADC_GetConversionValue                   0x08000ac3   Thumb Code     8  stm32f10x_adc.o(i.ADC_GetConversionValue)
    ADC_GetFlagStatus                        0x08000acb   Thumb Code    18  stm32f10x_adc.o(i.ADC_GetFlagStatus)
    ADC_GetResetCalibrationStatus            0x08000add   Thumb Code    20  stm32f10x_adc.o(i.ADC_GetResetCalibrationStatus)
    ADC_GetValue                             0x08000af1   Thumb Code    48  adcx.o(i.ADC_GetValue)
    ADC_Init                                 0x08000b25   Thumb Code    70  stm32f10x_adc.o(i.ADC_Init)
    ADC_RegularChannelConfig                 0x08000b75   Thumb Code   184  stm32f10x_adc.o(i.ADC_RegularChannelConfig)
    ADC_ResetCalibration                     0x08000c2d   Thumb Code    10  stm32f10x_adc.o(i.ADC_ResetCalibration)
    ADC_SoftwareStartConvCmd                 0x08000c37   Thumb Code    22  stm32f10x_adc.o(i.ADC_SoftwareStartConvCmd)
    ADC_StartCalibration                     0x08000c4d   Thumb Code    10  stm32f10x_adc.o(i.ADC_StartCalibration)
    BKP_ReadBackupRegister                   0x08000c59   Thumb Code    24  stm32f10x_bkp.o(i.BKP_ReadBackupRegister)
    BKP_WriteBackupRegister                  0x08000c75   Thumb Code    22  stm32f10x_bkp.o(i.BKP_WriteBackupRegister)
    BusFault_Handler                         0x08000c91   Thumb Code     4  stm32f10x_it.o(i.BusFault_Handler)
    Buzzer_Init                              0x08000c95   Thumb Code    46  buzzer.o(i.Buzzer_Init)
    Buzzer_OFF                               0x08000cc9   Thumb Code    18  buzzer.o(i.Buzzer_OFF)
    Buzzer_ON                                0x08000ce5   Thumb Code    18  buzzer.o(i.Buzzer_ON)
    DHT11_Init                               0x08000d01   Thumb Code    12  dht11.o(i.DHT11_Init)
    DHT11_Mode                               0x08000d0d   Thumb Code    52  dht11.o(i.DHT11_Mode)
    DHT11_Read_Byte                          0x08000d45   Thumb Code   144  dht11.o(i.DHT11_Read_Byte)
    DHT11_Read_Data                          0x08000ddd   Thumb Code   110  dht11.o(i.DHT11_Read_Data)
    DHT11_Sends_Response                     0x08000e4d   Thumb Code   100  dht11.o(i.DHT11_Sends_Response)
    DHT11_Sends_Start                        0x08000eb9   Thumb Code    42  dht11.o(i.DHT11_Sends_Start)
    DebugMon_Handler                         0x08000ee9   Thumb Code     2  stm32f10x_it.o(i.DebugMon_Handler)
    Delay_ms                                 0x08000eeb   Thumb Code    24  delay.o(i.Delay_ms)
    Delay_us                                 0x08000f03   Thumb Code    44  delay.o(i.Delay_us)
    FLASH_ClearFlag                          0x08000f31   Thumb Code     6  stm32f10x_flash.o(i.FLASH_ClearFlag)
    FLASH_ErasePage                          0x08000f3d   Thumb Code    72  stm32f10x_flash.o(i.FLASH_ErasePage)
    FLASH_GetBank1Status                     0x08000f89   Thumb Code    48  stm32f10x_flash.o(i.FLASH_GetBank1Status)
    FLASH_Lock                               0x08000fbd   Thumb Code    14  stm32f10x_flash.o(i.FLASH_Lock)
    FLASH_ProgramHalfWord                    0x08000fd1   Thumb Code    60  stm32f10x_flash.o(i.FLASH_ProgramHalfWord)
    FLASH_R                                  0x08001011   Thumb Code     6  flash.o(i.FLASH_R)
    FLASH_Unlock                             0x08001019   Thumb Code    12  stm32f10x_flash.o(i.FLASH_Unlock)
    FLASH_W                                  0x08001031   Thumb Code    52  flash.o(i.FLASH_W)
    FLASH_WaitForLastOperation               0x08001065   Thumb Code    38  stm32f10x_flash.o(i.FLASH_WaitForLastOperation)
    GENERAL_TIM_Init                         0x0800108b   Thumb Code    12  tim3.o(i.GENERAL_TIM_Init)
    GPIO_Init                                0x0800110b   Thumb Code   274  stm32f10x_gpio.o(i.GPIO_Init)
    GPIO_ReadInputDataBit                    0x0800121d   Thumb Code    18  stm32f10x_gpio.o(i.GPIO_ReadInputDataBit)
    GPIO_ResetBits                           0x0800122f   Thumb Code     4  stm32f10x_gpio.o(i.GPIO_ResetBits)
    GPIO_SetBits                             0x08001233   Thumb Code     4  stm32f10x_gpio.o(i.GPIO_SetBits)
    GPIO_WriteBit                            0x08001237   Thumb Code    10  stm32f10x_gpio.o(i.GPIO_WriteBit)
    HC_SR04_Deboanle                         0x08001241   Thumb Code    44  hc_sr04.o(i.HC_SR04_Deboanle)
    HC_SR04_Delay100msRanging                0x0800126d   Thumb Code    28  hc_sr04.o(i.HC_SR04_Delay100msRanging)
    HC_SR04_Init                             0x0800128d   Thumb Code   178  hc_sr04.o(i.HC_SR04_Init)
    HC_SR04_Ranging                          0x08001349   Thumb Code   186  hc_sr04.o(i.HC_SR04_Ranging)
    HC_SR501_Init                            0x08001421   Thumb Code    50  hc_sr501.o(i.HC_SR501_Init)
    HC_SR501_Input                           0x08001459   Thumb Code    18  hc_sr501.o(i.HC_SR501_Input)
    HardFault_Handler                        0x08001471   Thumb Code     4  stm32f10x_it.o(i.HardFault_Handler)
    IWDG_Enable                              0x08001475   Thumb Code    10  stm32f10x_iwdg.o(i.IWDG_Enable)
    IWDG_Init                                0x08001485   Thumb Code    78  iwdg.o(i.IWDG_Init)
    IWDG_ReloadCounter                       0x080014f9   Thumb Code    10  stm32f10x_iwdg.o(i.IWDG_ReloadCounter)
    IWDG_SetPrescaler                        0x08001509   Thumb Code     6  stm32f10x_iwdg.o(i.IWDG_SetPrescaler)
    IWDG_SetReload                           0x08001515   Thumb Code     6  stm32f10x_iwdg.o(i.IWDG_SetReload)
    IWDG_WriteAccessCmd                      0x08001521   Thumb Code     6  stm32f10x_iwdg.o(i.IWDG_WriteAccessCmd)
    Key_Init                                 0x0800152d   Thumb Code    40  key.o(i.Key_Init)
    Key_scan                                 0x08001559   Thumb Code   614  key.o(i.Key_scan)
    LDR_ADC_Read                             0x08001809   Thumb Code    12  ldr.o(i.LDR_ADC_Read)
    LDR_Average_Data                         0x08001815   Thumb Code    38  ldr.o(i.LDR_Average_Data)
    LDR_Init                                 0x0800183d   Thumb Code    38  ldr.o(i.LDR_Init)
    LDR_LuxData                              0x08001869   Thumb Code   132  ldr.o(i.LDR_LuxData)
    LED_APP_Command                          0x08001901   Thumb Code   262  led.o(i.LED_APP_Command)
    LED_Init                                 0x08001a1d   Thumb Code    50  led.o(i.LED_Init)
    LED_PWM_KEY                              0x08001a55   Thumb Code   128  led.o(i.LED_PWM_KEY)
    MemManage_Handler                        0x08001ae5   Thumb Code     4  stm32f10x_it.o(i.MemManage_Handler)
    MyRTC_Init                               0x08001ae9   Thumb Code   114  myrtc.o(i.MyRTC_Init)
    MyRTC_ReadTime                           0x08001b5d   Thumb Code    68  myrtc.o(i.MyRTC_ReadTime)
    MyRTC_SetTime                            0x08001ba5   Thumb Code    70  myrtc.o(i.MyRTC_SetTime)
    NMI_Handler                              0x08001bf1   Thumb Code     2  stm32f10x_it.o(i.NMI_Handler)
    NVIC_Init                                0x08001bf5   Thumb Code   102  misc.o(i.NVIC_Init)
    NVIC_PriorityGroupConfig                 0x08001c69   Thumb Code    10  misc.o(i.NVIC_PriorityGroupConfig)
    OLED_Clear                               0x08001c7d   Thumb Code    42  oled.o(i.OLED_Clear)
    OLED_I2C_Init                            0x08001ca9   Thumb Code    58  oled.o(i.OLED_I2C_Init)
    OLED_I2C_SendByte                        0x08001ce9   Thumb Code    80  oled.o(i.OLED_I2C_SendByte)
    OLED_I2C_Start                           0x08001d3d   Thumb Code    48  oled.o(i.OLED_I2C_Start)
    OLED_I2C_Stop                            0x08001d71   Thumb Code    36  oled.o(i.OLED_I2C_Stop)
    OLED_Init                                0x08001d99   Thumb Code   174  oled.o(i.OLED_Init)
    OLED_Menu                                0x08001e49   Thumb Code   174  main.o(i.OLED_Menu)
    OLED_Menu_SensorData                     0x08001f01   Thumb Code   242  main.o(i.OLED_Menu_SensorData)
    OLED_Option                              0x08002009   Thumb Code   150  main.o(i.OLED_Option)
    OLED_Pow                                 0x0800209f   Thumb Code    20  oled.o(i.OLED_Pow)
    OLED_SetCursor                           0x080020b3   Thumb Code    34  oled.o(i.OLED_SetCursor)
    OLED_SetInterfacevoid                    0x080020d5   Thumb Code   252  main.o(i.OLED_SetInterfacevoid)
    OLED_ShowChar                            0x080021d9   Thumb Code   110  oled.o(i.OLED_ShowChar)
    OLED_ShowChinese                         0x0800224d   Thumb Code   102  oled.o(i.OLED_ShowChinese)
    OLED_ShowNum                             0x080022b9   Thumb Code    68  oled.o(i.OLED_ShowNum)
    OLED_ShowString                          0x080022fd   Thumb Code    40  oled.o(i.OLED_ShowString)
    OLED_ThresholdTime                       0x08002325   Thumb Code   116  main.o(i.OLED_ThresholdTime)
    OLED_Time_Option                         0x080023a5   Thumb Code   120  main.o(i.OLED_Time_Option)
    OLED_WriteCommand                        0x0800241d   Thumb Code    32  oled.o(i.OLED_WriteCommand)
    OLED_WriteData                           0x0800243d   Thumb Code    32  oled.o(i.OLED_WriteData)
    PWM_Init                                 0x0800245d   Thumb Code   144  pwm.o(i.PWM_Init)
    PWR_BackupAccessCmd                      0x080024f1   Thumb Code     6  stm32f10x_pwr.o(i.PWR_BackupAccessCmd)
    PendSV_Handler                           0x080024fd   Thumb Code     2  stm32f10x_it.o(i.PendSV_Handler)
    RCC_ADCCLKConfig                         0x08002501   Thumb Code    18  stm32f10x_rcc.o(i.RCC_ADCCLKConfig)
    RCC_APB1PeriphClockCmd                   0x08002519   Thumb Code    26  stm32f10x_rcc.o(i.RCC_APB1PeriphClockCmd)
    RCC_APB1PeriphResetCmd                   0x08002539   Thumb Code    26  stm32f10x_rcc.o(i.RCC_APB1PeriphResetCmd)
    RCC_APB2PeriphClockCmd                   0x08002559   Thumb Code    26  stm32f10x_rcc.o(i.RCC_APB2PeriphClockCmd)
    RCC_APB2PeriphResetCmd                   0x08002579   Thumb Code    26  stm32f10x_rcc.o(i.RCC_APB2PeriphResetCmd)
    RCC_ClearFlag                            0x08002599   Thumb Code    14  stm32f10x_rcc.o(i.RCC_ClearFlag)
    RCC_GetClocksFreq                        0x080025ad   Thumb Code   192  stm32f10x_rcc.o(i.RCC_GetClocksFreq)
    RCC_GetFlagStatus                        0x08002681   Thumb Code    56  stm32f10x_rcc.o(i.RCC_GetFlagStatus)
    RCC_LSEConfig                            0x080026bd   Thumb Code    44  stm32f10x_rcc.o(i.RCC_LSEConfig)
    RCC_LSICmd                               0x080026f1   Thumb Code     6  stm32f10x_rcc.o(i.RCC_LSICmd)
    RCC_RTCCLKCmd                            0x080026fd   Thumb Code     6  stm32f10x_rcc.o(i.RCC_RTCCLKCmd)
    RCC_RTCCLKConfig                         0x08002709   Thumb Code    12  stm32f10x_rcc.o(i.RCC_RTCCLKConfig)
    RTC_EnterConfigMode                      0x08002719   Thumb Code    14  stm32f10x_rtc.o(i.RTC_EnterConfigMode)
    RTC_ExitConfigMode                       0x0800272d   Thumb Code    16  stm32f10x_rtc.o(i.RTC_ExitConfigMode)
    RTC_GetCounter                           0x08002741   Thumb Code    16  stm32f10x_rtc.o(i.RTC_GetCounter)
    RTC_SetCounter                           0x08002755   Thumb Code    24  stm32f10x_rtc.o(i.RTC_SetCounter)
    RTC_SetPrescaler                         0x08002771   Thumb Code    26  stm32f10x_rtc.o(i.RTC_SetPrescaler)
    RTC_WaitForLastTask                      0x08002791   Thumb Code    14  stm32f10x_rtc.o(i.RTC_WaitForLastTask)
    RTC_WaitForSynchro                       0x080027a5   Thumb Code    28  stm32f10x_rtc.o(i.RTC_WaitForSynchro)
    SVC_Handler                              0x080027c5   Thumb Code     2  stm32f10x_it.o(i.SVC_Handler)
    SetSelection                             0x080027c9   Thumb Code    42  main.o(i.SetSelection)
    SysTick_Handler                          0x080028e1   Thumb Code     2  stm32f10x_it.o(i.SysTick_Handler)
    SystemInit                               0x080028e5   Thumb Code    78  system_stm32f10x.o(i.SystemInit)
    TIM2_IRQHandler                          0x08002945   Thumb Code   204  tim2.o(i.TIM2_IRQHandler)
    TIM3_IRQHandler                          0x08002a2d   Thumb Code    26  tim3.o(i.TIM3_IRQHandler)
    TIM4_IRQHandler                          0x08002a4d   Thumb Code    32  hc_sr04.o(i.TIM4_IRQHandler)
    TIM_ClearFlag                            0x08002a75   Thumb Code     6  stm32f10x_tim.o(i.TIM_ClearFlag)
    TIM_ClearITPendingBit                    0x08002a7b   Thumb Code     6  stm32f10x_tim.o(i.TIM_ClearITPendingBit)
    TIM_Cmd                                  0x08002a81   Thumb Code    24  stm32f10x_tim.o(i.TIM_Cmd)
    TIM_CtrlPWMOutputs                       0x08002a99   Thumb Code    30  stm32f10x_tim.o(i.TIM_CtrlPWMOutputs)
    TIM_DeInit                               0x08002ab9   Thumb Code   424  stm32f10x_tim.o(i.TIM_DeInit)
    TIM_GetCounter                           0x08002ca1   Thumb Code     6  stm32f10x_tim.o(i.TIM_GetCounter)
    TIM_GetITStatus                          0x08002ca7   Thumb Code    34  stm32f10x_tim.o(i.TIM_GetITStatus)
    TIM_ITConfig                             0x08002cc9   Thumb Code    18  stm32f10x_tim.o(i.TIM_ITConfig)
    TIM_OC1Init                              0x08002cdd   Thumb Code   132  stm32f10x_tim.o(i.TIM_OC1Init)
    TIM_SetCompare1                          0x08002d75   Thumb Code     4  stm32f10x_tim.o(i.TIM_SetCompare1)
    TIM_SetCounter                           0x08002d79   Thumb Code     4  stm32f10x_tim.o(i.TIM_SetCounter)
    TIM_TimeBaseInit                         0x08002d7d   Thumb Code   122  stm32f10x_tim.o(i.TIM_TimeBaseInit)
    ThresholdModification                    0x08002e21   Thumb Code   284  main.o(i.ThresholdModification)
    TimeModification                         0x08002f59   Thumb Code   250  main.o(i.TimeModification)
    Timer2_Init                              0x08003065   Thumb Code    94  tim2.o(i.Timer2_Init)
    USART1_IRQHandler                        0x080030c5   Thumb Code    24  usart.o(i.USART1_IRQHandler)
    USART2_IRQHandler                        0x080030e1   Thumb Code    34  usart.o(i.USART2_IRQHandler)
    USART_Cmd                                0x08003109   Thumb Code    24  stm32f10x_usart.o(i.USART_Cmd)
    USART_GetFlagStatus                      0x08003121   Thumb Code    26  stm32f10x_usart.o(i.USART_GetFlagStatus)
    USART_GetITStatus                        0x0800313b   Thumb Code    84  stm32f10x_usart.o(i.USART_GetITStatus)
    USART_ITConfig                           0x0800318f   Thumb Code    74  stm32f10x_usart.o(i.USART_ITConfig)
    USART_Init                               0x080031d9   Thumb Code   210  stm32f10x_usart.o(i.USART_Init)
    USART_ReceiveData                        0x080032b1   Thumb Code    10  stm32f10x_usart.o(i.USART_ReceiveData)
    USART_SendData                           0x080032bb   Thumb Code     8  stm32f10x_usart.o(i.USART_SendData)
    Uart1_Init                               0x080032c5   Thumb Code   154  usart.o(i.Uart1_Init)
    Uart2_Init                               0x08003369   Thumb Code   156  usart.o(i.Uart2_Init)
    UsageFault_Handler                       0x0800340d   Thumb Code     4  stm32f10x_it.o(i.UsageFault_Handler)
    __ARM_fpclassify                         0x08003411   Thumb Code    40  fpclassify.o(i.__ARM_fpclassify)
    __kernel_poly                            0x08003439   Thumb Code   170  poly.o(i.__kernel_poly)
    __mathlib_dbl_underflow                  0x080034e5   Thumb Code    10  dunder.o(i.__mathlib_dbl_underflow)
    _is_digit                                0x080034f5   Thumb Code    14  __printf_wp.o(i._is_digit)
    _sys_exit                                0x08003503   Thumb Code     4  usart.o(i._sys_exit)
    calculateDynamicBitPartLen               0x08003507   Thumb Code    40  gizwits_protocol.o(i.calculateDynamicBitPartLen)
    exchangeBytes                            0x0800352f   Thumb Code    26  common.o(i.exchangeBytes)
    exchangeWord                             0x08003549   Thumb Code    26  common.o(i.exchangeWord)
    fputc                                    0x08003565   Thumb Code    22  usart.o(i.fputc)
    gizAcrossByteJudge                       0x08003581   Thumb Code    42  datapointtools.o(i.gizAcrossByteJudge)
    gizByteOrderExchange                     0x080035ab   Thumb Code    50  datapointtools.o(i.gizByteOrderExchange)
    gizGetTimerCount                         0x08003d8d   Thumb Code     6  gizwits_product.o(i.gizGetTimerCount)
    gizProtocolSum                           0x08004cad   Thumb Code    38  common.o(i.gizProtocolSum)
    gizPutData                               0x08004d85   Thumb Code    52  gizwits_protocol.o(i.gizPutData)
    gizTimerMs                               0x08004ef1   Thumb Code    12  gizwits_product.o(i.gizTimerMs)
    gizVarlenCompressValue                   0x08004f01   Thumb Code   124  datapointtools.o(i.gizVarlenCompressValue)
    gizVarlenDecompressionValue              0x08004f7d   Thumb Code   196  datapointtools.o(i.gizVarlenDecompressionValue)
    gizX2Y                                   0x08005041   Thumb Code    12  datapointtools.o(i.gizX2Y)
    gizY2X                                   0x0800504d   Thumb Code    14  datapointtools.o(i.gizY2X)
    gizwitsEventProcess                      0x0800505d   Thumb Code   362  gizwits_product.o(i.gizwitsEventProcess)
    gizwitsHandle                            0x080052e9   Thumb Code   608  gizwits_protocol.o(i.gizwitsHandle)
    gizwitsInit                              0x08005665   Thumb Code    48  gizwits_protocol.o(i.gizwitsInit)
    gizwitsSetMode                           0x080056c9   Thumb Code   590  gizwits_protocol.o(i.gizwitsSetMode)
    main                                     0x08005951   Thumb Code   422  main.o(i.main)
    mcuRestart                               0x08005b25   Thumb Code    10  gizwits_product.o(i.mcuRestart)
    pow                                      0x08005b31   Thumb Code  2510  pow.o(i.pow)
    rbCanRead                                0x08006511   Thumb Code    58  ringbuffer.o(i.rbCanRead)
    rbCanWrite                               0x0800654b   Thumb Code    30  ringbuffer.o(i.rbCanWrite)
    rbCapacity                               0x08006569   Thumb Code    14  ringbuffer.o(i.rbCapacity)
    rbCreate                                 0x08006577   Thumb Code    20  ringbuffer.o(i.rbCreate)
    rbRead                                   0x0800658b   Thumb Code   190  ringbuffer.o(i.rbRead)
    rbReadIndicator                          0x08006649   Thumb Code    30  ringbuffer.o(i.rbReadIndicator)
    rbWrite                                  0x08006667   Thumb Code   186  ringbuffer.o(i.rbWrite)
    rbWriteIndicator                         0x08006721   Thumb Code    30  ringbuffer.o(i.rbWriteIndicator)
    sensorScan                               0x08006741   Thumb Code    36  main.o(i.sensorScan)
    sqrt                                     0x08006769   Thumb Code    76  sqrt.o(i.sqrt)
    uartWrite                                0x080067b5   Thumb Code   144  gizwits_product.o(i.uartWrite)
    userHandle                               0x08006869   Thumb Code    34  gizwits_product.o(i.userHandle)
    userInit                                 0x08006895   Thumb Code    44  gizwits_product.o(i.userInit)
    __aeabi_dadd                             0x080068c9   Thumb Code     0  daddsub_clz.o(x$fpl$dadd)
    _dadd                                    0x080068c9   Thumb Code   332  daddsub_clz.o(x$fpl$dadd)
    __fpl_dcheck_NaN1                        0x08006a19   Thumb Code    10  dcheck1.o(x$fpl$dcheck1)
    __fpl_dcmp_Inf                           0x08006a29   Thumb Code    24  dcmpi.o(x$fpl$dcmpinf)
    __aeabi_ddiv                             0x08006a41   Thumb Code     0  ddiv.o(x$fpl$ddiv)
    _ddiv                                    0x08006a41   Thumb Code   552  ddiv.o(x$fpl$ddiv)
    __aeabi_d2uiz                            0x08006cf1   Thumb Code     0  dfixu.o(x$fpl$dfixu)
    _dfixu                                   0x08006cf1   Thumb Code    90  dfixu.o(x$fpl$dfixu)
    __aeabi_i2d                              0x08006d4b   Thumb Code     0  dflt_clz.o(x$fpl$dflt)
    _dflt                                    0x08006d4b   Thumb Code    46  dflt_clz.o(x$fpl$dflt)
    __aeabi_ui2d                             0x08006d79   Thumb Code     0  dflt_clz.o(x$fpl$dfltu)
    _dfltu                                   0x08006d79   Thumb Code    38  dflt_clz.o(x$fpl$dfltu)
    __aeabi_cdcmple                          0x08006da1   Thumb Code     0  dleqf.o(x$fpl$dleqf)
    _dcmple                                  0x08006da1   Thumb Code   120  dleqf.o(x$fpl$dleqf)
    __fpl_dcmple_InfNaN                      0x08006e03   Thumb Code     0  dleqf.o(x$fpl$dleqf)
    __aeabi_dmul                             0x08006e19   Thumb Code     0  dmul.o(x$fpl$dmul)
    _dmul                                    0x08006e19   Thumb Code   332  dmul.o(x$fpl$dmul)
    __fpl_dnaninf                            0x08006f6d   Thumb Code   156  dnaninf.o(x$fpl$dnaninf)
    __fpl_dretinf                            0x08007009   Thumb Code    12  dretinf.o(x$fpl$dretinf)
    __aeabi_cdrcmple                         0x08007015   Thumb Code     0  drleqf.o(x$fpl$drleqf)
    _drcmple                                 0x08007015   Thumb Code   108  drleqf.o(x$fpl$drleqf)
    __aeabi_drsub                            0x08007081   Thumb Code     0  daddsub_clz.o(x$fpl$drsb)
    _drsb                                    0x08007081   Thumb Code    22  daddsub_clz.o(x$fpl$drsb)
    _dsqrt                                   0x08007099   Thumb Code   456  dsqrt_noumaal.o(x$fpl$dsqrt)
    __aeabi_dsub                             0x08007265   Thumb Code     0  daddsub_clz.o(x$fpl$dsub)
    _dsub                                    0x08007265   Thumb Code   464  daddsub_clz.o(x$fpl$dsub)
    __aeabi_f2d                              0x08007439   Thumb Code     0  f2d.o(x$fpl$f2d)
    _f2d                                     0x08007439   Thumb Code    86  f2d.o(x$fpl$f2d)
    __aeabi_fadd                             0x08007491   Thumb Code     0  faddsub_clz.o(x$fpl$fadd)
    _fadd                                    0x08007491   Thumb Code   196  faddsub_clz.o(x$fpl$fadd)
    __aeabi_fdiv                             0x08007555   Thumb Code     0  fdiv.o(x$fpl$fdiv)
    _fdiv                                    0x08007555   Thumb Code   384  fdiv.o(x$fpl$fdiv)
    __aeabi_ui2f                             0x080076d9   Thumb Code     0  fflt_clz.o(x$fpl$ffltu)
    _ffltu                                   0x080076d9   Thumb Code    38  fflt_clz.o(x$fpl$ffltu)
    __aeabi_fmul                             0x08007701   Thumb Code     0  fmul.o(x$fpl$fmul)
    _fmul                                    0x08007701   Thumb Code   258  fmul.o(x$fpl$fmul)
    __fpl_fnaninf                            0x08007803   Thumb Code   140  fnaninf.o(x$fpl$fnaninf)
    __fpl_fretinf                            0x0800788f   Thumb Code    10  fretinf.o(x$fpl$fretinf)
    __aeabi_fsub                             0x08007899   Thumb Code     0  faddsub_clz.o(x$fpl$fsub)
    _fsub                                    0x08007899   Thumb Code   234  faddsub_clz.o(x$fpl$fsub)
    __fpl_return_NaN                         0x08007983   Thumb Code   100  retnan.o(x$fpl$retnan)
    __ARM_scalbn                             0x080079e7   Thumb Code    92  scalbn.o(x$fpl$scalbn)
    __fpl_cmpreturn                          0x08007a43   Thumb Code    48  trapv.o(x$fpl$trapveneer)
    OLED_F8x16                               0x08007a72   Data        1520  oled.o(.constdata)
    __I$use$fp                               0x08007a72   Number         0  usenofp.o(x$fpl$usenofp)
    Hzk1                                     0x08008062   Data        1088  oled.o(.constdata)
    _monlen                                  0x08008568   Data          12  _monlen.o(.constdata)
    __mathlib_zero                           0x08008578   Data           8  qnan.o(.constdata)
    Region$$Table$$Base                      0x08008580   Number         0  anon$$obj.o(Region$$Table)
    Region$$Table$$Limit                     0x080085a0   Number         0  anon$$obj.o(Region$$Table)
    systemModel                              0x20000014   Data           1  main.o(.data)
    menu                                     0x20000015   Data           1  main.o(.data)
    hc501                                    0x20000017   Data           1  main.o(.data)
    hour                                     0x20000018   Data           1  main.o(.data)
    minute                                   0x20000019   Data           1  main.o(.data)
    second                                   0x2000001a   Data           1  main.o(.data)
    sensorData                               0x2000001c   Data           6  main.o(.data)
    Sensorthreshold                          0x20000022   Data           4  main.o(.data)
    MenuPages                                0x20000026   Data           1  main.o(.data)
    Time                                     0x20000027   Data           1  dht11.o(.data)
    ledDutyRatio                             0x20000028   Data           1  led.o(.data)
    key1_short_flag                          0x2000002a   Data           1  key.o(.data)
    KeyNum                                   0x2000002b   Data           1  key.o(.data)
    key1_long_flag                           0x2000002c   Data           1  key.o(.data)
    key2_long_flag                           0x2000002d   Data           1  key.o(.data)
    key3_long_flag                           0x2000002e   Data           1  key.o(.data)
    key4_long_flag                           0x2000002f   Data           1  key.o(.data)
    key1_lock_flag                           0x20000030   Data           1  key.o(.data)
    key2_lock_flag                           0x20000031   Data           1  key.o(.data)
    key3_lock_flag                           0x20000032   Data           1  key.o(.data)
    key4_lock_flag                           0x20000033   Data           1  key.o(.data)
    key1_cnt                                 0x20000034   Data           2  key.o(.data)
    key2_cnt                                 0x20000036   Data           2  key.o(.data)
    key3_cnt                                 0x20000038   Data           2  key.o(.data)
    key4_cnt                                 0x2000003a   Data           2  key.o(.data)
    key1_cnt2                                0x2000003c   Data           2  key.o(.data)
    key2_cnt2                                0x2000003e   Data           2  key.o(.data)
    key3_cnt2                                0x20000040   Data           2  key.o(.data)
    key4_cnt2                                0x20000042   Data           2  key.o(.data)
    msHCcount                                0x20000044   Data           4  hc_sr04.o(.data)
    HC_SR04_DelayStructure                   0x2000004c   Data           6  hc_sr04.o(.data)
    Buzzer_Flag                              0x20000052   Data           1  buzzer.o(.data)
    keyDelay_50ms                            0x20000054   Data           1  tim2.o(.data)
    delay20ms                                0x20000058   Data           4  tim2.o(.data)
    USART_RX_STA                             0x2000005c   Data           2  usart.o(.data)
    __stdout                                 0x20000060   Data           4  usart.o(.data)
    MyRTC_Time                               0x20000064   Data          12  myrtc.o(.data)
    aRxBuffer                                0x20000074   Data           1  gizwits_product.o(.data)
    valueFlashflag                           0x20000075   Data           1  gizwits_product.o(.data)
    currentDataPoint                         0x20000088   Data          36  gizwits_product.o(.bss)
    gizwitsProtocol                          0x200000ac   Data        1132  gizwits_protocol.o(.bss)
    pRb                                      0x20000518   Data          16  gizwits_protocol.o(.bss)
    __libspace_start                         0x20000788   Data          96  libspace.o(.bss)
    __temporary_stack_top$libspace           0x200007e8   Data           0  libspace.o(.bss)



==============================================================================

Memory Map of the image

  Image Entry point : 0x080000ed

  Load Region LR_IROM1 (Base: 0x08000000, Size: 0x00008628, Max: 0x00010000, ABSOLUTE)

    Execution Region ER_IROM1 (Exec base: 0x08000000, Load base: 0x08000000, Size: 0x000085a0, Max: 0x00010000, ABSOLUTE)

    Exec Addr    Load Addr    Size         Type   Attr      Idx    E Section Name        Object

    0x08000000   0x08000000   0x000000ec   Data   RO            3    RESET               startup_stm32f10x_md.o
    0x080000ec   0x080000ec   0x00000008   Code   RO         4656  * !!!main             c_w.l(__main.o)
    0x080000f4   0x080000f4   0x00000034   Code   RO         4989    !!!scatter          c_w.l(__scatter.o)
    0x08000128   0x08000128   0x0000001a   Code   RO         4991    !!handler_copy      c_w.l(__scatter_copy.o)
    0x08000142   0x08000142   0x00000002   PAD
    0x08000144   0x08000144   0x0000001c   Code   RO         4993    !!handler_zi        c_w.l(__scatter_zi.o)
    0x08000160   0x08000160   0x00000000   Code   RO         4636    .ARM.Collect$$_printf_percent$$00000000  c_w.l(_printf_percent.o)
    0x08000160   0x08000160   0x00000006   Code   RO         4635    .ARM.Collect$$_printf_percent$$00000009  c_w.l(_printf_d.o)
    0x08000166   0x08000166   0x00000006   Code   RO         4634    .ARM.Collect$$_printf_percent$$0000000C  c_w.l(_printf_x.o)
    0x0800016c   0x0800016c   0x00000004   Code   RO         4744    .ARM.Collect$$_printf_percent$$00000017  c_w.l(_printf_percent_end.o)
    0x08000170   0x08000170   0x00000002   Code   RO         4918    .ARM.Collect$$libinit$$00000000  c_w.l(libinit.o)
    0x08000172   0x08000172   0x00000000   Code   RO         4843    .ARM.Collect$$libinit$$00000002  c_w.l(libinit2.o)
    0x08000172   0x08000172   0x00000000   Code   RO         4846    .ARM.Collect$$libinit$$00000008  c_w.l(libinit2.o)
    0x08000172   0x08000172   0x00000000   Code   RO         4848    .ARM.Collect$$libinit$$0000000A  c_w.l(libinit2.o)
    0x08000172   0x08000172   0x00000000   Code   RO         4850    .ARM.Collect$$libinit$$0000000C  c_w.l(libinit2.o)
    0x08000172   0x08000172   0x00000000   Code   RO         4853    .ARM.Collect$$libinit$$0000000F  c_w.l(libinit2.o)
    0x08000172   0x08000172   0x00000000   Code   RO         4855    .ARM.Collect$$libinit$$00000011  c_w.l(libinit2.o)
    0x08000172   0x08000172   0x00000000   Code   RO         4857    .ARM.Collect$$libinit$$00000013  c_w.l(libinit2.o)
    0x08000172   0x08000172   0x00000000   Code   RO         4859    .ARM.Collect$$libinit$$00000015  c_w.l(libinit2.o)
    0x08000172   0x08000172   0x00000000   Code   RO         4861    .ARM.Collect$$libinit$$00000017  c_w.l(libinit2.o)
    0x08000172   0x08000172   0x00000000   Code   RO         4863    .ARM.Collect$$libinit$$00000019  c_w.l(libinit2.o)
    0x08000172   0x08000172   0x00000000   Code   RO         4865    .ARM.Collect$$libinit$$0000001B  c_w.l(libinit2.o)
    0x08000172   0x08000172   0x00000000   Code   RO         4867    .ARM.Collect$$libinit$$0000001D  c_w.l(libinit2.o)
    0x08000172   0x08000172   0x00000000   Code   RO         4869    .ARM.Collect$$libinit$$0000001F  c_w.l(libinit2.o)
    0x08000172   0x08000172   0x00000000   Code   RO         4871    .ARM.Collect$$libinit$$00000021  c_w.l(libinit2.o)
    0x08000172   0x08000172   0x00000000   Code   RO         4873    .ARM.Collect$$libinit$$00000023  c_w.l(libinit2.o)
    0x08000172   0x08000172   0x00000000   Code   RO         4877    .ARM.Collect$$libinit$$0000002A  c_w.l(libinit2.o)
    0x08000172   0x08000172   0x00000000   Code   RO         4879    .ARM.Collect$$libinit$$0000002C  c_w.l(libinit2.o)
    0x08000172   0x08000172   0x00000000   Code   RO         4881    .ARM.Collect$$libinit$$0000002E  c_w.l(libinit2.o)
    0x08000172   0x08000172   0x00000000   Code   RO         4883    .ARM.Collect$$libinit$$00000030  c_w.l(libinit2.o)
    0x08000172   0x08000172   0x00000002   Code   RO         4884    .ARM.Collect$$libinit$$00000031  c_w.l(libinit2.o)
    0x08000174   0x08000174   0x00000002   Code   RO         4986    .ARM.Collect$$libshutdown$$00000000  c_w.l(libshutdown.o)
    0x08000176   0x08000176   0x00000000   Code   RO         4942    .ARM.Collect$$libshutdown$$00000003  c_w.l(libshutdown2.o)
    0x08000176   0x08000176   0x00000000   Code   RO         4945    .ARM.Collect$$libshutdown$$00000006  c_w.l(libshutdown2.o)
    0x08000176   0x08000176   0x00000000   Code   RO         4948    .ARM.Collect$$libshutdown$$00000009  c_w.l(libshutdown2.o)
    0x08000176   0x08000176   0x00000000   Code   RO         4950    .ARM.Collect$$libshutdown$$0000000B  c_w.l(libshutdown2.o)
    0x08000176   0x08000176   0x00000000   Code   RO         4953    .ARM.Collect$$libshutdown$$0000000E  c_w.l(libshutdown2.o)
    0x08000176   0x08000176   0x00000002   Code   RO         4954    .ARM.Collect$$libshutdown$$0000000F  c_w.l(libshutdown2.o)
    0x08000178   0x08000178   0x00000000   Code   RO         4708    .ARM.Collect$$rtentry$$00000000  c_w.l(rtentry.o)
    0x08000178   0x08000178   0x00000000   Code   RO         4790    .ARM.Collect$$rtentry$$00000002  c_w.l(rtentry2.o)
    0x08000178   0x08000178   0x00000006   Code   RO         4802    .ARM.Collect$$rtentry$$00000004  c_w.l(rtentry4.o)
    0x0800017e   0x0800017e   0x00000000   Code   RO         4792    .ARM.Collect$$rtentry$$00000009  c_w.l(rtentry2.o)
    0x0800017e   0x0800017e   0x00000004   Code   RO         4793    .ARM.Collect$$rtentry$$0000000A  c_w.l(rtentry2.o)
    0x08000182   0x08000182   0x00000000   Code   RO         4795    .ARM.Collect$$rtentry$$0000000C  c_w.l(rtentry2.o)
    0x08000182   0x08000182   0x00000008   Code   RO         4796    .ARM.Collect$$rtentry$$0000000D  c_w.l(rtentry2.o)
    0x0800018a   0x0800018a   0x00000002   Code   RO         4926    .ARM.Collect$$rtexit$$00000000  c_w.l(rtexit.o)
    0x0800018c   0x0800018c   0x00000000   Code   RO         4960    .ARM.Collect$$rtexit$$00000002  c_w.l(rtexit2.o)
    0x0800018c   0x0800018c   0x00000004   Code   RO         4961    .ARM.Collect$$rtexit$$00000003  c_w.l(rtexit2.o)
    0x08000190   0x08000190   0x00000006   Code   RO         4962    .ARM.Collect$$rtexit$$00000004  c_w.l(rtexit2.o)
    0x08000196   0x08000196   0x00000002   PAD
    0x08000198   0x08000198   0x00000040   Code   RO            4    .text               startup_stm32f10x_md.o
    0x080001d8   0x080001d8   0x00000002   Code   RO         4523    .text               c_w.l(use_no_semi_2.o)
    0x080001da   0x080001da   0x0000004e   Code   RO         4527    .text               c_w.l(h1_free.o)
    0x08000228   0x08000228   0x00000018   Code   RO         4585    .text               c_w.l(noretval__2printf.o)
    0x08000240   0x08000240   0x00000052   Code   RO         4589    .text               c_w.l(_printf_pad.o)
    0x08000292   0x08000292   0x00000002   PAD
    0x08000294   0x08000294   0x00000078   Code   RO         4591    .text               c_w.l(_printf_dec.o)
    0x0800030c   0x0800030c   0x0000005c   Code   RO         4596    .text               c_w.l(_printf_hex_int.o)
    0x08000368   0x08000368   0x0000013c   Code   RO         4626    .text               c_w.l(__printf_flags_wp.o)
    0x080004a4   0x080004a4   0x0000008a   Code   RO         4639    .text               c_w.l(rt_memcpy_v6.o)
    0x0800052e   0x0800052e   0x00000064   Code   RO         4641    .text               c_w.l(rt_memcpy_w.o)
    0x08000592   0x08000592   0x00000010   Code   RO         4643    .text               c_w.l(aeabi_memset.o)
    0x080005a2   0x080005a2   0x00000044   Code   RO         4645    .text               c_w.l(rt_memclr.o)
    0x080005e6   0x080005e6   0x0000004e   Code   RO         4647    .text               c_w.l(rt_memclr_w.o)
    0x08000634   0x08000634   0x0000000c   Code   RO         4649    .text               c_w.l(localtime.o)
    0x08000640   0x08000640   0x000001a4   Code   RO         4652    .text               c_w.l(mktime.o)
    0x080007e4   0x080007e4   0x00000006   Code   RO         4654    .text               c_w.l(heapauxi.o)
    0x080007ea   0x080007ea   0x00000002   Code   RO         4704    .text               c_w.l(use_no_semi.o)
    0x080007ec   0x080007ec   0x00000008   Code   RO         4714    .text               c_w.l(rt_heap_descriptor_intlibspace.o)
    0x080007f4   0x080007f4   0x00000016   Code   RO         4738    .text               c_w.l(_rserrno.o)
    0x0800080a   0x0800080a   0x000000b8   Code   RO         4740    .text               c_w.l(_printf_intcommon.o)
    0x080008c2   0x080008c2   0x00000002   PAD
    0x080008c4   0x080008c4   0x00000024   Code   RO         4742    .text               c_w.l(_printf_char_file.o)
    0x080008e8   0x080008e8   0x000000a4   Code   RO         4746    .text               c_w.l(localtime_internal.o)
    0x0800098c   0x0800098c   0x00000008   Code   RO         4786    .text               c_w.l(libspace.o)
    0x08000994   0x08000994   0x00000008   Code   RO         4812    .text               c_w.l(rt_errno_addr_intlibspace.o)
    0x0800099c   0x0800099c   0x00000030   Code   RO         4824    .text               c_w.l(_printf_char_common.o)
    0x080009cc   0x080009cc   0x00000008   Code   RO         4826    .text               c_w.l(ferror.o)
    0x080009d4   0x080009d4   0x0000004a   Code   RO         4893    .text               c_w.l(sys_stackheap_outer.o)
    0x08000a1e   0x08000a1e   0x0000000c   Code   RO         4903    .text               c_w.l(exit.o)
    0x08000a2a   0x08000a2a   0x00000002   PAD
    0x08000a2c   0x08000a2c   0x0000006c   Code   RO         3791    i.ADCX_Init         adcx.o
    0x08000a98   0x08000a98   0x00000016   Code   RO          202    i.ADC_Cmd           stm32f10x_adc.o
    0x08000aae   0x08000aae   0x00000014   Code   RO          210    i.ADC_GetCalibrationStatus  stm32f10x_adc.o
    0x08000ac2   0x08000ac2   0x00000008   Code   RO          211    i.ADC_GetConversionValue  stm32f10x_adc.o
    0x08000aca   0x08000aca   0x00000012   Code   RO          213    i.ADC_GetFlagStatus  stm32f10x_adc.o
    0x08000adc   0x08000adc   0x00000014   Code   RO          216    i.ADC_GetResetCalibrationStatus  stm32f10x_adc.o
    0x08000af0   0x08000af0   0x00000034   Code   RO         3792    i.ADC_GetValue      adcx.o
    0x08000b24   0x08000b24   0x00000050   Code   RO          220    i.ADC_Init          stm32f10x_adc.o
    0x08000b74   0x08000b74   0x000000b8   Code   RO          224    i.ADC_RegularChannelConfig  stm32f10x_adc.o
    0x08000c2c   0x08000c2c   0x0000000a   Code   RO          225    i.ADC_ResetCalibration  stm32f10x_adc.o
    0x08000c36   0x08000c36   0x00000016   Code   RO          227    i.ADC_SoftwareStartConvCmd  stm32f10x_adc.o
    0x08000c4c   0x08000c4c   0x0000000a   Code   RO          229    i.ADC_StartCalibration  stm32f10x_adc.o
    0x08000c56   0x08000c56   0x00000002   PAD
    0x08000c58   0x08000c58   0x0000001c   Code   RO          431    i.BKP_ReadBackupRegister  stm32f10x_bkp.o
    0x08000c74   0x08000c74   0x0000001c   Code   RO          435    i.BKP_WriteBackupRegister  stm32f10x_bkp.o
    0x08000c90   0x08000c90   0x00000004   Code   RO         3364    i.BusFault_Handler  stm32f10x_it.o
    0x08000c94   0x08000c94   0x00000034   Code   RO         3761    i.Buzzer_Init       buzzer.o
    0x08000cc8   0x08000cc8   0x0000001c   Code   RO         3762    i.Buzzer_OFF        buzzer.o
    0x08000ce4   0x08000ce4   0x0000001c   Code   RO         3763    i.Buzzer_ON         buzzer.o
    0x08000d00   0x08000d00   0x0000000c   Code   RO         3577    i.DHT11_Init        dht11.o
    0x08000d0c   0x08000d0c   0x00000038   Code   RO         3578    i.DHT11_Mode        dht11.o
    0x08000d44   0x08000d44   0x00000098   Code   RO         3579    i.DHT11_Read_Byte   dht11.o
    0x08000ddc   0x08000ddc   0x0000006e   Code   RO         3580    i.DHT11_Read_Data   dht11.o
    0x08000e4a   0x08000e4a   0x00000002   PAD
    0x08000e4c   0x08000e4c   0x0000006c   Code   RO         3581    i.DHT11_Sends_Response  dht11.o
    0x08000eb8   0x08000eb8   0x00000030   Code   RO         3582    i.DHT11_Sends_Start  dht11.o
    0x08000ee8   0x08000ee8   0x00000002   Code   RO         3365    i.DebugMon_Handler  stm32f10x_it.o
    0x08000eea   0x08000eea   0x00000018   Code   RO         3812    i.Delay_ms          delay.o
    0x08000f02   0x08000f02   0x0000002c   Code   RO         3814    i.Delay_us          delay.o
    0x08000f2e   0x08000f2e   0x00000002   PAD
    0x08000f30   0x08000f30   0x0000000c   Code   RO         1041    i.FLASH_ClearFlag   stm32f10x_flash.o
    0x08000f3c   0x08000f3c   0x0000004c   Code   RO         1046    i.FLASH_ErasePage   stm32f10x_flash.o
    0x08000f88   0x08000f88   0x00000034   Code   RO         1047    i.FLASH_GetBank1Status  stm32f10x_flash.o
    0x08000fbc   0x08000fbc   0x00000014   Code   RO         1056    i.FLASH_Lock        stm32f10x_flash.o
    0x08000fd0   0x08000fd0   0x00000040   Code   RO         1059    i.FLASH_ProgramHalfWord  stm32f10x_flash.o
    0x08001010   0x08001010   0x00000006   Code   RO         3994    i.FLASH_R           flash.o
    0x08001016   0x08001016   0x00000002   PAD
    0x08001018   0x08001018   0x00000018   Code   RO         1064    i.FLASH_Unlock      stm32f10x_flash.o
    0x08001030   0x08001030   0x00000034   Code   RO         3995    i.FLASH_W           flash.o
    0x08001064   0x08001064   0x00000026   Code   RO         1068    i.FLASH_WaitForLastOperation  stm32f10x_flash.o
    0x0800108a   0x0800108a   0x0000000c   Code   RO         3880    i.GENERAL_TIM_Init  tim3.o
    0x08001096   0x08001096   0x00000002   PAD
    0x08001098   0x08001098   0x00000050   Code   RO         3881    i.GENERAL_TIM_Mode_Config  tim3.o
    0x080010e8   0x080010e8   0x00000022   Code   RO         3882    i.GENERAL_TIM_NVIC_Config  tim3.o
    0x0800110a   0x0800110a   0x00000112   Code   RO         1347    i.GPIO_Init         stm32f10x_gpio.o
    0x0800121c   0x0800121c   0x00000012   Code   RO         1351    i.GPIO_ReadInputDataBit  stm32f10x_gpio.o
    0x0800122e   0x0800122e   0x00000004   Code   RO         1354    i.GPIO_ResetBits    stm32f10x_gpio.o
    0x08001232   0x08001232   0x00000004   Code   RO         1355    i.GPIO_SetBits      stm32f10x_gpio.o
    0x08001236   0x08001236   0x0000000a   Code   RO         1358    i.GPIO_WriteBit     stm32f10x_gpio.o
    0x08001240   0x08001240   0x0000002c   Code   RO         3718    i.HC_SR04_Deboanle  hc_sr04.o
    0x0800126c   0x0800126c   0x00000020   Code   RO         3719    i.HC_SR04_Delay100msRanging  hc_sr04.o
    0x0800128c   0x0800128c   0x000000bc   Code   RO         3720    i.HC_SR04_Init      hc_sr04.o
    0x08001348   0x08001348   0x000000d8   Code   RO         3721    i.HC_SR04_Ranging   hc_sr04.o
    0x08001420   0x08001420   0x00000038   Code   RO         3694    i.HC_SR501_Init     hc_sr501.o
    0x08001458   0x08001458   0x00000018   Code   RO         3695    i.HC_SR501_Input    hc_sr501.o
    0x08001470   0x08001470   0x00000004   Code   RO         3366    i.HardFault_Handler  stm32f10x_it.o
    0x08001474   0x08001474   0x00000010   Code   RO         1665    i.IWDG_Enable       stm32f10x_iwdg.o
    0x08001484   0x08001484   0x00000074   Code   RO         4015    i.IWDG_Init         iwdg.o
    0x080014f8   0x080014f8   0x00000010   Code   RO         1667    i.IWDG_ReloadCounter  stm32f10x_iwdg.o
    0x08001508   0x08001508   0x0000000c   Code   RO         1668    i.IWDG_SetPrescaler  stm32f10x_iwdg.o
    0x08001514   0x08001514   0x0000000c   Code   RO         1669    i.IWDG_SetReload    stm32f10x_iwdg.o
    0x08001520   0x08001520   0x0000000c   Code   RO         1670    i.IWDG_WriteAccessCmd  stm32f10x_iwdg.o
    0x0800152c   0x0800152c   0x0000002c   Code   RO         3670    i.Key_Init          key.o
    0x08001558   0x08001558   0x000002b0   Code   RO         3671    i.Key_scan          key.o
    0x08001808   0x08001808   0x0000000c   Code   RO         3427    i.LDR_ADC_Read      ldr.o
    0x08001814   0x08001814   0x00000026   Code   RO         3428    i.LDR_Average_Data  ldr.o
    0x0800183a   0x0800183a   0x00000002   PAD
    0x0800183c   0x0800183c   0x0000002c   Code   RO         3429    i.LDR_Init          ldr.o
    0x08001868   0x08001868   0x00000098   Code   RO         3430    i.LDR_LuxData       ldr.o
    0x08001900   0x08001900   0x0000011c   Code   RO         3628    i.LED_APP_Command   led.o
    0x08001a1c   0x08001a1c   0x00000038   Code   RO         3629    i.LED_Init          led.o
    0x08001a54   0x08001a54   0x00000090   Code   RO         3630    i.LED_PWM_KEY       led.o
    0x08001ae4   0x08001ae4   0x00000004   Code   RO         3367    i.MemManage_Handler  stm32f10x_it.o
    0x08001ae8   0x08001ae8   0x00000072   Code   RO         3964    i.MyRTC_Init        myrtc.o
    0x08001b5a   0x08001b5a   0x00000002   PAD
    0x08001b5c   0x08001b5c   0x00000048   Code   RO         3965    i.MyRTC_ReadTime    myrtc.o
    0x08001ba4   0x08001ba4   0x0000004c   Code   RO         3966    i.MyRTC_SetTime     myrtc.o
    0x08001bf0   0x08001bf0   0x00000002   Code   RO         3368    i.NMI_Handler       stm32f10x_it.o
    0x08001bf2   0x08001bf2   0x00000002   PAD
    0x08001bf4   0x08001bf4   0x00000074   Code   RO          137    i.NVIC_Init         misc.o
    0x08001c68   0x08001c68   0x00000014   Code   RO          138    i.NVIC_PriorityGroupConfig  misc.o
    0x08001c7c   0x08001c7c   0x0000002a   Code   RO         3460    i.OLED_Clear        oled.o
    0x08001ca6   0x08001ca6   0x00000002   PAD
    0x08001ca8   0x08001ca8   0x00000040   Code   RO         3461    i.OLED_I2C_Init     oled.o
    0x08001ce8   0x08001ce8   0x00000054   Code   RO         3462    i.OLED_I2C_SendByte  oled.o
    0x08001d3c   0x08001d3c   0x00000034   Code   RO         3463    i.OLED_I2C_Start    oled.o
    0x08001d70   0x08001d70   0x00000028   Code   RO         3464    i.OLED_I2C_Stop     oled.o
    0x08001d98   0x08001d98   0x000000ae   Code   RO         3465    i.OLED_Init         oled.o
    0x08001e46   0x08001e46   0x00000002   PAD
    0x08001e48   0x08001e48   0x000000b8   Code   RO         3196    i.OLED_Menu         main.o
    0x08001f00   0x08001f00   0x00000108   Code   RO         3197    i.OLED_Menu_SensorData  main.o
    0x08002008   0x08002008   0x00000096   Code   RO         3198    i.OLED_Option       main.o
    0x0800209e   0x0800209e   0x00000014   Code   RO         3466    i.OLED_Pow          oled.o
    0x080020b2   0x080020b2   0x00000022   Code   RO         3467    i.OLED_SetCursor    oled.o
    0x080020d4   0x080020d4   0x00000104   Code   RO         3199    i.OLED_SetInterfacevoid  main.o
    0x080021d8   0x080021d8   0x00000074   Code   RO         3469    i.OLED_ShowChar     oled.o
    0x0800224c   0x0800224c   0x0000006c   Code   RO         3470    i.OLED_ShowChinese  oled.o
    0x080022b8   0x080022b8   0x00000044   Code   RO         3472    i.OLED_ShowNum      oled.o
    0x080022fc   0x080022fc   0x00000028   Code   RO         3474    i.OLED_ShowString   oled.o
    0x08002324   0x08002324   0x00000080   Code   RO         3200    i.OLED_ThresholdTime  main.o
    0x080023a4   0x080023a4   0x00000078   Code   RO         3201    i.OLED_Time_Option  main.o
    0x0800241c   0x0800241c   0x00000020   Code   RO         3475    i.OLED_WriteCommand  oled.o
    0x0800243c   0x0800243c   0x00000020   Code   RO         3476    i.OLED_WriteData    oled.o
    0x0800245c   0x0800245c   0x00000094   Code   RO         3836    i.PWM_Init          pwm.o
    0x080024f0   0x080024f0   0x0000000c   Code   RO         1710    i.PWR_BackupAccessCmd  stm32f10x_pwr.o
    0x080024fc   0x080024fc   0x00000002   Code   RO         3369    i.PendSV_Handler    stm32f10x_it.o
    0x080024fe   0x080024fe   0x00000002   PAD
    0x08002500   0x08002500   0x00000018   Code   RO         1773    i.RCC_ADCCLKConfig  stm32f10x_rcc.o
    0x08002518   0x08002518   0x00000020   Code   RO         1775    i.RCC_APB1PeriphClockCmd  stm32f10x_rcc.o
    0x08002538   0x08002538   0x00000020   Code   RO         1776    i.RCC_APB1PeriphResetCmd  stm32f10x_rcc.o
    0x08002558   0x08002558   0x00000020   Code   RO         1777    i.RCC_APB2PeriphClockCmd  stm32f10x_rcc.o
    0x08002578   0x08002578   0x00000020   Code   RO         1778    i.RCC_APB2PeriphResetCmd  stm32f10x_rcc.o
    0x08002598   0x08002598   0x00000014   Code   RO         1781    i.RCC_ClearFlag     stm32f10x_rcc.o
    0x080025ac   0x080025ac   0x000000d4   Code   RO         1785    i.RCC_GetClocksFreq  stm32f10x_rcc.o
    0x08002680   0x08002680   0x0000003c   Code   RO         1786    i.RCC_GetFlagStatus  stm32f10x_rcc.o
    0x080026bc   0x080026bc   0x00000034   Code   RO         1793    i.RCC_LSEConfig     stm32f10x_rcc.o
    0x080026f0   0x080026f0   0x0000000c   Code   RO         1794    i.RCC_LSICmd        stm32f10x_rcc.o
    0x080026fc   0x080026fc   0x0000000c   Code   RO         1800    i.RCC_RTCCLKCmd     stm32f10x_rcc.o
    0x08002708   0x08002708   0x00000010   Code   RO         1801    i.RCC_RTCCLKConfig  stm32f10x_rcc.o
    0x08002718   0x08002718   0x00000014   Code   RO         1978    i.RTC_EnterConfigMode  stm32f10x_rtc.o
    0x0800272c   0x0800272c   0x00000014   Code   RO         1979    i.RTC_ExitConfigMode  stm32f10x_rtc.o
    0x08002740   0x08002740   0x00000014   Code   RO         1980    i.RTC_GetCounter    stm32f10x_rtc.o
    0x08002754   0x08002754   0x0000001c   Code   RO         1986    i.RTC_SetCounter    stm32f10x_rtc.o
    0x08002770   0x08002770   0x00000020   Code   RO         1987    i.RTC_SetPrescaler  stm32f10x_rtc.o
    0x08002790   0x08002790   0x00000014   Code   RO         1988    i.RTC_WaitForLastTask  stm32f10x_rtc.o
    0x080027a4   0x080027a4   0x00000020   Code   RO         1989    i.RTC_WaitForSynchro  stm32f10x_rtc.o
    0x080027c4   0x080027c4   0x00000002   Code   RO         3370    i.SVC_Handler       stm32f10x_it.o
    0x080027c6   0x080027c6   0x00000002   PAD
    0x080027c8   0x080027c8   0x00000034   Code   RO         3202    i.SetSelection      main.o
    0x080027fc   0x080027fc   0x00000008   Code   RO           24    i.SetSysClock       system_stm32f10x.o
    0x08002804   0x08002804   0x000000dc   Code   RO           25    i.SetSysClockTo72   system_stm32f10x.o
    0x080028e0   0x080028e0   0x00000002   Code   RO         3371    i.SysTick_Handler   stm32f10x_it.o
    0x080028e2   0x080028e2   0x00000002   PAD
    0x080028e4   0x080028e4   0x00000060   Code   RO           27    i.SystemInit        system_stm32f10x.o
    0x08002944   0x08002944   0x000000e8   Code   RO         3851    i.TIM2_IRQHandler   tim2.o
    0x08002a2c   0x08002a2c   0x00000020   Code   RO         3883    i.TIM3_IRQHandler   tim3.o
    0x08002a4c   0x08002a4c   0x00000028   Code   RO         3722    i.TIM4_IRQHandler   hc_sr04.o
    0x08002a74   0x08002a74   0x00000006   Code   RO         2415    i.TIM_ClearFlag     stm32f10x_tim.o
    0x08002a7a   0x08002a7a   0x00000006   Code   RO         2416    i.TIM_ClearITPendingBit  stm32f10x_tim.o
    0x08002a80   0x08002a80   0x00000018   Code   RO         2421    i.TIM_Cmd           stm32f10x_tim.o
    0x08002a98   0x08002a98   0x0000001e   Code   RO         2423    i.TIM_CtrlPWMOutputs  stm32f10x_tim.o
    0x08002ab6   0x08002ab6   0x00000002   PAD
    0x08002ab8   0x08002ab8   0x000001e8   Code   RO         2426    i.TIM_DeInit        stm32f10x_tim.o
    0x08002ca0   0x08002ca0   0x00000006   Code   RO         2440    i.TIM_GetCounter    stm32f10x_tim.o
    0x08002ca6   0x08002ca6   0x00000022   Code   RO         2442    i.TIM_GetITStatus   stm32f10x_tim.o
    0x08002cc8   0x08002cc8   0x00000012   Code   RO         2446    i.TIM_ITConfig      stm32f10x_tim.o
    0x08002cda   0x08002cda   0x00000002   PAD
    0x08002cdc   0x08002cdc   0x00000098   Code   RO         2450    i.TIM_OC1Init       stm32f10x_tim.o
    0x08002d74   0x08002d74   0x00000004   Code   RO         2482    i.TIM_SetCompare1   stm32f10x_tim.o
    0x08002d78   0x08002d78   0x00000004   Code   RO         2486    i.TIM_SetCounter    stm32f10x_tim.o
    0x08002d7c   0x08002d7c   0x000000a4   Code   RO         2492    i.TIM_TimeBaseInit  stm32f10x_tim.o
    0x08002e20   0x08002e20   0x00000138   Code   RO         3203    i.ThresholdModification  main.o
    0x08002f58   0x08002f58   0x0000010c   Code   RO         3204    i.TimeModification  main.o
    0x08003064   0x08003064   0x0000005e   Code   RO         3852    i.Timer2_Init       tim2.o
    0x080030c2   0x080030c2   0x00000002   PAD
    0x080030c4   0x080030c4   0x0000001c   Code   RO         3911    i.USART1_IRQHandler  usart.o
    0x080030e0   0x080030e0   0x00000028   Code   RO         3912    i.USART2_IRQHandler  usart.o
    0x08003108   0x08003108   0x00000018   Code   RO         2960    i.USART_Cmd         stm32f10x_usart.o
    0x08003120   0x08003120   0x0000001a   Code   RO         2963    i.USART_GetFlagStatus  stm32f10x_usart.o
    0x0800313a   0x0800313a   0x00000054   Code   RO         2964    i.USART_GetITStatus  stm32f10x_usart.o
    0x0800318e   0x0800318e   0x0000004a   Code   RO         2966    i.USART_ITConfig    stm32f10x_usart.o
    0x080031d8   0x080031d8   0x000000d8   Code   RO         2967    i.USART_Init        stm32f10x_usart.o
    0x080032b0   0x080032b0   0x0000000a   Code   RO         2974    i.USART_ReceiveData  stm32f10x_usart.o
    0x080032ba   0x080032ba   0x00000008   Code   RO         2977    i.USART_SendData    stm32f10x_usart.o
    0x080032c2   0x080032c2   0x00000002   PAD
    0x080032c4   0x080032c4   0x000000a4   Code   RO         3913    i.Uart1_Init        usart.o
    0x08003368   0x08003368   0x000000a4   Code   RO         3914    i.Uart2_Init        usart.o
    0x0800340c   0x0800340c   0x00000004   Code   RO         3372    i.UsageFault_Handler  stm32f10x_it.o
    0x08003410   0x08003410   0x00000028   Code   RO         4773    i.__ARM_fpclassify  m_ws.l(fpclassify.o)
    0x08003438   0x08003438   0x000000aa   Code   RO         4775    i.__kernel_poly     m_ws.l(poly.o)
    0x080034e2   0x080034e2   0x00000002   PAD
    0x080034e4   0x080034e4   0x00000010   Code   RO         4771    i.__mathlib_dbl_underflow  m_ws.l(dunder.o)
    0x080034f4   0x080034f4   0x0000000e   Code   RO         4624    i._is_digit         c_w.l(__printf_wp.o)
    0x08003502   0x08003502   0x00000004   Code   RO         3915    i._sys_exit         usart.o
    0x08003506   0x08003506   0x00000028   Code   RO         4096    i.calculateDynamicBitPartLen  gizwits_protocol.o
    0x0800352e   0x0800352e   0x0000001a   Code   RO         4266    i.exchangeBytes     common.o
    0x08003548   0x08003548   0x0000001a   Code   RO         4267    i.exchangeWord      common.o
    0x08003562   0x08003562   0x00000002   PAD
    0x08003564   0x08003564   0x0000001c   Code   RO         3916    i.fputc             usart.o
    0x08003580   0x08003580   0x0000002a   Code   RO         4338    i.gizAcrossByteJudge  datapointtools.o
    0x080035aa   0x080035aa   0x00000032   Code   RO         4339    i.gizByteOrderExchange  datapointtools.o
    0x080035dc   0x080035dc   0x000002c4   Code   RO         4097    i.gizCheckReport    gizwits_protocol.o
    0x080038a0   0x080038a0   0x00000168   Code   RO         4098    i.gizDataPoint2Event  gizwits_protocol.o
    0x08003a08   0x08003a08   0x000002a0   Code   RO         4099    i.gizDataPoints2ReportData  gizwits_protocol.o
    0x08003ca8   0x08003ca8   0x000000e4   Code   RO         4100    i.gizDevReportPolicy  gizwits_protocol.o
    0x08003d8c   0x08003d8c   0x0000000c   Code   RO         4034    i.gizGetTimerCount  gizwits_product.o
    0x08003d98   0x08003d98   0x00000090   Code   RO         4101    i.gizProtocolAckHandle  gizwits_protocol.o
    0x08003e28   0x08003e28   0x000000a0   Code   RO         4102    i.gizProtocolCommonAck  gizwits_protocol.o
    0x08003ec8   0x08003ec8   0x000000a4   Code   RO         4103    i.gizProtocolErrorCmd  gizwits_protocol.o
    0x08003f6c   0x08003f6c   0x0000017c   Code   RO         4104    i.gizProtocolGetDeviceInfo  gizwits_protocol.o
    0x080040e8   0x080040e8   0x00000200   Code   RO         4105    i.gizProtocolGetOnePacket  gizwits_protocol.o
    0x080042e8   0x080042e8   0x00000050   Code   RO         4106    i.gizProtocolHeadInit  gizwits_protocol.o
    0x08004338   0x08004338   0x00000144   Code   RO         4107    i.gizProtocolIssuedDataAck  gizwits_protocol.o
    0x0800447c   0x0800447c   0x0000017c   Code   RO         4108    i.gizProtocolIssuedProcess  gizwits_protocol.o
    0x080045f8   0x080045f8   0x0000005c   Code   RO         4109    i.gizProtocolModuleInfoHandle  gizwits_protocol.o
    0x08004654   0x08004654   0x0000052c   Code   RO         4110    i.gizProtocolModuleStatus  gizwits_protocol.o
    0x08004b80   0x08004b80   0x00000090   Code   RO         4111    i.gizProtocolNTP    gizwits_protocol.o
    0x08004c10   0x08004c10   0x0000001c   Code   RO         4112    i.gizProtocolReboot  gizwits_protocol.o
    0x08004c2c   0x08004c2c   0x00000080   Code   RO         4113    i.gizProtocolResendData  gizwits_protocol.o
    0x08004cac   0x08004cac   0x00000026   Code   RO         4269    i.gizProtocolSum    common.o
    0x08004cd2   0x08004cd2   0x00000002   PAD
    0x08004cd4   0x08004cd4   0x00000064   Code   RO         4114    i.gizProtocolWaitAck  gizwits_protocol.o
    0x08004d38   0x08004d38   0x0000004c   Code   RO         4115    i.gizProtocolWaitAckCheck  gizwits_protocol.o
    0x08004d84   0x08004d84   0x00000074   Code   RO         4116    i.gizPutData        gizwits_protocol.o
    0x08004df8   0x08004df8   0x000000f8   Code   RO         4117    i.gizReportData     gizwits_protocol.o
    0x08004ef0   0x08004ef0   0x00000010   Code   RO         4035    i.gizTimerMs        gizwits_product.o
    0x08004f00   0x08004f00   0x0000007c   Code   RO         4342    i.gizVarlenCompressValue  datapointtools.o
    0x08004f7c   0x08004f7c   0x000000c4   Code   RO         4343    i.gizVarlenDecompressionValue  datapointtools.o
    0x08005040   0x08005040   0x0000000c   Code   RO         4344    i.gizX2Y            datapointtools.o
    0x0800504c   0x0800504c   0x0000000e   Code   RO         4346    i.gizY2X            datapointtools.o
    0x0800505a   0x0800505a   0x00000002   PAD
    0x0800505c   0x0800505c   0x0000028c   Code   RO         4036    i.gizwitsEventProcess  gizwits_product.o
    0x080052e8   0x080052e8   0x0000037c   Code   RO         4120    i.gizwitsHandle     gizwits_protocol.o
    0x08005664   0x08005664   0x00000064   Code   RO         4121    i.gizwitsInit       gizwits_protocol.o
    0x080056c8   0x080056c8   0x00000288   Code   RO         4123    i.gizwitsSetMode    gizwits_protocol.o
    0x08005950   0x08005950   0x000001d4   Code   RO         3205    i.main              main.o
    0x08005b24   0x08005b24   0x0000000a   Code   RO         4037    i.mcuRestart        gizwits_product.o
    0x08005b2e   0x08005b2e   0x00000002   PAD
    0x08005b30   0x08005b30   0x000009e0   Code   RO         4695    i.pow               m_ws.l(pow.o)
    0x08006510   0x08006510   0x0000003a   Code   RO         4458    i.rbCanRead         ringbuffer.o
    0x0800654a   0x0800654a   0x0000001e   Code   RO         4459    i.rbCanWrite        ringbuffer.o
    0x08006568   0x08006568   0x0000000e   Code   RO         4460    i.rbCapacity        ringbuffer.o
    0x08006576   0x08006576   0x00000014   Code   RO         4461    i.rbCreate          ringbuffer.o
    0x0800658a   0x0800658a   0x000000be   Code   RO         4463    i.rbRead            ringbuffer.o
    0x08006648   0x08006648   0x0000001e   Code   RO         4464    i.rbReadIndicator   ringbuffer.o
    0x08006666   0x08006666   0x000000ba   Code   RO         4465    i.rbWrite           ringbuffer.o
    0x08006720   0x08006720   0x0000001e   Code   RO         4466    i.rbWriteIndicator  ringbuffer.o
    0x0800673e   0x0800673e   0x00000002   PAD
    0x08006740   0x08006740   0x00000028   Code   RO         3206    i.sensorScan        main.o
    0x08006768   0x08006768   0x0000004c   Code   RO         4779    i.sqrt              m_ws.l(sqrt.o)
    0x080067b4   0x080067b4   0x000000b4   Code   RO         4038    i.uartWrite         gizwits_product.o
    0x08006868   0x08006868   0x0000002c   Code   RO         4039    i.userHandle        gizwits_product.o
    0x08006894   0x08006894   0x00000034   Code   RO         4040    i.userInit          gizwits_product.o
    0x080068c8   0x080068c8   0x00000150   Code   RO         4748    x$fpl$dadd          fz_ws.l(daddsub_clz.o)
    0x08006a18   0x08006a18   0x00000010   Code   RO         4885    x$fpl$dcheck1       fz_ws.l(dcheck1.o)
    0x08006a28   0x08006a28   0x00000018   Code   RO         4919    x$fpl$dcmpinf       fz_ws.l(dcmpi.o)
    0x08006a40   0x08006a40   0x000002b0   Code   RO         4755    x$fpl$ddiv          fz_ws.l(ddiv.o)
    0x08006cf0   0x08006cf0   0x0000005a   Code   RO         4658    x$fpl$dfixu         fz_ws.l(dfixu.o)
    0x08006d4a   0x08006d4a   0x0000002e   Code   RO         4663    x$fpl$dflt          fz_ws.l(dflt_clz.o)
    0x08006d78   0x08006d78   0x00000026   Code   RO         4662    x$fpl$dfltu         fz_ws.l(dflt_clz.o)
    0x08006d9e   0x08006d9e   0x00000002   PAD
    0x08006da0   0x08006da0   0x00000078   Code   RO         4887    x$fpl$dleqf         fz_ws.l(dleqf.o)
    0x08006e18   0x08006e18   0x00000154   Code   RO         4668    x$fpl$dmul          fz_ws.l(dmul.o)
    0x08006f6c   0x08006f6c   0x0000009c   Code   RO         4758    x$fpl$dnaninf       fz_ws.l(dnaninf.o)
    0x08007008   0x08007008   0x0000000c   Code   RO         4760    x$fpl$dretinf       fz_ws.l(dretinf.o)
    0x08007014   0x08007014   0x0000006c   Code   RO         4762    x$fpl$drleqf        fz_ws.l(drleqf.o)
    0x08007080   0x08007080   0x00000016   Code   RO         4749    x$fpl$drsb          fz_ws.l(daddsub_clz.o)
    0x08007096   0x08007096   0x00000002   PAD
    0x08007098   0x08007098   0x000001cc   Code   RO         4889    x$fpl$dsqrt         fz_ws.l(dsqrt_noumaal.o)
    0x08007264   0x08007264   0x000001d4   Code   RO         4750    x$fpl$dsub          fz_ws.l(daddsub_clz.o)
    0x08007438   0x08007438   0x00000056   Code   RO         4670    x$fpl$f2d           fz_ws.l(f2d.o)
    0x0800748e   0x0800748e   0x00000002   PAD
    0x08007490   0x08007490   0x000000c4   Code   RO         4672    x$fpl$fadd          fz_ws.l(faddsub_clz.o)
    0x08007554   0x08007554   0x00000184   Code   RO         4679    x$fpl$fdiv          fz_ws.l(fdiv.o)
    0x080076d8   0x080076d8   0x00000026   Code   RO         4686    x$fpl$ffltu         fz_ws.l(fflt_clz.o)
    0x080076fe   0x080076fe   0x00000002   PAD
    0x08007700   0x08007700   0x00000102   Code   RO         4692    x$fpl$fmul          fz_ws.l(fmul.o)
    0x08007802   0x08007802   0x0000008c   Code   RO         4764    x$fpl$fnaninf       fz_ws.l(fnaninf.o)
    0x0800788e   0x0800788e   0x0000000a   Code   RO         4766    x$fpl$fretinf       fz_ws.l(fretinf.o)
    0x08007898   0x08007898   0x000000ea   Code   RO         4674    x$fpl$fsub          fz_ws.l(faddsub_clz.o)
    0x08007982   0x08007982   0x00000064   Code   RO         4923    x$fpl$retnan        fz_ws.l(retnan.o)
    0x080079e6   0x080079e6   0x0000005c   Code   RO         4768    x$fpl$scalbn        fz_ws.l(scalbn.o)
    0x08007a42   0x08007a42   0x00000030   Code   RO         4955    x$fpl$trapveneer    fz_ws.l(trapv.o)
    0x08007a72   0x08007a72   0x00000000   Code   RO         4770    x$fpl$usenofp       fz_ws.l(usenofp.o)
    0x08007a72   0x08007a72   0x00000a30   Data   RO         3477    .constdata          oled.o
    0x080084a2   0x080084a2   0x00000028   Data   RO         4597    .constdata          c_w.l(_printf_hex_int.o)
    0x080084ca   0x080084ca   0x00000011   Data   RO         4627    .constdata          c_w.l(__printf_flags_wp.o)
    0x080084db   0x080084db   0x00000005   PAD
    0x080084e0   0x080084e0   0x00000088   Data   RO         4696    .constdata          m_ws.l(pow.o)
    0x08008568   0x08008568   0x0000000c   Data   RO         4745    .constdata          c_w.l(_monlen.o)
    0x08008574   0x08008574   0x00000004   PAD
    0x08008578   0x08008578   0x00000008   Data   RO         4777    .constdata          m_ws.l(qnan.o)
    0x08008580   0x08008580   0x00000020   Data   RO         4987    Region$$Table       anon$$obj.o


    Execution Region RW_IRAM1 (Exec base: 0x20000000, Load base: 0x080085a0, Size: 0x00000de8, Max: 0x00005000, ABSOLUTE)

    Exec Addr    Load Addr    Size         Type   Attr      Idx    E Section Name        Object

    0x20000000   0x080085a0   0x00000014   Data   RW         1805    .data               stm32f10x_rcc.o
    0x20000014   0x080085b4   0x00000013   Data   RW         3207    .data               main.o
    0x20000027   0x080085c7   0x00000001   Data   RW         3583    .data               dht11.o
    0x20000028   0x080085c8   0x00000001   Data   RW         3631    .data               led.o
    0x20000029   0x080085c9   0x00000001   PAD
    0x2000002a   0x080085ca   0x0000001a   Data   RW         3672    .data               key.o
    0x20000044   0x080085e4   0x0000000e   Data   RW         3724    .data               hc_sr04.o
    0x20000052   0x080085f2   0x00000001   Data   RW         3764    .data               buzzer.o
    0x20000053   0x080085f3   0x00000001   PAD
    0x20000054   0x080085f4   0x00000008   Data   RW         3853    .data               tim2.o
    0x2000005c   0x080085fc   0x00000008   Data   RW         3918    .data               usart.o
    0x20000064   0x08008604   0x0000000c   Data   RW         3967    .data               myrtc.o
    0x20000070   0x08008610   0x00000006   Data   RW         4042    .data               gizwits_product.o
    0x20000076   0x08008616   0x00000002   PAD
    0x20000078   0x08008618   0x00000010   Data   RW         4125    .data               gizwits_protocol.o
    0x20000088        -       0x00000024   Zero   RW         4041    .bss                gizwits_product.o
    0x200000ac        -       0x000006b0   Zero   RW         4124    .bss                gizwits_protocol.o
    0x2000075c        -       0x0000002c   Zero   RW         4650    .bss                c_w.l(localtime.o)
    0x20000788        -       0x00000060   Zero   RW         4787    .bss                c_w.l(libspace.o)
    0x200007e8        -       0x00000200   Zero   RW            2    HEAP                startup_stm32f10x_md.o
    0x200009e8        -       0x00000400   Zero   RW            1    STACK               startup_stm32f10x_md.o


==============================================================================

Image component sizes


      Code (inc. data)   RO Data    RW Data    ZI Data      Debug   Object Name

       160          8          0          0          0       1067   adcx.o
       108         26          0          1          0       1513   buzzer.o
        90          0          0          0          0       3264   common.o
         0          0          0          0          0       4224   core_cm3.o
       438          0          0          0          0       4681   datapointtools.o
        68          0          0          0          0        886   delay.o
       486         26          0          1          0       3608   dht11.o
        58          0          0          0          0        992   flash.o
       966        376          0          6         36      27874   gizwits_product.o
      8048       2596          0         16       1712      19399   gizwits_protocol.o
       520         52          0         14          0       4012   hc_sr04.o
        80         12          0          0          0       1209   hc_sr501.o
       116         38          0          0          0        456   iwdg.o
       732         78          0         26          0       2179   key.o
       246         26          0          0          0       2267   ldr.o
       484         44          0          1          0       1786   led.o
      2246        158          0         19          0       8632   main.o
       136         24          0          0          0     213691   misc.o
       262         10          0         12          0       2875   myrtc.o
       906         30       2608          0          0       7841   oled.o
       148          4          0          0          0        655   pwm.o
       558          0          0          0          0       5293   ringbuffer.o
        64         26        236          0       1536        776   startup_stm32f10x_md.o
       394         10          0          0          0      18045   stm32f10x_adc.o
        56         10          0          0          0       2031   stm32f10x_bkp.o
       286         36          0          0          0       9856   stm32f10x_flash.o
       310          0          0          0          0      12220   stm32f10x_gpio.o
        26          0          0          0          0       3622   stm32f10x_it.o
        68         30          0          0          0       2230   stm32f10x_iwdg.o
        12          6          0          0          0        462   stm32f10x_pwr.o
       536         84          0         20          0      17299   stm32f10x_rcc.o
       172         34          0          0          0       3163   stm32f10x_rtc.o
       936        126          0          0          0      27382   stm32f10x_tim.o
       442          6          0          0          0      11697   stm32f10x_usart.o
       324         26          0          0          0      45109   system_stm32f10x.o
       326         28          0          8          0       1422   tim2.o
       158         12          0          0          0       1737   tim3.o
       428         34          0          8          0       4890   usart.o

    ----------------------------------------------------------------------
     21438       3976       2876        136       3284     480345   Object Totals
         0          0         32          0          0          0   (incl. Generated)
        44          0          0          4          0          0   (incl. Padding)

    ----------------------------------------------------------------------

      Code (inc. data)   RO Data    RW Data    ZI Data      Debug   Library Member Name

         8          0          0          0          0         68   __main.o
       316          6         17          0          0         92   __printf_flags_wp.o
        14          0          0          0          0         68   __printf_wp.o
        52          8          0          0          0          0   __scatter.o
        26          0          0          0          0          0   __scatter_copy.o
        28          0          0          0          0          0   __scatter_zi.o
         0          0         12          0          0          0   _monlen.o
        48          6          0          0          0         96   _printf_char_common.o
        36          4          0          0          0         80   _printf_char_file.o
         6          0          0          0          0          0   _printf_d.o
       120         18          0          0          0         92   _printf_dec.o
        92          4         40          0          0         88   _printf_hex_int.o
       184          0          0          0          0         88   _printf_intcommon.o
        82          0          0          0          0        108   _printf_pad.o
         0          0          0          0          0          0   _printf_percent.o
         4          0          0          0          0          0   _printf_percent_end.o
         6          0          0          0          0          0   _printf_x.o
        22          0          0          0          0        100   _rserrno.o
        16          0          0          0          0         68   aeabi_memset.o
        12          0          0          0          0         72   exit.o
         8          0          0          0          0         68   ferror.o
        78          0          0          0          0         80   h1_free.o
         6          0          0          0          0        152   heapauxi.o
         2          0          0          0          0          0   libinit.o
         2          0          0          0          0          0   libinit2.o
         2          0          0          0          0          0   libshutdown.o
         2          0          0          0          0          0   libshutdown2.o
         8          4          0          0         96         68   libspace.o
        12          6          0          0         44         68   localtime.o
       164          6          0          0          0         80   localtime_internal.o
       420          8          0          0          0        128   mktime.o
        24          4          0          0          0         84   noretval__2printf.o
         8          4          0          0          0         68   rt_errno_addr_intlibspace.o
         8          4          0          0          0         68   rt_heap_descriptor_intlibspace.o
        68          0          0          0          0         68   rt_memclr.o
        78          0          0          0          0         80   rt_memclr_w.o
       138          0          0          0          0         68   rt_memcpy_v6.o
       100          0          0          0          0         80   rt_memcpy_w.o
         0          0          0          0          0          0   rtentry.o
        12          0          0          0          0          0   rtentry2.o
         6          0          0          0          0          0   rtentry4.o
         2          0          0          0          0          0   rtexit.o
        10          0          0          0          0          0   rtexit2.o
        74          0          0          0          0         80   sys_stackheap_outer.o
         2          0          0          0          0         68   use_no_semi.o
         2          0          0          0          0         68   use_no_semi_2.o
       826         16          0          0          0        348   daddsub_clz.o
        16          4          0          0          0         68   dcheck1.o
        24          0          0          0          0         68   dcmpi.o
       688        140          0          0          0        208   ddiv.o
        90          4          0          0          0         92   dfixu.o
        84          0          0          0          0        136   dflt_clz.o
       120          4          0          0          0         92   dleqf.o
       340         12          0          0          0        104   dmul.o
       156          4          0          0          0         92   dnaninf.o
        12          0          0          0          0         68   dretinf.o
       108          0          0          0          0         80   drleqf.o
       460         56          0          0          0        120   dsqrt_noumaal.o
        86          4          0          0          0         84   f2d.o
       430          8          0          0          0        168   faddsub_clz.o
       388         76          0          0          0         96   fdiv.o
        38          0          0          0          0         68   fflt_clz.o
       258          4          0          0          0         84   fmul.o
       140          4          0          0          0         84   fnaninf.o
        10          0          0          0          0         68   fretinf.o
       100          0          0          0          0         68   retnan.o
        92          0          0          0          0         68   scalbn.o
        48          0          0          0          0         68   trapv.o
         0          0          0          0          0          0   usenofp.o
        16          6          0          0          0         68   dunder.o
        40          0          0          0          0         68   fpclassify.o
       170          0          0          0          0         96   poly.o
      2528        190        136          0          0        332   pow.o
         0          0          8          0          0          0   qnan.o
        76          0          0          0          0         84   sqrt.o

    ----------------------------------------------------------------------
      9672        614        222          0        140       5376   Library Totals
        20          0          9          0          0          0   (incl. Padding)

    ----------------------------------------------------------------------

      Code (inc. data)   RO Data    RW Data    ZI Data      Debug   Library Name

      2308         82         69          0        140       2396   c_w.l
      4514        336          0          0          0       2332   fz_ws.l
      2830        196        144          0          0        648   m_ws.l

    ----------------------------------------------------------------------
      9672        614        222          0        140       5376   Library Totals

    ----------------------------------------------------------------------

==============================================================================


      Code (inc. data)   RO Data    RW Data    ZI Data      Debug   

     31110       4590       3098        136       3424     472305   Grand Totals
     31110       4590       3098        136       3424     472305   ELF Image Totals
     31110       4590       3098        136          0          0   ROM Totals

==============================================================================

    Total RO  Size (Code + RO Data)                34208 (  33.41kB)
    Total RW  Size (RW Data + ZI Data)              3560 (   3.48kB)
    Total ROM Size (Code + RO Data + RW Data)      34344 (  33.54kB)

==============================================================================

