ARM Linker, 5.03 [Build 76] [MDK-ARM Standard]

==============================================================================

Section Cross References

    main.o(.text) refers to beep.o(.text) for BEEP_Init
    main.o(.text) refers to delay.o(.text) for delay_init
    main.o(.text) refers to usart.o(.text) for Usart1_Init
    main.o(.text) refers to oled.o(.text) for OLED_Init
    main.o(.text) refers to __2sprintf.o(.text) for __2sprintf
    main.o(.text) refers to led.o(.text) for LED_Init
    main.o(.text) refers to timer.o(.bss) for oledBuf
    system_stm32f10x.o(.text) refers to system_stm32f10x.o(.data) for SystemCoreClock
    led.o(.text) refers to stm32f10x_rcc.o(.text) for RCC_APB2PeriphClockCmd
    led.o(.text) refers to stm32f10x_gpio.o(.text) for GPIO_Init
    beep.o(.text) refers to stm32f10x_rcc.o(.text) for RCC_APB2PeriphClockCmd
    beep.o(.text) refers to stm32f10x_gpio.o(.text) for GPIO_Init
    dht11.o(.text) refers to delay.o(.text) for delay_ms
    dht11.o(.text) refers to stm32f10x_rcc.o(.text) for RCC_APB2PeriphClockCmd
    dht11.o(.text) refers to stm32f10x_gpio.o(.text) for GPIO_Init
    oled.o(.text) refers to stm32f10x_gpio.o(.text) for GPIO_SetBits
    oled.o(.text) refers to oled.o(.bss) for OLED_GRAM
    oled.o(.text) refers to strcpy.o(.text) for strcpy
    oled.o(.text) refers to rand.o(.emb_text) for rand
    oled.o(.text) refers to delay.o(.text) for delay_ms
    oled.o(.text) refers to stm32f10x_rcc.o(.text) for RCC_APB2PeriphClockCmd
    oled.o(.text) refers to oled.o(.constdata) for asc2_1206
    oled.o(.text) refers to oled.o(.data) for line
    key.o(.text) refers to stm32f10x_rcc.o(.text) for RCC_APB2PeriphClockCmd
    key.o(.text) refers to stm32f10x_gpio.o(.text) for GPIO_Init
    key.o(.text) refers to delay.o(.text) for delay_ms
    key.o(.text) refers to key.o(.data) for key_up
    delay.o(.text) refers to misc_1.o(.text) for SysTick_CLKSourceConfig
    delay.o(.text) refers to system_stm32f10x.o(.data) for SystemCoreClock
    delay.o(.text) refers to delay.o(.data) for fac_us
    usart.o(.text) refers to stm32f10x_rcc.o(.text) for RCC_APB2PeriphClockCmd
    usart.o(.text) refers to stm32f10x_gpio.o(.text) for GPIO_Init
    usart.o(.text) refers to stm32f10x_usart.o(.text) for USART_Init
    usart.o(.text) refers to misc_1.o(.text) for NVIC_Init
    usart.o(.text) refers to c89vsnprintf.o(.text) for __c89vsnprintf
    timer.o(.text) refers to _printf_percent.o(.ARM.Collect$$_printf_percent$$00000000) for _printf_percent
    timer.o(.text) refers to _printf_d.o(.ARM.Collect$$_printf_percent$$00000009) for _printf_d
    timer.o(.text) refers to _printf_dec.o(.text) for _printf_int_dec
    timer.o(.text) refers to stm32f10x_rcc.o(.text) for RCC_APB1PeriphClockCmd
    timer.o(.text) refers to stm32f10x_tim.o(.text) for TIM_TimeBaseInit
    timer.o(.text) refers to misc_1.o(.text) for NVIC_Init
    timer.o(.text) refers to __2sprintf.o(.text) for __2sprintf
    timer.o(.text) refers to oled.o(.text) for OLED_ShowString
    timer.o(.text) refers to main.o(.data) for alarmFlag
    timer.o(.text) refers to timer.o(.bss) for oledBuf
    exti.o(.text) refers to stm32f10x_rcc.o(.text) for RCC_APB2PeriphClockCmd
    exti.o(.text) refers to key.o(.text) for KEY_Init
    exti.o(.text) refers to stm32f10x_gpio.o(.text) for GPIO_EXTILineConfig
    exti.o(.text) refers to stm32f10x_exti.o(.text) for EXTI_Init
    exti.o(.text) refers to misc_1.o(.text) for NVIC_Init
    exti.o(.text) refers to delay.o(.text) for delay_ms
    exti.o(.text) refers to main.o(.data) for alarmFlag
    startup_stm32f10x_hd.o(STACK) refers (Special) to heapauxi.o(.text) for __use_two_region_memory
    startup_stm32f10x_hd.o(HEAP) refers (Special) to heapauxi.o(.text) for __use_two_region_memory
    startup_stm32f10x_hd.o(RESET) refers (Special) to heapauxi.o(.text) for __use_two_region_memory
    startup_stm32f10x_hd.o(RESET) refers to startup_stm32f10x_hd.o(STACK) for __initial_sp
    startup_stm32f10x_hd.o(RESET) refers to startup_stm32f10x_hd.o(.text) for Reset_Handler
    startup_stm32f10x_hd.o(RESET) refers to stm32f10x_it.o(.text) for NMI_Handler
    startup_stm32f10x_hd.o(RESET) refers to exti.o(.text) for EXTI0_IRQHandler
    startup_stm32f10x_hd.o(RESET) refers to timer.o(.text) for TIM2_IRQHandler
    startup_stm32f10x_hd.o(RESET) refers to usart.o(.text) for USART1_IRQHandler
    startup_stm32f10x_hd.o(.text) refers (Special) to heapauxi.o(.text) for __use_two_region_memory
    startup_stm32f10x_hd.o(.text) refers to system_stm32f10x.o(.text) for SystemInit
    startup_stm32f10x_hd.o(.text) refers to __main.o(!!!main) for __main
    startup_stm32f10x_hd.o(.text) refers to startup_stm32f10x_hd.o(HEAP) for Heap_Mem
    startup_stm32f10x_hd.o(.text) refers to startup_stm32f10x_hd.o(STACK) for Stack_Mem
    stm32f10x_gpio.o(.text) refers to stm32f10x_rcc.o(.text) for RCC_APB2PeriphResetCmd
    stm32f10x_rcc.o(.text) refers to stm32f10x_rcc.o(.data) for APBAHBPrescTable
[...]
    .ARM.Collect$$libinit$$0000002E          0x08000296   Section        0  libinit2.o(.ARM.Collect$$libinit$$0000002E)
    .ARM.Collect$$libinit$$00000030          0x08000296   Section        0  libinit2.o(.ARM.Collect$$libinit$$00000030)
    .ARM.Collect$$libinit$$00000031          0x08000296   Section        2  libinit2.o(.ARM.Collect$$libinit$$00000031)
    .ARM.Collect$$libshutdown$$00000000      0x08000298   Section        2  libshutdown.o(.ARM.Collect$$libshutdown$$00000000)
    .ARM.Collect$$libshutdown$$00000003      0x0800029a   Section        0  libshutdown2.o(.ARM.Collect$$libshutdown$$00000003)
    .ARM.Collect$$libshutdown$$00000006      0x0800029a   Section        0  libshutdown2.o(.ARM.Collect$$libshutdown$$00000006)
    .ARM.Collect$$libshutdown$$00000009      0x0800029a   Section        0  libshutdown2.o(.ARM.Collect$$libshutdown$$00000009)
    .ARM.Collect$$libshutdown$$0000000B      0x0800029a   Section        0  libshutdown2.o(.ARM.Collect$$libshutdown$$0000000B)
    .ARM.Collect$$libshutdown$$0000000E      0x0800029a   Section        0  libshutdown2.o(.ARM.Collect$$libshutdown$$0000000E)
    .ARM.Collect$$libshutdown$$0000000F      0x0800029a   Section        2  libshutdown2.o(.ARM.Collect$$libshutdown$$0000000F)
    .ARM.Collect$$rtentry$$00000000          0x0800029c   Section        0  rtentry.o(.ARM.Collect$$rtentry$$00000000)
    .ARM.Collect$$rtentry$$00000002          0x0800029c   Section        0  rtentry2.o(.ARM.Collect$$rtentry$$00000002)
    .ARM.Collect$$rtentry$$00000004          0x0800029c   Section        6  rtentry4.o(.ARM.Collect$$rtentry$$00000004)
    .ARM.Collect$$rtentry$$00000009          0x080002a2   Section        0  rtentry2.o(.ARM.Collect$$rtentry$$00000009)
    .ARM.Collect$$rtentry$$0000000A          0x080002a2   Section        4  rtentry2.o(.ARM.Collect$$rtentry$$0000000A)
    .ARM.Collect$$rtentry$$0000000C          0x080002a6   Section        0  rtentry2.o(.ARM.Collect$$rtentry$$0000000C)
    .ARM.Collect$$rtentry$$0000000D          0x080002a6   Section        8  rtentry2.o(.ARM.Collect$$rtentry$$0000000D)
    .ARM.Collect$$rtexit$$00000000           0x080002ae   Section        2  rtexit.o(.ARM.Collect$$rtexit$$00000000)
    .ARM.Collect$$rtexit$$00000002           0x080002b0   Section        0  rtexit2.o(.ARM.Collect$$rtexit$$00000002)
    .ARM.Collect$$rtexit$$00000003           0x080002b0   Section        4  rtexit2.o(.ARM.Collect$$rtexit$$00000003)
    .ARM.Collect$$rtexit$$00000004           0x080002b4   Section        6  rtexit2.o(.ARM.Collect$$rtexit$$00000004)
    .emb_text                                0x080002bc   Section       52  rand.o(.emb_text)
    .text                                    0x080002f0   Section        0  main.o(.text)
    .text                                    0x0800034c   Section        0  stm32f10x_it.o(.text)
    .text                                    0x08000368   Section        0  system_stm32f10x.o(.text)
    SetSysClockTo72                          0x08000369   Thumb Code   212  system_stm32f10x.o(.text)
    SetSysClock                              0x0800043d   Thumb Code     8  system_stm32f10x.o(.text)
    .text                                    0x08000544   Section        0  led.o(.text)
    .text                                    0x08000594   Section        0  beep.o(.text)
    .text                                    0x080005c8   Section        0  oled.o(.text)
    .text                                    0x08000e90   Section        0  key.o(.text)
    .text                                    0x08000f2c   Section        0  delay.o(.text)
    .text                                    0x08000ffc   Section        0  usart.o(.text)
    .text                                    0x08001248   Section        0  timer.o(.text)
    .text                                    0x08001404   Section        0  exti.o(.text)
    .text                                    0x080014fc   Section       64  startup_stm32f10x_hd.o(.text)
    .text                                    0x0800153c   Section        0  stm32f10x_gpio.o(.text)
    .text                                    0x08001894   Section        0  stm32f10x_rcc.o(.text)
    .text                                    0x08001c38   Section        0  stm32f10x_usart.o(.text)
    .text                                    0x08002040   Section        0  misc_1.o(.text)
    .text                                    0x0800211c   Section        0  stm32f10x_tim.o(.text)
    TI4_Config                               0x080025c3   Thumb Code   130  stm32f10x_tim.o(.text)
    TI3_Config                               0x08002657   Thumb Code   122  stm32f10x_tim.o(.text)
    TI2_Config                               0x080026eb   Thumb Code   130  stm32f10x_tim.o(.text)
    TI1_Config                               0x0800277f   Thumb Code   108  stm32f10x_tim.o(.text)
    .text                                    0x08002f38   Section        0  stm32f10x_exti.o(.text)
    .text                                    0x08003054   Section        0  c89vsnprintf.o(.text)
    .text                                    0x08003088   Section        0  __2sprintf.o(.text)
    .text                                    0x080030b4   Section        0  _printf_pad.o(.text)
    .text                                    0x08003108   Section        0  _printf_dec.o(.text)
    .text                                    0x08003180   Section        0  _printf_hex_int_ll_ptr.o(.text)
    _printf_hex_common                       0x08003181   Thumb Code     0  _printf_hex_int_ll_ptr.o(.text)
    .text                                    0x0800321c   Section        0  __printf_flags_ss_wp.o(.text)
    .text                                    0x080033a8   Section        0  rand.o(.text)
    .text                                    0x080033e4   Section        0  strcpy.o(.text)
    .text                                    0x0800342c   Section        0  heapauxi.o(.text)
    .text                                    0x08003434   Section       16  rt_ctype_table.o(.text)
    .text                                    0x08003444   Section        0  _printf_truncate.o(.text)
    .text                                    0x08003468   Section        0  _printf_str.o(.text)
    .text                                    0x080034ba   Section        0  _printf_intcommon.o(.text)
    .text                                    0x08003572   Section        0  _printf_charcount.o(.text)
    .text                                    0x0800359c   Section        0  _printf_fp_dec.o(.text)
    _fp_digits                               0x0800359f   Thumb Code   426  _printf_fp_dec.o(.text)
    .text                                    0x080039bc   Section        0  _printf_char_common.o(.text)
    _printf_input_char                       0x080039bd   Thumb Code    10  _printf_char_common.o(.text)
    .text                                    0x080039ec   Section        0  _sputc.o(.text)
    .text                                    0x080039f6   Section        0  _snputc.o(.text)
    .text                                    0x08003a08   Section        0  _printf_wctomb.o(.text)
    .text                                    0x08003ac4   Section        0  _printf_longlong_dec.o(.text)
    .text                                    0x08003b3c   Section        0  _printf_oct_int_ll.o(.text)
    _printf_longlong_oct_internal            0x08003b3d   Thumb Code     0  _printf_oct_int_ll.o(.text)
    .text                                    0x08003bb4   Section        8  libspace.o(.text)
    .text                                    0x08003bbc   Section        8  rt_locale_intlibspace.o(.text)
    .text                                    0x08003bc4   Section      138  lludiv10.o(.text)
    .text                                    0x08003c50   Section        0  _printf_fp_infnan.o(.text)
    .text                                    0x08003cd0   Section        0  _printf_char.o(.text)
    .text                                    0x08003cfc   Section        0  _printf_wchar.o(.text)
    .text                                    0x08003d28   Section        0  bigflt0.o(.text)
    .text                                    0x08003e0c   Section        0  _wcrtomb.o(.text)
    .text                                    0x08003e4c   Section        2  use_no_semi.o(.text)
    .text                                    0x08003e4e   Section        0  indicate_semi.o(.text)
    .text                                    0x08003e4e   Section       74  sys_stackheap_outer.o(.text)
    .text                                    0x08003e98   Section        0  exit.o(.text)
    .text                                    0x08003ea4   Section      128  strcmpv7m.o(.text)
    .text                                    0x08003f24   Section        0  sys_exit.o(.text)
    CL$$btod_d2e                             0x08003f30   Section       62  btod.o(CL$$btod_d2e)
    CL$$btod_d2e_denorm_low                  0x08003f6e   Section       70  btod.o(CL$$btod_d2e_denorm_low)
    CL$$btod_d2e_norm_op1                    0x08003fb4   Section       96  btod.o(CL$$btod_d2e_norm_op1)
    CL$$btod_div_common                      0x08004014   Section      824  btod.o(CL$$btod_div_common)
    CL$$btod_e2e                             0x0800434c   Section      198  btod.o(CL$$btod_e2e)
    CL$$btod_ediv                            0x08004412   Section       40  btod.o(CL$$btod_ediv)
    CL$$btod_emul                            0x0800443a   Section       40  btod.o(CL$$btod_emul)
    CL$$btod_mult_common                     0x08004462   Section      580  btod.o(CL$$btod_mult_common)
    i.__ARM_fpclassify                       0x080046a6   Section        0  fpclassify.o(i.__ARM_fpclassify)
    i._is_digit                              0x080046ce   Section        0  __printf_wp.o(i._is_digit)
    locale$$code                             0x080046dc   Section       44  lc_ctype_c.o(locale$$code)
    locale$$code                             0x08004708   Section       44  lc_numeric_c.o(locale$$code)
    x$fpl$printf1                            0x08004734   Section        4  printf1.o(x$fpl$printf1)
    .constdata                               0x08004738   Section     6080  oled.o(.constdata)
    x$fpl$usenofp                            0x08004738   Section        0  usenofp.o(x$fpl$usenofp)
    .constdata                               0x08005ef8   Section       40  _printf_hex_int_ll_ptr.o(.constdata)
    uc_hextab                                0x08005ef8   Data          20  _printf_hex_int_ll_ptr.o(.constdata)
    lc_hextab                                0x08005f0c   Data          20  _printf_hex_int_ll_ptr.o(.constdata)
    .constdata                               0x08005f20   Section       17  __printf_flags_ss_wp.o(.constdata)
    maptable                                 0x08005f20   Data          17  __printf_flags_ss_wp.o(.constdata)
    .constdata                               0x08005f34   Section        8  _printf_wctomb.o(.constdata)
    initial_mbstate                          0x08005f34   Data           8  _printf_wctomb.o(.constdata)
    .constdata                               0x08005f3c   Section      148  bigflt0.o(.constdata)
    tenpwrs_x                                0x08005f3c   Data          60  bigflt0.o(.constdata)
    tenpwrs_i                                0x08005f78   Data          64  bigflt0.o(.constdata)
    locale$$data                             0x08005ff0   Section      272  lc_ctype_c.o(locale$$data)
    __lcctype_c_name                         0x08005ff4   Data           2  lc_ctype_c.o(locale$$data)
    __lcctype_c_start                        0x08005ffc   Data           0  lc_ctype_c.o(locale$$data)
    locale$$data                             0x08006100   Section       28  lc_numeric_c.o(locale$$data)
    __lcctype_c_end                          0x08006100   Data           0  lc_ctype_c.o(locale$$data)
    __lcnum_c_name                           0x08006104   Data           2  lc_numeric_c.o(locale$$data)
    __lcnum_c_start                          0x0800610c   Data           0  lc_numeric_c.o(locale$$data)
    __lcnum_c_point                          0x08006118   Data           0  lc_numeric_c.o(locale$$data)
    __lcnum_c_thousands                      0x0800611a   Data           0  lc_numeric_c.o(locale$$data)
    __lcnum_c_grouping                       0x0800611b   Data           0  lc_numeric_c.o(locale$$data)
    __lcnum_c_end                            0x0800611c   Data           0  lc_numeric_c.o(locale$$data)
    .data                                    0x20000000   Section       11  main.o(.data)
    .data                                    0x2000000c   Section       20  system_stm32f10x.o(.data)
    .data                                    0x20000020   Section     5177  oled.o(.data)
    line                                     0x20001458   Data           1  oled.o(.data)
    .data                                    0x20001459   Section        1  key.o(.data)
    key_up                                   0x20001459   Data           1  key.o(.data)
    .data                                    0x2000145a   Section        4  delay.o(.data)
    fac_us                                   0x2000145a   Data           1  delay.o(.data)
    fac_ms                                   0x2000145c   Data           2  delay.o(.data)
    .data                                    0x2000145e   Section       20  stm32f10x_rcc.o(.data)
    APBAHBPrescTable                         0x2000145e   Data          16  stm32f10x_rcc.o(.data)
    ADCPrescTable                            0x2000146e   Data           4  stm32f10x_rcc.o(.data)
    .bss                                     0x20001474   Section     1216  oled.o(.bss)
    Display_line_0                           0x20001474   Data          16  oled.o(.bss)
    Display_line_1                           0x20001484   Data          16  oled.o(.bss)
    Display_line_2                           0x20001494   Data          16  oled.o(.bss)
    Display_line_3                           0x200014a4   Data          16  oled.o(.bss)
    .bss                                     0x20001934   Section       20  timer.o(.bss)
    .bss                                     0x20001948   Section      228  rand.o(.bss)
    .bss                                     0x20001a2c   Section       96  libspace.o(.bss)
    HEAP                                     0x20001a90   Section      512  startup_stm32f10x_hd.o(HEAP)
    Heap_Mem                                 0x20001a90   Data         512  startup_stm32f10x_hd.o(HEAP)
    STACK                                    0x20001c90   Section     1024  startup_stm32f10x_hd.o(STACK)
    Stack_Mem                                0x20001c90   Data        1024  startup_stm32f10x_hd.o(STACK)
    __initial_sp                             0x20002090   Data           0  startup_stm32f10x_hd.o(STACK)

    Global Symbols

    Symbol Name                              Value     Ov Type        Size  Object(Section)

    BuildAttributes$$THM_ISAv4$P$D$K$B$S$PE$A:L22UL41UL21$X:L11$S22US41US21$IEEE1$IW$USESV6$~STKCKD$USESV7$~SHL$OTIME$ROPI$IEEEX$EBA8$UX$STANDARDLIB$REQ8$PRES8$EABIv2 0x00000000   Number         0  anon$$obj.o ABSOLUTE
    __ARM_use_no_argv                        0x00000000   Number         0  main.o ABSOLUTE
    _printf_flags                            0x00000000   Number         0  printf_stubs.o ABSOLUTE
    _printf_return_value                     0x00000000   Number         0  printf_stubs.o ABSOLUTE
    _printf_sizespec                         0x00000000   Number         0  printf_stubs.o ABSOLUTE
    _printf_widthprec                        0x00000000   Number         0  printf_stubs.o ABSOLUTE
    __ARM_exceptions_init                     - Undefined Weak Reference
    __alloca_initialize                       - Undefined Weak Reference
    __cpp_initialize__aeabi_                  - Undefined Weak Reference
    __cxa_finalize                            - Undefined Weak Reference
    __sigvec_lookup                           - Undefined Weak Reference
    __user_heap_extent                        - Undefined Weak Reference
    _atexit_init                              - Undefined Weak Reference
    _call_atexit_fns                          - Undefined Weak Reference
    _clock_init                               - Undefined Weak Reference
    _fp_trap_init                             - Undefined Weak Reference
    _fp_trap_shutdown                         - Undefined Weak Reference
    _get_lc_collate                           - Undefined Weak Reference
    _get_lc_monetary                          - Undefined Weak Reference
    _get_lc_time                              - Undefined Weak Reference
    _getenv_init                              - Undefined Weak Reference
    _handle_redirection                       - Undefined Weak Reference
    _initio                                   - Undefined Weak Reference
    _mutex_acquire                            - Undefined Weak Reference
    _mutex_free                               - Undefined Weak Reference
    _mutex_release                            - Undefined Weak Reference
    _printf_fp_hex                            - Undefined Weak Reference
    _printf_mbtowc                            - Undefined Weak Reference
    _printf_wc                                - Undefined Weak Reference
    _signal_finish                            - Undefined Weak Reference
    _signal_init                              - Undefined Weak Reference
    _terminateio                              - Undefined Weak Reference
    __Vectors_Size                           0x00000130   Number         0  startup_stm32f10x_hd.o ABSOLUTE
    __Vectors                                0x08000000   Data           4  startup_stm32f10x_hd.o(RESET)
    __Vectors_End                            0x08000130   Data           0  startup_stm32f10x_hd.o(RESET)
    __main                                   0x08000131   Thumb Code     8  __main.o(!!!main)
    __scatterload                            0x08000139   Thumb Code     0  __scatter.o(!!!scatter)
    __scatterload_rt2                        0x08000139   Thumb Code    44  __scatter.o(!!!scatter)
    __scatterload_rt2_thumb_only             0x08000139   Thumb Code     0  __scatter.o(!!!scatter)
    __scatterload_null                       0x08000147   Thumb Code     0  __scatter.o(!!!scatter)
    __decompress                             0x0800016d   Thumb Code    90  __dczerorl2.o(!!dczerorl2)
    __decompress1                            0x0800016d   Thumb Code     0  __dczerorl2.o(!!dczerorl2)
    __scatterload_zeroinit                   0x080001c9   Thumb Code    28  __scatter_zi.o(!!handler_zi)
    _printf_n                                0x080001e5   Thumb Code     0  _printf_n.o(.ARM.Collect$$_printf_percent$$00000001)
    _printf_percent                          0x080001e5   Thumb Code     0  _printf_percent.o(.ARM.Collect$$_printf_percent$$00000000)
    _printf_p                                0x080001eb   Thumb Code     0  _printf_p.o(.ARM.Collect$$_printf_percent$$00000002)
    _printf_f                                0x080001f1   Thumb Code     0  _printf_f.o(.ARM.Collect$$_printf_percent$$00000003)
    _printf_e                                0x080001f7   Thumb Code     0  _printf_e.o(.ARM.Collect$$_printf_percent$$00000004)
    _printf_g                                0x080001fd   Thumb Code     0  _printf_g.o(.ARM.Collect$$_printf_percent$$00000005)
    _printf_a                                0x08000203   Thumb Code     0  _printf_a.o(.ARM.Collect$$_printf_percent$$00000006)
    _printf_ll                               0x08000209   Thumb Code     0  _printf_ll.o(.ARM.Collect$$_printf_percent$$00000007)
    _printf_i                                0x08000213   Thumb Code     0  _printf_i.o(.ARM.Collect$$_printf_percent$$00000008)
    _printf_d                                0x08000219   Thumb Code     0  _printf_d.o(.ARM.Collect$$_printf_percent$$00000009)
    _printf_u                                0x0800021f   Thumb Code     0  _printf_u.o(.ARM.Collect$$_printf_percent$$0000000A)
    _printf_o                                0x08000225   Thumb Code     0  _printf_o.o(.ARM.Collect$$_printf_percent$$0000000B)
    _printf_x                                0x0800022b   Thumb Code     0  _printf_x.o(.ARM.Collect$$_printf_percent$$0000000C)
    _printf_lli                              0x08000231   Thumb Code     0  _printf_lli.o(.ARM.Collect$$_printf_percent$$0000000D)
    _printf_lld                              0x08000237   Thumb Code     0  _printf_lld.o(.ARM.Collect$$_printf_percent$$0000000E)
    _printf_llu                              0x0800023d   Thumb Code     0  _printf_llu.o(.ARM.Collect$$_printf_percent$$0000000F)
    _printf_llo                              0x08000243   Thumb Code     0  _printf_llo.o(.ARM.Collect$$_printf_percent$$00000010)
    _printf_llx                              0x08000249   Thumb Code     0  _printf_llx.o(.ARM.Collect$$_printf_percent$$00000011)
    _printf_l                                0x0800024f   Thumb Code     0  _printf_l.o(.ARM.Collect$$_printf_percent$$00000012)
    _printf_c                                0x08000259   Thumb Code     0  _printf_c.o(.ARM.Collect$$_printf_percent$$00000013)
    _printf_s                                0x0800025f   Thumb Code     0  _printf_s.o(.ARM.Collect$$_printf_percent$$00000014)
    _printf_lc                               0x08000265   Thumb Code     0  _printf_lc.o(.ARM.Collect$$_printf_percent$$00000015)
    _printf_ls                               0x0800026b   Thumb Code     0  _printf_ls.o(.ARM.Collect$$_printf_percent$$00000016)
    _printf_percent_end                      0x08000271   Thumb Code     0  _printf_percent_end.o(.ARM.Collect$$_printf_percent$$00000017)
    __rt_lib_init                            0x08000275   Thumb Code     0  libinit.o(.ARM.Collect$$libinit$$00000000)
    __rt_lib_init_fp_1                       0x08000277   Thumb Code     0  libinit2.o(.ARM.Collect$$libinit$$00000002)
    __rt_lib_init_heap_1                     0x08000277   Thumb Code     0  libinit2.o(.ARM.Collect$$libinit$$00000008)
    __rt_lib_init_rand_2                     0x08000277   Thumb Code     0  libinit2.o(.ARM.Collect$$libinit$$0000000B)
    __rt_lib_init_user_alloc_1               0x08000277   Thumb Code     0  libinit2.o(.ARM.Collect$$libinit$$0000000A)
    __rt_lib_init_lc_common                  0x0800027b   Thumb Code     0  libinit2.o(.ARM.Collect$$libinit$$0000000D)
    __rt_lib_init_rand_1                     0x0800027b   Thumb Code     0  libinit2.o(.ARM.Collect$$libinit$$0000000C)
    __rt_lib_init_lc_collate_1               0x08000281   Thumb Code     0  libinit2.o(.ARM.Collect$$libinit$$0000000F)
    __rt_lib_init_lc_ctype_2                 0x08000281   Thumb Code     0  libinit2.o(.ARM.Collect$$libinit$$00000010)
    __rt_lib_init_lc_ctype_1                 0x0800028d   Thumb Code     0  libinit2.o(.ARM.Collect$$libinit$$00000011)
    __rt_lib_init_lc_monetary_1              0x0800028d   Thumb Code     0  libinit2.o(.ARM.Collect$$libinit$$00000013)
    __rt_lib_init_lc_numeric_2               0x0800028d   Thumb Code     0  libinit2.o(.ARM.Collect$$libinit$$00000014)
    __rt_lib_init_alloca_1                   0x08000297   Thumb Code     0  libinit2.o(.ARM.Collect$$libinit$$0000002C)
    __rt_lib_init_argv_1                     0x08000297   Thumb Code     0  libinit2.o(.ARM.Collect$$libinit$$0000002A)
    __rt_lib_init_atexit_1                   0x08000297   Thumb Code     0  libinit2.o(.ARM.Collect$$libinit$$00000019)
    __rt_lib_init_clock_1                    0x08000297   Thumb Code     0  libinit2.o(.ARM.Collect$$libinit$$0000001F)
    __rt_lib_init_cpp_1                      0x08000297   Thumb Code     0  libinit2.o(.ARM.Collect$$libinit$$00000030)
    __rt_lib_init_exceptions_1               0x08000297   Thumb Code     0  libinit2.o(.ARM.Collect$$libinit$$0000002E)
    __rt_lib_init_fp_trap_1                  0x08000297   Thumb Code     0  libinit2.o(.ARM.Collect$$libinit$$0000001D)
    __rt_lib_init_getenv_1                   0x08000297   Thumb Code     0  libinit2.o(.ARM.Collect$$libinit$$00000021)
    __rt_lib_init_lc_numeric_1               0x08000297   Thumb Code     0  libinit2.o(.ARM.Collect$$libinit$$00000015)
    __rt_lib_init_lc_time_1                  0x08000297   Thumb Code     0  libinit2.o(.ARM.Collect$$libinit$$00000017)
    __rt_lib_init_return                     0x08000297   Thumb Code     0  libinit2.o(.ARM.Collect$$libinit$$00000031)
    __rt_lib_init_signal_1                   0x08000297   Thumb Code     0  libinit2.o(.ARM.Collect$$libinit$$0000001B)
    __rt_lib_init_stdio_1                    0x08000297   Thumb Code     0  libinit2.o(.ARM.Collect$$libinit$$00000023)
    __rt_lib_shutdown                        0x08000299   Thumb Code     0  libshutdown.o(.ARM.Collect$$libshutdown$$00000000)
    __rt_lib_shutdown_fp_trap_1              0x0800029b   Thumb Code     0  libshutdown2.o(.ARM.Collect$$libshutdown$$00000006)
    __rt_lib_shutdown_heap_1                 0x0800029b   Thumb Code     0  libshutdown2.o(.ARM.Collect$$libshutdown$$0000000E)
    __rt_lib_shutdown_return                 0x0800029b   Thumb Code     0  libshutdown2.o(.ARM.Collect$$libshutdown$$0000000F)
    __rt_lib_shutdown_signal_1               0x0800029b   Thumb Code     0  libshutdown2.o(.ARM.Collect$$libshutdown$$00000009)
    __rt_lib_shutdown_stdio_1                0x0800029b   Thumb Code     0  libshutdown2.o(.ARM.Collect$$libshutdown$$00000003)
    __rt_lib_shutdown_user_alloc_1           0x0800029b   Thumb Code     0  libshutdown2.o(.ARM.Collect$$libshutdown$$0000000B)
    __rt_entry                               0x0800029d   Thumb Code     0  rtentry.o(.ARM.Collect$$rtentry$$00000000)
    __rt_entry_presh_1                       0x0800029d   Thumb Code     0  rtentry2.o(.ARM.Collect$$rtentry$$00000002)
    __rt_entry_sh                            0x0800029d   Thumb Code     0  rtentry4.o(.ARM.Collect$$rtentry$$00000004)
    __rt_entry_li                            0x080002a3   Thumb Code     0  rtentry2.o(.ARM.Collect$$rtentry$$0000000A)
    __rt_entry_postsh_1                      0x080002a3   Thumb Code     0  rtentry2.o(.ARM.Collect$$rtentry$$00000009)
    __rt_entry_main                          0x080002a7   Thumb Code     0  rtentry2.o(.ARM.Collect$$rtentry$$0000000D)
    __rt_entry_postli_1                      0x080002a7   Thumb Code     0  rtentry2.o(.ARM.Collect$$rtentry$$0000000C)
    __rt_exit                                0x080002af   Thumb Code     0  rtexit.o(.ARM.Collect$$rtexit$$00000000)
    __rt_exit_ls                             0x080002b1   Thumb Code     0  rtexit2.o(.ARM.Collect$$rtexit$$00000003)
    __rt_exit_prels_1                        0x080002b1   Thumb Code     0  rtexit2.o(.ARM.Collect$$rtexit$$00000002)
    __rt_exit_exit                           0x080002b5   Thumb Code     0  rtexit2.o(.ARM.Collect$$rtexit$$00000004)
    rand                                     0x080002bd   Thumb Code    48  rand.o(.emb_text)
    main                                     0x080002f1   Thumb Code    64  main.o(.text)
    NMI_Handler                              0x0800034d   Thumb Code     2  stm32f10x_it.o(.text)
    HardFault_Handler                        0x0800034f   Thumb Code     4  stm32f10x_it.o(.text)
    MemManage_Handler                        0x08000353   Thumb Code     4  stm32f10x_it.o(.text)
    BusFault_Handler                         0x08000357   Thumb Code     4  stm32f10x_it.o(.text)
    UsageFault_Handler                       0x0800035b   Thumb Code     4  stm32f10x_it.o(.text)
    SVC_Handler                              0x0800035f   Thumb Code     2  stm32f10x_it.o(.text)
    DebugMon_Handler                         0x08000361   Thumb Code     2  stm32f10x_it.o(.text)
    PendSV_Handler                           0x08000363   Thumb Code     2  stm32f10x_it.o(.text)
    SysTick_Handler                          0x08000365   Thumb Code     2  stm32f10x_it.o(.text)
    SystemInit                               0x08000445   Thumb Code    78  system_stm32f10x.o(.text)
    SystemCoreClockUpdate                    0x08000493   Thumb Code   142  system_stm32f10x.o(.text)
    LED_Init                                 0x08000545   Thumb Code    70  led.o(.text)
    BEEP_Init                                0x08000595   Thumb Code    46  beep.o(.text)
    I2C_Stop                                 0x080005c9   Thumb Code    28  oled.o(.text)
    I2C_WaitAck                              0x080005e5   Thumb Code    20  oled.o(.text)
    Send_Byte                                0x080005f9   Thumb Code    70  oled.o(.text)
    I2C_Start                                0x0800063f   Thumb Code    36  oled.o(.text)
    OLED_WR_Byte                             0x08000663   Thumb Code    56  oled.o(.text)
    OLED_ColorTurn                           0x0800069b   Thumb Code    28  oled.o(.text)
    OLED_DisplayTurn                         0x080006b7   Thumb Code    44  oled.o(.text)
    OLED_DisPlay_On                          0x080006e3   Thumb Code    28  oled.o(.text)
    OLED_DisPlay_Off                         0x080006ff   Thumb Code    28  oled.o(.text)
    OLED_Refresh                             0x0800071b   Thumb Code    70  oled.o(.text)
    OLED_Clear                               0x08000761   Thumb Code    42  oled.o(.text)
    OLED_DrawPoint                           0x0800078b   Thumb Code    54  oled.o(.text)
    OLED_ClearPoint                          0x080007c1   Thumb Code    90  oled.o(.text)
    OLED_DrawLine                            0x0800081b   Thumb Code   176  oled.o(.text)
    OLED_DrawCircle                          0x080008cb   Thumb Code   152  oled.o(.text)
    OLED_ShowChar                            0x08000963   Thumb Code   246  oled.o(.text)
    OLED_ShowString                          0x08000a59   Thumb Code    66  oled.o(.text)
    OLED_ClearAndShowString                  0x08000a9b   Thumb Code    36  oled.o(.text)
    OLED_Pow                                 0x08000abf   Thumb Code    22  oled.o(.text)
    OLED_ShowNum                             0x08000ad5   Thumb Code   116  oled.o(.text)
    OLED_Refresh_Line                        0x08000b49   Thumb Code   352  oled.o(.text)
    OLED_WR_BP                               0x08000ca9   Thumb Code    46  oled.o(.text)
    OLED_ShowPicture                         0x08000cd7   Thumb Code    98  oled.o(.text)
    OLED_Init                                0x08000d39   Thumb Code   342  oled.o(.text)
    KEY_Init                                 0x08000e91   Thumb Code    52  key.o(.text)
    KEY_Scan                                 0x08000ec5   Thumb Code    86  key.o(.text)
    delay_init                               0x08000f2d   Thumb Code    50  delay.o(.text)
    delay_us                                 0x08000f5f   Thumb Code    70  delay.o(.text)
    delay_ms                                 0x08000fa5   Thumb Code    70  delay.o(.text)
    Usart1_Init                              0x08000ffd   Thumb Code   166  usart.o(.text)
    Usart2_Init                              0x080010a3   Thumb Code   162  usart.o(.text)
    Usart_SendString                         0x08001145   Thumb Code    50  usart.o(.text)
    UsartPrintf                              0x08001177   Thumb Code    72  usart.o(.text)
    DEBUG_LOG                                0x080011bf   Thumb Code    86  usart.o(.text)
    USART1_IRQHandler                        0x08001215   Thumb Code    24  usart.o(.text)
    TIM3_Int_Init                            0x08001249   Thumb Code    90  timer.o(.text)
    TIM3_IRQHandler                          0x080012a3   Thumb Code    76  timer.o(.text)
    TIM2_Int_Init                            0x080012ef   Thumb Code    92  timer.o(.text)
    TIM2_IRQHandler                          0x0800134b   Thumb Code   104  timer.o(.text)
    EXTIX_Init                               0x08001405   Thumb Code   144  exti.o(.text)
    EXTI0_IRQHandler                         0x08001495   Thumb Code    40  exti.o(.text)
    EXTI1_IRQHandler                         0x080014bd   Thumb Code    44  exti.o(.text)
    Reset_Handler                            0x080014fd   Thumb Code     8  startup_stm32f10x_hd.o(.text)
    ADC1_2_IRQHandler                        0x08001517   Thumb Code     0  startup_stm32f10x_hd.o(.text)
    ADC3_IRQHandler                          0x08001517   Thumb Code     0  startup_stm32f10x_hd.o(.text)
    CAN1_RX1_IRQHandler                      0x08001517   Thumb Code     0  startup_stm32f10x_hd.o(.text)
    CAN1_SCE_IRQHandler                      0x08001517   Thumb Code     0  startup_stm32f10x_hd.o(.text)
    DMA1_Channel1_IRQHandler                 0x08001517   Thumb Code     0  startup_stm32f10x_hd.o(.text)
    DMA1_Channel2_IRQHandler                 0x08001517   Thumb Code     0  startup_stm32f10x_hd.o(.text)
    DMA1_Channel3_IRQHandler                 0x08001517   Thumb Code     0  startup_stm32f10x_hd.o(.text)
    DMA1_Channel4_IRQHandler                 0x08001517   Thumb Code     0  startup_stm32f10x_hd.o(.text)
    DMA1_Channel5_IRQHandler                 0x08001517   Thumb Code     0  startup_stm32f10x_hd.o(.text)
    DMA1_Channel6_IRQHandler                 0x08001517   Thumb Code     0  startup_stm32f10x_hd.o(.text)
    DMA1_Channel7_IRQHandler                 0x08001517   Thumb Code     0  startup_stm32f10x_hd.o(.text)
    DMA2_Channel1_IRQHandler                 0x08001517   Thumb Code     0  startup_stm32f10x_hd.o(.text)
    DMA2_Channel2_IRQHandler                 0x08001517   Thumb Code     0  startup_stm32f10x_hd.o(.text)
    DMA2_Channel3_IRQHandler                 0x08001517   Thumb Code     0  startup_stm32f10x_hd.o(.text)
    DMA2_Channel4_5_IRQHandler               0x08001517   Thumb Code     0  startup_stm32f10x_hd.o(.text)
    EXTI15_10_IRQHandler                     0x08001517   Thumb Code     0  startup_stm32f10x_hd.o(.text)
    EXTI2_IRQHandler                         0x08001517   Thumb Code     0  startup_stm32f10x_hd.o(.text)
    EXTI3_IRQHandler                         0x08001517   Thumb Code     0  startup_stm32f10x_hd.o(.text)
    EXTI4_IRQHandler                         0x08001517   Thumb Code     0  startup_stm32f10x_hd.o(.text)
    EXTI9_5_IRQHandler                       0x08001517   Thumb Code     0  startup_stm32f10x_hd.o(.text)
    FLASH_IRQHandler                         0x08001517   Thumb Code     0  startup_stm32f10x_hd.o(.text)
    FSMC_IRQHandler                          0x08001517   Thumb Code     0  startup_stm32f10x_hd.o(.text)
    I2C1_ER_IRQHandler                       0x08001517   Thumb Code     0  startup_stm32f10x_hd.o(.text)
    I2C1_EV_IRQHandler                       0x08001517   Thumb Code     0  startup_stm32f10x_hd.o(.text)
    I2C2_ER_IRQHandler                       0x08001517   Thumb Code     0  startup_stm32f10x_hd.o(.text)
    I2C2_EV_IRQHandler                       0x08001517   Thumb Code     0  startup_stm32f10x_hd.o(.text)
    PVD_IRQHandler                           0x08001517   Thumb Code     0  startup_stm32f10x_hd.o(.text)
    RCC_IRQHandler                           0x08001517   Thumb Code     0  startup_stm32f10x_hd.o(.text)
    RTCAlarm_IRQHandler                      0x08001517   Thumb Code     0  startup_stm32f10x_hd.o(.text)
    RTC_IRQHandler                           0x08001517   Thumb Code     0  startup_stm32f10x_hd.o(.text)
    SDIO_IRQHandler                          0x08001517   Thumb Code     0  startup_stm32f10x_hd.o(.text)
    SPI1_IRQHandler                          0x08001517   Thumb Code     0  startup_stm32f10x_hd.o(.text)
    SPI2_IRQHandler                          0x08001517   Thumb Code     0  startup_stm32f10x_hd.o(.text)
    SPI3_IRQHandler                          0x08001517   Thumb Code     0  startup_stm32f10x_hd.o(.text)
    TAMPER_IRQHandler                        0x08001517   Thumb Code     0  startup_stm32f10x_hd.o(.text)
    TIM1_BRK_IRQHandler                      0x08001517   Thumb Code     0  startup_stm32f10x_hd.o(.text)
    TIM1_CC_IRQHandler                       0x08001517   Thumb Code     0  startup_stm32f10x_hd.o(.text)
    TIM1_TRG_COM_IRQHandler                  0x08001517   Thumb Code     0  startup_stm32f10x_hd.o(.text)
    TIM1_UP_IRQHandler                       0x08001517   Thumb Code     0  startup_stm32f10x_hd.o(.text)
    TIM4_IRQHandler                          0x08001517   Thumb Code     0  startup_stm32f10x_hd.o(.text)
    TIM5_IRQHandler                          0x08001517   Thumb Code     0  startup_stm32f10x_hd.o(.text)
    TIM6_IRQHandler                          0x08001517   Thumb Code     0  startup_stm32f10x_hd.o(.text)
    TIM7_IRQHandler                          0x08001517   Thumb Code     0  startup_stm32f10x_hd.o(.text)
    TIM8_BRK_IRQHandler                      0x08001517   Thumb Code     0  startup_stm32f10x_hd.o(.text)
    TIM8_CC_IRQHandler                       0x08001517   Thumb Code     0  startup_stm32f10x_hd.o(.text)
    TIM8_TRG_COM_IRQHandler                  0x08001517   Thumb Code     0  startup_stm32f10x_hd.o(.text)
    TIM8_UP_IRQHandler                       0x08001517   Thumb Code     0  startup_stm32f10x_hd.o(.text)
    UART4_IRQHandler                         0x08001517   Thumb Code     0  startup_stm32f10x_hd.o(.text)
    UART5_IRQHandler                         0x08001517   Thumb Code     0  startup_stm32f10x_hd.o(.text)
    USART2_IRQHandler                        0x08001517   Thumb Code     0  startup_stm32f10x_hd.o(.text)
    USART3_IRQHandler                        0x08001517   Thumb Code     0  startup_stm32f10x_hd.o(.text)
    USBWakeUp_IRQHandler                     0x08001517   Thumb Code     0  startup_stm32f10x_hd.o(.text)
    USB_HP_CAN1_TX_IRQHandler                0x08001517   Thumb Code     0  startup_stm32f10x_hd.o(.text)
    USB_LP_CAN1_RX0_IRQHandler               0x08001517   Thumb Code     0  startup_stm32f10x_hd.o(.text)
    WWDG_IRQHandler                          0x08001517   Thumb Code     0  startup_stm32f10x_hd.o(.text)
    __user_initial_stackheap                 0x08001519   Thumb Code     0  startup_stm32f10x_hd.o(.text)
    GPIO_DeInit                              0x0800153d   Thumb Code   172  stm32f10x_gpio.o(.text)
    GPIO_AFIODeInit                          0x080015e9   Thumb Code    20  stm32f10x_gpio.o(.text)
    GPIO_Init                                0x080015fd   Thumb Code   274  stm32f10x_gpio.o(.text)
    GPIO_StructInit                          0x0800170f   Thumb Code    16  stm32f10x_gpio.o(.text)
    GPIO_ReadInputDataBit                    0x0800171f   Thumb Code    18  stm32f10x_gpio.o(.text)
    GPIO_ReadInputData                       0x08001731   Thumb Code     8  stm32f10x_gpio.o(.text)
    GPIO_ReadOutputDataBit                   0x08001739   Thumb Code    18  stm32f10x_gpio.o(.text)
    GPIO_ReadOutputData                      0x0800174b   Thumb Code     8  stm32f10x_gpio.o(.text)
    GPIO_SetBits                             0x08001753   Thumb Code     4  stm32f10x_gpio.o(.text)
    GPIO_ResetBits                           0x08001757   Thumb Code     4  stm32f10x_gpio.o(.text)
    GPIO_WriteBit                            0x0800175b   Thumb Code    10  stm32f10x_gpio.o(.text)
    GPIO_Write                               0x08001765   Thumb Code     4  stm32f10x_gpio.o(.text)
    GPIO_PinLockConfig                       0x08001769   Thumb Code    18  stm32f10x_gpio.o(.text)
    GPIO_EventOutputConfig                   0x0800177b   Thumb Code    26  stm32f10x_gpio.o(.text)
    GPIO_EventOutputCmd                      0x08001795   Thumb Code     6  stm32f10x_gpio.o(.text)
    GPIO_PinRemapConfig                      0x0800179b   Thumb Code   138  stm32f10x_gpio.o(.text)
    GPIO_EXTILineConfig                      0x08001825   Thumb Code    66  stm32f10x_gpio.o(.text)
    GPIO_ETH_MediaInterfaceConfig            0x08001867   Thumb Code     6  stm32f10x_gpio.o(.text)
    RCC_DeInit                               0x08001895   Thumb Code    64  stm32f10x_rcc.o(.text)
    RCC_HSEConfig                            0x080018d5   Thumb Code    70  stm32f10x_rcc.o(.text)
    RCC_GetFlagStatus                        0x0800191b   Thumb Code    56  stm32f10x_rcc.o(.text)
    RCC_WaitForHSEStartUp                    0x08001953   Thumb Code    56  stm32f10x_rcc.o(.text)
    RCC_AdjustHSICalibrationValue            0x0800198b   Thumb Code    20  stm32f10x_rcc.o(.text)
    RCC_HSICmd                               0x0800199f   Thumb Code     6  stm32f10x_rcc.o(.text)
    RCC_PLLConfig                            0x080019a5   Thumb Code    24  stm32f10x_rcc.o(.text)
    RCC_PLLCmd                               0x080019bd   Thumb Code     6  stm32f10x_rcc.o(.text)
    RCC_SYSCLKConfig                         0x080019c3   Thumb Code    18  stm32f10x_rcc.o(.text)
    RCC_GetSYSCLKSource                      0x080019d5   Thumb Code    10  stm32f10x_rcc.o(.text)
    RCC_HCLKConfig                           0x080019df   Thumb Code    18  stm32f10x_rcc.o(.text)
    RCC_PCLK1Config                          0x080019f1   Thumb Code    18  stm32f10x_rcc.o(.text)
    RCC_PCLK2Config                          0x08001a03   Thumb Code    20  stm32f10x_rcc.o(.text)
    RCC_ITConfig                             0x08001a17   Thumb Code    26  stm32f10x_rcc.o(.text)
    RCC_USBCLKConfig                         0x08001a31   Thumb Code     6  stm32f10x_rcc.o(.text)
    RCC_ADCCLKConfig                         0x08001a37   Thumb Code    18  stm32f10x_rcc.o(.text)
    RCC_LSEConfig                            0x08001a49   Thumb Code    44  stm32f10x_rcc.o(.text)
    RCC_LSICmd                               0x08001a75   Thumb Code     6  stm32f10x_rcc.o(.text)
    RCC_RTCCLKConfig                         0x08001a7b   Thumb Code    12  stm32f10x_rcc.o(.text)
    RCC_RTCCLKCmd                            0x08001a87   Thumb Code     8  stm32f10x_rcc.o(.text)
    RCC_GetClocksFreq                        0x08001a8f   Thumb Code   192  stm32f10x_rcc.o(.text)
    RCC_AHBPeriphClockCmd                    0x08001b4f   Thumb Code    26  stm32f10x_rcc.o(.text)
    RCC_APB2PeriphClockCmd                   0x08001b69   Thumb Code    26  stm32f10x_rcc.o(.text)
    RCC_APB1PeriphClockCmd                   0x08001b83   Thumb Code    26  stm32f10x_rcc.o(.text)
    RCC_APB2PeriphResetCmd                   0x08001b9d   Thumb Code    26  stm32f10x_rcc.o(.text)
    RCC_APB1PeriphResetCmd                   0x08001bb7   Thumb Code    26  stm32f10x_rcc.o(.text)
    RCC_BackupResetCmd                       0x08001bd1   Thumb Code     8  stm32f10x_rcc.o(.text)
    RCC_ClockSecuritySystemCmd               0x08001bd9   Thumb Code     6  stm32f10x_rcc.o(.text)
    RCC_MCOConfig                            0x08001bdf   Thumb Code     6  stm32f10x_rcc.o(.text)
    RCC_ClearFlag                            0x08001be5   Thumb Code    14  stm32f10x_rcc.o(.text)
    RCC_GetITStatus                          0x08001bf3   Thumb Code    20  stm32f10x_rcc.o(.text)
    RCC_ClearITPendingBit                    0x08001c07   Thumb Code     6  stm32f10x_rcc.o(.text)
    USART_DeInit                             0x08001c39   Thumb Code   134  stm32f10x_usart.o(.text)
    USART_Init                               0x08001cbf   Thumb Code   210  stm32f10x_usart.o(.text)
    USART_StructInit                         0x08001d91   Thumb Code    24  stm32f10x_usart.o(.text)
    USART_ClockInit                          0x08001da9   Thumb Code    34  stm32f10x_usart.o(.text)
    USART_ClockStructInit                    0x08001dcb   Thumb Code    12  stm32f10x_usart.o(.text)
    USART_Cmd                                0x08001dd7   Thumb Code    24  stm32f10x_usart.o(.text)
    USART_ITConfig                           0x08001def   Thumb Code    74  stm32f10x_usart.o(.text)
    USART_DMACmd                             0x08001e39   Thumb Code    18  stm32f10x_usart.o(.text)
    USART_SetAddress                         0x08001e4b   Thumb Code    18  stm32f10x_usart.o(.text)
    USART_WakeUpConfig                       0x08001e5d   Thumb Code    18  stm32f10x_usart.o(.text)
    USART_ReceiverWakeUpCmd                  0x08001e6f   Thumb Code    24  stm32f10x_usart.o(.text)
    USART_LINBreakDetectLengthConfig         0x08001e87   Thumb Code    18  stm32f10x_usart.o(.text)
    USART_LINCmd                             0x08001e99   Thumb Code    24  stm32f10x_usart.o(.text)
    USART_SendData                           0x08001eb1   Thumb Code     8  stm32f10x_usart.o(.text)
    USART_ReceiveData                        0x08001eb9   Thumb Code    10  stm32f10x_usart.o(.text)
    USART_SendBreak                          0x08001ec3   Thumb Code    10  stm32f10x_usart.o(.text)
    USART_SetGuardTime                       0x08001ecd   Thumb Code    16  stm32f10x_usart.o(.text)
    USART_SetPrescaler                       0x08001edd   Thumb Code    16  stm32f10x_usart.o(.text)
    USART_SmartCardCmd                       0x08001eed   Thumb Code    24  stm32f10x_usart.o(.text)
    USART_SmartCardNACKCmd                   0x08001f05   Thumb Code    24  stm32f10x_usart.o(.text)
    USART_HalfDuplexCmd                      0x08001f1d   Thumb Code    24  stm32f10x_usart.o(.text)
    USART_OverSampling8Cmd                   0x08001f35   Thumb Code    22  stm32f10x_usart.o(.text)
    USART_OneBitMethodCmd                    0x08001f4b   Thumb Code    24  stm32f10x_usart.o(.text)
    USART_IrDAConfig                         0x08001f63   Thumb Code    18  stm32f10x_usart.o(.text)
    USART_IrDACmd                            0x08001f75   Thumb Code    24  stm32f10x_usart.o(.text)
    USART_GetFlagStatus                      0x08001f8d   Thumb Code    26  stm32f10x_usart.o(.text)
    USART_ClearFlag                          0x08001fa7   Thumb Code    18  stm32f10x_usart.o(.text)
    USART_GetITStatus                        0x08001fb9   Thumb Code    84  stm32f10x_usart.o(.text)
    USART_ClearITPendingBit                  0x0800200d   Thumb Code    52  stm32f10x_usart.o(.text)
    NVIC_PriorityGroupConfig                 0x08002041   Thumb Code    10  misc_1.o(.text)
    NVIC_Init                                0x0800204b   Thumb Code   102  misc_1.o(.text)
    NVIC_SetVectorTable                      0x080020b1   Thumb Code    14  misc_1.o(.text)
    NVIC_SystemLPConfig                      0x080020bf   Thumb Code    34  misc_1.o(.text)
    SysTick_CLKSourceConfig                  0x080020e1   Thumb Code    40  misc_1.o(.text)
    TIM_DeInit                               0x0800211d   Thumb Code   424  stm32f10x_tim.o(.text)
    TIM_TimeBaseInit                         0x080022c5   Thumb Code   122  stm32f10x_tim.o(.text)
    TIM_OC1Init                              0x0800233f   Thumb Code   132  stm32f10x_tim.o(.text)
    TIM_OC2Init                              0x080023c3   Thumb Code   154  stm32f10x_tim.o(.text)
    TIM_OC3Init                              0x0800245d   Thumb Code   150  stm32f10x_tim.o(.text)
    TIM_OC4Init                              0x080024f3   Thumb Code   182  stm32f10x_tim.o(.text)
    TIM_SetIC4Prescaler                      0x080025a9   Thumb Code    26  stm32f10x_tim.o(.text)
    TIM_SetIC3Prescaler                      0x08002645   Thumb Code    18  stm32f10x_tim.o(.text)
    TIM_SetIC2Prescaler                      0x080026d1   Thumb Code    26  stm32f10x_tim.o(.text)
    TIM_SetIC1Prescaler                      0x0800276d   Thumb Code    18  stm32f10x_tim.o(.text)
    TIM_ICInit                               0x080027eb   Thumb Code   150  stm32f10x_tim.o(.text)
    TIM_PWMIConfig                           0x08002881   Thumb Code   124  stm32f10x_tim.o(.text)
    TIM_BDTRConfig                           0x080028fd   Thumb Code    32  stm32f10x_tim.o(.text)
    TIM_TimeBaseStructInit                   0x0800291d   Thumb Code    18  stm32f10x_tim.o(.text)
    TIM_OCStructInit                         0x0800292f   Thumb Code    20  stm32f10x_tim.o(.text)
    TIM_ICStructInit                         0x08002943   Thumb Code    18  stm32f10x_tim.o(.text)
    TIM_BDTRStructInit                       0x08002955   Thumb Code    40  stm32f10x_tim.o(.text)
    TIM_Cmd                                  0x0800297d   Thumb Code    24  stm32f10x_tim.o(.text)
    TIM_CtrlPWMOutputs                       0x08002995   Thumb Code    30  stm32f10x_tim.o(.text)
    TIM_ITConfig                             0x080029b3   Thumb Code    18  stm32f10x_tim.o(.text)
    TIM_GenerateEvent                        0x080029c5   Thumb Code     4  stm32f10x_tim.o(.text)
    TIM_DMAConfig                            0x080029c9   Thumb Code    10  stm32f10x_tim.o(.text)
    TIM_DMACmd                               0x080029d3   Thumb Code    18  stm32f10x_tim.o(.text)
    TIM_InternalClockConfig                  0x080029e5   Thumb Code    12  stm32f10x_tim.o(.text)
    TIM_SelectInputTrigger                   0x080029f1   Thumb Code    18  stm32f10x_tim.o(.text)
    TIM_ITRxExternalClockConfig              0x08002a03   Thumb Code    24  stm32f10x_tim.o(.text)
    TIM_TIxExternalClockConfig               0x08002a1b   Thumb Code    62  stm32f10x_tim.o(.text)
    TIM_ETRConfig                            0x08002a59   Thumb Code    28  stm32f10x_tim.o(.text)
    TIM_ETRClockMode1Config                  0x08002a75   Thumb Code    54  stm32f10x_tim.o(.text)
    TIM_ETRClockMode2Config                  0x08002aab   Thumb Code    32  stm32f10x_tim.o(.text)
    TIM_PrescalerConfig                      0x08002acb   Thumb Code     6  stm32f10x_tim.o(.text)
    TIM_CounterModeConfig                    0x08002ad1   Thumb Code    18  stm32f10x_tim.o(.text)
    TIM_EncoderInterfaceConfig               0x08002ae3   Thumb Code    66  stm32f10x_tim.o(.text)
    TIM_ForcedOC1Config                      0x08002b25   Thumb Code    18  stm32f10x_tim.o(.text)
    TIM_ForcedOC2Config                      0x08002b37   Thumb Code    26  stm32f10x_tim.o(.text)
    TIM_ForcedOC3Config                      0x08002b51   Thumb Code    18  stm32f10x_tim.o(.text)
    TIM_ForcedOC4Config                      0x08002b63   Thumb Code    26  stm32f10x_tim.o(.text)
    TIM_ARRPreloadConfig                     0x08002b7d   Thumb Code    24  stm32f10x_tim.o(.text)
    TIM_SelectCOM                            0x08002b95   Thumb Code    24  stm32f10x_tim.o(.text)
    TIM_SelectCCDMA                          0x08002bad   Thumb Code    24  stm32f10x_tim.o(.text)
    TIM_CCPreloadControl                     0x08002bc5   Thumb Code    24  stm32f10x_tim.o(.text)
    TIM_OC1PreloadConfig                     0x08002bdd   Thumb Code    18  stm32f10x_tim.o(.text)
    TIM_OC2PreloadConfig                     0x08002bef   Thumb Code    26  stm32f10x_tim.o(.text)
    TIM_OC3PreloadConfig                     0x08002c09   Thumb Code    18  stm32f10x_tim.o(.text)
    TIM_OC4PreloadConfig                     0x08002c1b   Thumb Code    26  stm32f10x_tim.o(.text)
    TIM_OC1FastConfig                        0x08002c35   Thumb Code    18  stm32f10x_tim.o(.text)
    TIM_OC2FastConfig                        0x08002c47   Thumb Code    26  stm32f10x_tim.o(.text)
    TIM_OC3FastConfig                        0x08002c61   Thumb Code    18  stm32f10x_tim.o(.text)
    TIM_OC4FastConfig                        0x08002c73   Thumb Code    26  stm32f10x_tim.o(.text)
    TIM_ClearOC1Ref                          0x08002c8d   Thumb Code    18  stm32f10x_tim.o(.text)
    TIM_ClearOC2Ref                          0x08002c9f   Thumb Code    24  stm32f10x_tim.o(.text)
    TIM_ClearOC3Ref                          0x08002cb7   Thumb Code    18  stm32f10x_tim.o(.text)
    TIM_ClearOC4Ref                          0x08002cc9   Thumb Code    24  stm32f10x_tim.o(.text)
    TIM_OC1PolarityConfig                    0x08002ce1   Thumb Code    18  stm32f10x_tim.o(.text)
    TIM_OC1NPolarityConfig                   0x08002cf3   Thumb Code    18  stm32f10x_tim.o(.text)
    TIM_OC2PolarityConfig                    0x08002d05   Thumb Code    26  stm32f10x_tim.o(.text)
    TIM_OC2NPolarityConfig                   0x08002d1f   Thumb Code    26  stm32f10x_tim.o(.text)
    TIM_OC3PolarityConfig                    0x08002d39   Thumb Code    26  stm32f10x_tim.o(.text)
    TIM_OC3NPolarityConfig                   0x08002d53   Thumb Code    26  stm32f10x_tim.o(.text)
    TIM_OC4PolarityConfig                    0x08002d6d   Thumb Code    26  stm32f10x_tim.o(.text)
    TIM_CCxCmd                               0x08002d87   Thumb Code    30  stm32f10x_tim.o(.text)
    TIM_CCxNCmd                              0x08002da5   Thumb Code    30  stm32f10x_tim.o(.text)
    TIM_SelectOCxM                           0x08002dc3   Thumb Code    82  stm32f10x_tim.o(.text)
    TIM_UpdateDisableConfig                  0x08002e15   Thumb Code    24  stm32f10x_tim.o(.text)
    TIM_UpdateRequestConfig                  0x08002e2d   Thumb Code    24  stm32f10x_tim.o(.text)
    TIM_SelectHallSensor                     0x08002e45   Thumb Code    24  stm32f10x_tim.o(.text)
    TIM_SelectOnePulseMode                   0x08002e5d   Thumb Code    18  stm32f10x_tim.o(.text)
    TIM_SelectOutputTrigger                  0x08002e6f   Thumb Code    18  stm32f10x_tim.o(.text)
    TIM_SelectSlaveMode                      0x08002e81   Thumb Code    18  stm32f10x_tim.o(.text)
    TIM_SelectMasterSlaveMode                0x08002e93   Thumb Code    18  stm32f10x_tim.o(.text)
    TIM_SetCounter                           0x08002ea5   Thumb Code     4  stm32f10x_tim.o(.text)
    TIM_SetAutoreload                        0x08002ea9   Thumb Code     4  stm32f10x_tim.o(.text)
    TIM_SetCompare1                          0x08002ead   Thumb Code     4  stm32f10x_tim.o(.text)
    TIM_SetCompare2                          0x08002eb1   Thumb Code     4  stm32f10x_tim.o(.text)
    TIM_SetCompare3                          0x08002eb5   Thumb Code     4  stm32f10x_tim.o(.text)
    TIM_SetCompare4                          0x08002eb9   Thumb Code     6  stm32f10x_tim.o(.text)
    TIM_SetClockDivision                     0x08002ebf   Thumb Code    18  stm32f10x_tim.o(.text)
    TIM_GetCapture1                          0x08002ed1   Thumb Code     6  stm32f10x_tim.o(.text)
    TIM_GetCapture2                          0x08002ed7   Thumb Code     6  stm32f10x_tim.o(.text)
    TIM_GetCapture3                          0x08002edd   Thumb Code     6  stm32f10x_tim.o(.text)
    TIM_GetCapture4                          0x08002ee3   Thumb Code     8  stm32f10x_tim.o(.text)
    TIM_GetCounter                           0x08002eeb   Thumb Code     6  stm32f10x_tim.o(.text)
    TIM_GetPrescaler                         0x08002ef1   Thumb Code     6  stm32f10x_tim.o(.text)
    TIM_GetFlagStatus                        0x08002ef7   Thumb Code    18  stm32f10x_tim.o(.text)
    TIM_ClearFlag                            0x08002f09   Thumb Code     6  stm32f10x_tim.o(.text)
    TIM_GetITStatus                          0x08002f0f   Thumb Code    34  stm32f10x_tim.o(.text)
    TIM_ClearITPendingBit                    0x08002f31   Thumb Code     6  stm32f10x_tim.o(.text)
    EXTI_DeInit                              0x08002f39   Thumb Code    28  stm32f10x_exti.o(.text)
    EXTI_Init                                0x08002f55   Thumb Code   142  stm32f10x_exti.o(.text)
    EXTI_StructInit                          0x08002fe3   Thumb Code    16  stm32f10x_exti.o(.text)
    EXTI_GenerateSWInterrupt                 0x08002ff3   Thumb Code    16  stm32f10x_exti.o(.text)
    EXTI_GetFlagStatus                       0x08003003   Thumb Code    22  stm32f10x_exti.o(.text)
    EXTI_ClearFlag                           0x08003019   Thumb Code     8  stm32f10x_exti.o(.text)
    EXTI_GetITStatus                         0x08003021   Thumb Code    34  stm32f10x_exti.o(.text)
    EXTI_ClearITPendingBit                   0x08003043   Thumb Code     8  stm32f10x_exti.o(.text)
    __c89vsnprintf                           0x08003055   Thumb Code    48  c89vsnprintf.o(.text)
    __2sprintf                               0x08003089   Thumb Code    38  __2sprintf.o(.text)
    _printf_pre_padding                      0x080030b5   Thumb Code    46  _printf_pad.o(.text)
    _printf_post_padding                     0x080030e3   Thumb Code    36  _printf_pad.o(.text)
    _printf_int_dec                          0x08003109   Thumb Code   102  _printf_dec.o(.text)
    _printf_longlong_hex                     0x08003181   Thumb Code    92  _printf_hex_int_ll_ptr.o(.text)
    _printf_int_hex                          0x080031dd   Thumb Code    28  _printf_hex_int_ll_ptr.o(.text)
    _printf_ll_hex                           0x080031f9   Thumb Code    12  _printf_hex_int_ll_ptr.o(.text)
    _printf_hex_ptr                          0x08003205   Thumb Code    18  _printf_hex_int_ll_ptr.o(.text)
    __printf                                 0x0800321d   Thumb Code   390  __printf_flags_ss_wp.o(.text)
    srand                                    0x080033a9   Thumb Code    42  rand.o(.text)
    _rand_init                               0x080033d3   Thumb Code     4  rand.o(.text)
    strcpy                                   0x080033e5   Thumb Code    72  strcpy.o(.text)
    __use_two_region_memory                  0x0800342d   Thumb Code     2  heapauxi.o(.text)
    __rt_heap_escrow                         0x0800342f   Thumb Code     2  heapauxi.o(.text)
    __rt_heap_expand                         0x08003431   Thumb Code     2  heapauxi.o(.text)
    __rt_ctype_table                         0x08003435   Thumb Code    16  rt_ctype_table.o(.text)
    _printf_truncate_signed                  0x08003445   Thumb Code    18  _printf_truncate.o(.text)
    _printf_truncate_unsigned                0x08003457   Thumb Code    18  _printf_truncate.o(.text)
    _printf_str                              0x08003469   Thumb Code    82  _printf_str.o(.text)
    _printf_int_common                       0x080034bb   Thumb Code   184  _printf_intcommon.o(.text)
    _printf_charcount                        0x08003573   Thumb Code    42  _printf_charcount.o(.text)
    __lib_sel_fp_printf                      0x0800359d   Thumb Code     2  _printf_fp_dec.o(.text)
    _printf_fp_dec_real                      0x08003749   Thumb Code   628  _printf_fp_dec.o(.text)
    _printf_char_common                      0x080039c7   Thumb Code    32  _printf_char_common.o(.text)
    _sputc                                   0x080039ed   Thumb Code    10  _sputc.o(.text)
    _snputc                                  0x080039f7   Thumb Code    16  _snputc.o(.text)
    _printf_wctomb                           0x08003a09   Thumb Code   182  _printf_wctomb.o(.text)
    _printf_longlong_dec                     0x08003ac5   Thumb Code   104  _printf_longlong_dec.o(.text)
    _printf_longlong_oct                     0x08003b3d   Thumb Code    76  _printf_oct_int_ll.o(.text)
    _printf_int_oct                          0x08003b89   Thumb Code    24  _printf_oct_int_ll.o(.text)
    _printf_ll_oct                           0x08003ba1   Thumb Code    12  _printf_oct_int_ll.o(.text)
    __user_libspace                          0x08003bb5   Thumb Code     8  libspace.o(.text)
    __user_perproc_libspace                  0x08003bb5   Thumb Code     0  libspace.o(.text)
    __user_perthread_libspace                0x08003bb5   Thumb Code     0  libspace.o(.text)
    __rt_locale                              0x08003bbd   Thumb Code     8  rt_locale_intlibspace.o(.text)
    _ll_udiv10                               0x08003bc5   Thumb Code   138  lludiv10.o(.text)
    _printf_fp_infnan                        0x08003c51   Thumb Code   112  _printf_fp_infnan.o(.text)
    _printf_cs_common                        0x08003cd1   Thumb Code    20  _printf_char.o(.text)
    _printf_char                             0x08003ce5   Thumb Code    16  _printf_char.o(.text)
    _printf_string                           0x08003cf5   Thumb Code     8  _printf_char.o(.text)
    _printf_lcs_common                       0x08003cfd   Thumb Code    20  _printf_wchar.o(.text)
    _printf_wchar                            0x08003d11   Thumb Code    16  _printf_wchar.o(.text)
    _printf_wstring                          0x08003d21   Thumb Code     8  _printf_wchar.o(.text)
    _btod_etento                             0x08003d29   Thumb Code   222  bigflt0.o(.text)
    _wcrtomb                                 0x08003e0d   Thumb Code    64  _wcrtomb.o(.text)
    __I$use$semihosting                      0x08003e4d   Thumb Code     0  use_no_semi.o(.text)
    __use_no_semihosting_swi                 0x08003e4d   Thumb Code     2  use_no_semi.o(.text)
    __semihosting_library_function           0x08003e4f   Thumb Code     0  indicate_semi.o(.text)
    __user_setup_stackheap                   0x08003e4f   Thumb Code    74  sys_stackheap_outer.o(.text)
    exit                                     0x08003e99   Thumb Code    12  exit.o(.text)
    strcmp                                   0x08003ea5   Thumb Code   128  strcmpv7m.o(.text)
    _sys_exit                                0x08003f25   Thumb Code     8  sys_exit.o(.text)
    _btod_d2e                                0x08003f31   Thumb Code    62  btod.o(CL$$btod_d2e)
    _d2e_denorm_low                          0x08003f6f   Thumb Code    70  btod.o(CL$$btod_d2e_denorm_low)
    _d2e_norm_op1                            0x08003fb5   Thumb Code    96  btod.o(CL$$btod_d2e_norm_op1)
    __btod_div_common                        0x08004015   Thumb Code   696  btod.o(CL$$btod_div_common)
    _e2e                                     0x0800434d   Thumb Code   198  btod.o(CL$$btod_e2e)
    _btod_ediv                               0x08004413   Thumb Code    40  btod.o(CL$$btod_ediv)
    _btod_emul                               0x0800443b   Thumb Code    40  btod.o(CL$$btod_emul)
    __btod_mult_common                       0x08004463   Thumb Code   580  btod.o(CL$$btod_mult_common)
    __ARM_fpclassify                         0x080046a7   Thumb Code    40  fpclassify.o(i.__ARM_fpclassify)
    _is_digit                                0x080046cf   Thumb Code    14  __printf_wp.o(i._is_digit)
    _get_lc_ctype                            0x080046dd   Thumb Code    44  lc_ctype_c.o(locale$$code)
    _get_lc_numeric                          0x08004709   Thumb Code    44  lc_numeric_c.o(locale$$code)
    _printf_fp_dec                           0x08004735   Thumb Code     4  printf1.o(x$fpl$printf1)
    __I$use$fp                               0x08004738   Number         0  usenofp.o(x$fpl$usenofp)
    asc2_1206                                0x08004738   Data        1140  oled.o(.constdata)
    asc2_1608                                0x08004bac   Data        1520  oled.o(.constdata)
    asc2_2412                                0x0800519c   Data        3420  oled.o(.constdata)
    Region$$Table$$Base                      0x08005fd0   Number         0  anon$$obj.o(Region$$Table)
    Region$$Table$$Limit                     0x08005ff0   Number         0  anon$$obj.o(Region$$Table)
    __ctype                                  0x08005ffd   Data           0  lc_ctype_c.o(locale$$data)
    alarmFlag                                0x20000000   Data           1  main.o(.data)
    alarm_is_free                            0x20000001   Data           1  main.o(.data)
    humidityH                                0x20000002   Data           1  main.o(.data)
    humidityL                                0x20000003   Data           1  main.o(.data)
    temperatureH                             0x20000004   Data           1  main.o(.data)
    temperatureL                             0x20000005   Data           1  main.o(.data)
    buffer                                   0x20000006   Data           5  main.o(.data)
    SystemCoreClock                          0x2000000c   Data           4  system_stm32f10x.o(.data)
    AHBPrescTable                            0x20000010   Data          16  system_stm32f10x.o(.data)
    Hzk1                                     0x20000020   Data         352  oled.o(.data)
    Hzk2                                     0x20000180   Data         216  oled.o(.data)
    Hzk3                                     0x20000258   Data         512  oled.o(.data)
    Hzk4                                     0x20000458   Data        4096  oled.o(.data)
    OLED_GRAM                                0x200014b4   Data        1152  oled.o(.bss)
    oledBuf                                  0x20001934   Data          20  timer.o(.bss)
    _random_number_data                      0x20001948   Data         228  rand.o(.bss)
    __libspace_start                         0x20001a2c   Data          96  libspace.o(.bss)
    __temporary_stack_top$libspace           0x20001a8c   Data           0  libspace.o(.bss)



==============================================================================

Memory Map of the image

  Image Entry point : 0x08000131

  Load Region LR_IROM1 (Base: 0x08000000, Size: 0x00007590, Max: 0x00010000, ABSOLUTE, COMPRESSED[0x000062f4])

    Execution Region ER_IROM1 (Exec base: 0x08000000, Load base: 0x08000000, Size: 0x0000611c, Max: 0x00010000, ABSOLUTE)

    Exec Addr    Load Addr    Size         Type   Attr      Idx    E Section Name        Object

    0x08000000   0x08000000   0x00000130   Data   RO          377    RESET               startup_stm32f10x_hd.o
    0x08000130   0x08000130   0x00000008   Code   RO          633  * !!!main             c_w.l(__main.o)
    0x08000138   0x08000138   0x00000034   Code   RO         1020    !!!scatter          c_w.l(__scatter.o)
    0x0800016c   0x0800016c   0x0000005a   Code   RO         1018    !!dczerorl2         c_w.l(__dczerorl2.o)
    0x080001c6   0x080001c6   0x00000002   PAD
    0x080001c8   0x080001c8   0x0000001c   Code   RO         1022    !!handler_zi        c_w.l(__scatter_zi.o)
    0x080001e4   0x080001e4   0x00000000   Code   RO          611    .ARM.Collect$$_printf_percent$$00000000  c_w.l(_printf_percent.o)
    0x080001e4   0x080001e4   0x00000006   Code   RO          738    .ARM.Collect$$_printf_percent$$00000001  c_w.l(_printf_n.o)
    0x080001ea   0x080001ea   0x00000006   Code   RO          739    .ARM.Collect$$_printf_percent$$00000002  c_w.l(_printf_p.o)
    0x080001f0   0x080001f0   0x00000006   Code   RO          609    .ARM.Collect$$_printf_percent$$00000003  c_w.l(_printf_f.o)
    0x080001f6   0x080001f6   0x00000006   Code   RO          610    .ARM.Collect$$_printf_percent$$00000004  c_w.l(_printf_e.o)
    0x080001fc   0x080001fc   0x00000006   Code   RO          743    .ARM.Collect$$_printf_percent$$00000005  c_w.l(_printf_g.o)
    0x08000202   0x08000202   0x00000006   Code   RO          744    .ARM.Collect$$_printf_percent$$00000006  c_w.l(_printf_a.o)
    0x08000208   0x08000208   0x0000000a   Code   RO          749    .ARM.Collect$$_printf_percent$$00000007  c_w.l(_printf_ll.o)
    0x08000212   0x08000212   0x00000006   Code   RO          741    .ARM.Collect$$_printf_percent$$00000008  c_w.l(_printf_i.o)
    0x08000218   0x08000218   0x00000006   Code   RO          608    .ARM.Collect$$_printf_percent$$00000009  c_w.l(_printf_d.o)
    0x0800021e   0x0800021e   0x00000006   Code   RO          742    .ARM.Collect$$_printf_percent$$0000000A  c_w.l(_printf_u.o)
    0x08000224   0x08000224   0x00000006   Code   RO          740    .ARM.Collect$$_printf_percent$$0000000B  c_w.l(_printf_o.o)
    0x0800022a   0x0800022a   0x00000006   Code   RO          607    .ARM.Collect$$_printf_percent$$0000000C  c_w.l(_printf_x.o)
    0x08000230   0x08000230   0x00000006   Code   RO          746    .ARM.Collect$$_printf_percent$$0000000D  c_w.l(_printf_lli.o)
    0x08000236   0x08000236   0x00000006   Code   RO          747    .ARM.Collect$$_printf_percent$$0000000E  c_w.l(_printf_lld.o)
    0x0800023c   0x0800023c   0x00000006   Code   RO          748    .ARM.Collect$$_printf_percent$$0000000F  c_w.l(_printf_llu.o)
    0x08000242   0x08000242   0x00000006   Code   RO          753    .ARM.Collect$$_printf_percent$$00000010  c_w.l(_printf_llo.o)
    0x08000248   0x08000248   0x00000006   Code   RO          754    .ARM.Collect$$_printf_percent$$00000011  c_w.l(_printf_llx.o)
    0x0800024e   0x0800024e   0x0000000a   Code   RO          750    .ARM.Collect$$_printf_percent$$00000012  c_w.l(_printf_l.o)
    0x08000258   0x08000258   0x00000006   Code   RO          736    .ARM.Collect$$_printf_percent$$00000013  c_w.l(_printf_c.o)
    0x0800025e   0x0800025e   0x00000006   Code   RO          737    .ARM.Collect$$_printf_percent$$00000014  c_w.l(_printf_s.o)
    0x08000264   0x08000264   0x00000006   Code   RO          751    .ARM.Collect$$_printf_percent$$00000015  c_w.l(_printf_lc.o)
    0x0800026a   0x0800026a   0x00000006   Code   RO          752    .ARM.Collect$$_printf_percent$$00000016  c_w.l(_printf_ls.o)
    0x08000270   0x08000270   0x00000004   Code   RO          745    .ARM.Collect$$_printf_percent$$00000017  c_w.l(_printf_percent_end.o)
    0x08000274   0x08000274   0x00000002   Code   RO          954    .ARM.Collect$$libinit$$00000000  c_w.l(libinit.o)
    0x08000276   0x08000276   0x00000000   Code   RO          758    .ARM.Collect$$libinit$$00000002  c_w.l(libinit2.o)
    0x08000276   0x08000276   0x00000000   Code   RO          761    .ARM.Collect$$libinit$$00000008  c_w.l(libinit2.o)
    0x08000276   0x08000276   0x00000000   Code   RO          763    .ARM.Collect$$libinit$$0000000A  c_w.l(libinit2.o)
    0x08000276   0x08000276   0x00000004   Code   RO          764    .ARM.Collect$$libinit$$0000000B  c_w.l(libinit2.o)
    0x0800027a   0x0800027a   0x00000000   Code   RO          765    .ARM.Collect$$libinit$$0000000C  c_w.l(libinit2.o)
    0x0800027a   0x0800027a   0x00000006   Code   RO          766    .ARM.Collect$$libinit$$0000000D  c_w.l(libinit2.o)
    0x08000280   0x08000280   0x00000000   Code   RO          768    .ARM.Collect$$libinit$$0000000F  c_w.l(libinit2.o)
    0x08000280   0x08000280   0x0000000c   Code   RO          769    .ARM.Collect$$libinit$$00000010  c_w.l(libinit2.o)
    0x0800028c   0x0800028c   0x00000000   Code   RO          770    .ARM.Collect$$libinit$$00000011  c_w.l(libinit2.o)
    0x0800028c   0x0800028c   0x00000000   Code   RO          772    .ARM.Collect$$libinit$$00000013  c_w.l(libinit2.o)
    0x0800028c   0x0800028c   0x0000000a   Code   RO          773    .ARM.Collect$$libinit$$00000014  c_w.l(libinit2.o)
    0x08000296   0x08000296   0x00000000   Code   RO          774    .ARM.Collect$$libinit$$00000015  c_w.l(libinit2.o)
    0x08000296   0x08000296   0x00000000   Code   RO          776    .ARM.Collect$$libinit$$00000017  c_w.l(libinit2.o)
    0x08000296   0x08000296   0x00000000   Code   RO          778    .ARM.Collect$$libinit$$00000019  c_w.l(libinit2.o)
    0x08000296   0x08000296   0x00000000   Code   RO          780    .ARM.Collect$$libinit$$0000001B  c_w.l(libinit2.o)
    0x08000296   0x08000296   0x00000000   Code   RO          782    .ARM.Collect$$libinit$$0000001D  c_w.l(libinit2.o)
    0x08000296   0x08000296   0x00000000   Code   RO          784    .ARM.Collect$$libinit$$0000001F  c_w.l(libinit2.o)
    0x08000296   0x08000296   0x00000000   Code   RO          786    .ARM.Collect$$libinit$$00000021  c_w.l(libinit2.o)
    0x08000296   0x08000296   0x00000000   Code   RO          788    .ARM.Collect$$libinit$$00000023  c_w.l(libinit2.o)
    0x08000296   0x08000296   0x00000000   Code   RO          792    .ARM.Collect$$libinit$$0000002A  c_w.l(libinit2.o)
    0x08000296   0x08000296   0x00000000   Code   RO          794    .ARM.Collect$$libinit$$0000002C  c_w.l(libinit2.o)
    0x08000296   0x08000296   0x00000000   Code   RO          796    .ARM.Collect$$libinit$$0000002E  c_w.l(libinit2.o)
    0x08000296   0x08000296   0x00000000   Code   RO          798    .ARM.Collect$$libinit$$00000030  c_w.l(libinit2.o)
    0x08000296   0x08000296   0x00000002   Code   RO          799    .ARM.Collect$$libinit$$00000031  c_w.l(libinit2.o)
    0x08000298   0x08000298   0x00000002   Code   RO         1015    .ARM.Collect$$libshutdown$$00000000  c_w.l(libshutdown.o)
    0x0800029a   0x0800029a   0x00000000   Code   RO          971    .ARM.Collect$$libshutdown$$00000003  c_w.l(libshutdown2.o)
    0x0800029a   0x0800029a   0x00000000   Code   RO          974    .ARM.Collect$$libshutdown$$00000006  c_w.l(libshutdown2.o)
    0x0800029a   0x0800029a   0x00000000   Code   RO          977    .ARM.Collect$$libshutdown$$00000009  c_w.l(libshutdown2.o)
    0x0800029a   0x0800029a   0x00000000   Code   RO          979    .ARM.Collect$$libshutdown$$0000000B  c_w.l(libshutdown2.o)
    0x0800029a   0x0800029a   0x00000000   Code   RO          982    .ARM.Collect$$libshutdown$$0000000E  c_w.l(libshutdown2.o)
    0x0800029a   0x0800029a   0x00000002   Code   RO          983    .ARM.Collect$$libshutdown$$0000000F  c_w.l(libshutdown2.o)
    0x0800029c   0x0800029c   0x00000000   Code   RO          679    .ARM.Collect$$rtentry$$00000000  c_w.l(rtentry.o)
    0x0800029c   0x0800029c   0x00000000   Code   RO          836    .ARM.Collect$$rtentry$$00000002  c_w.l(rtentry2.o)
    0x0800029c   0x0800029c   0x00000006   Code   RO          848    .ARM.Collect$$rtentry$$00000004  c_w.l(rtentry4.o)
    0x080002a2   0x080002a2   0x00000000   Code   RO          838    .ARM.Collect$$rtentry$$00000009  c_w.l(rtentry2.o)
    0x080002a2   0x080002a2   0x00000004   Code   RO          839    .ARM.Collect$$rtentry$$0000000A  c_w.l(rtentry2.o)
    0x080002a6   0x080002a6   0x00000000   Code   RO          841    .ARM.Collect$$rtentry$$0000000C  c_w.l(rtentry2.o)
    0x080002a6   0x080002a6   0x00000008   Code   RO          842    .ARM.Collect$$rtentry$$0000000D  c_w.l(rtentry2.o)
    0x080002ae   0x080002ae   0x00000002   Code   RO          959    .ARM.Collect$$rtexit$$00000000  c_w.l(rtexit.o)
    0x080002b0   0x080002b0   0x00000000   Code   RO          989    .ARM.Collect$$rtexit$$00000002  c_w.l(rtexit2.o)
    0x080002b0   0x080002b0   0x00000004   Code   RO          990    .ARM.Collect$$rtexit$$00000003  c_w.l(rtexit2.o)
    0x080002b4   0x080002b4   0x00000006   Code   RO          991    .ARM.Collect$$rtexit$$00000004  c_w.l(rtexit2.o)
    0x080002ba   0x080002ba   0x00000002   PAD
    0x080002bc   0x080002bc   0x00000034   Code   RO          612    .emb_text           c_w.l(rand.o)
    0x080002f0   0x080002f0   0x0000005c   Code   RO            1    .text               main.o
    0x0800034c   0x0800034c   0x0000001a   Code   RO          145    .text               stm32f10x_it.o
    0x08000366   0x08000366   0x00000002   PAD
    0x08000368   0x08000368   0x000001dc   Code   RO          160    .text               system_stm32f10x.o
    0x08000544   0x08000544   0x00000050   Code   RO          178    .text               led.o
    0x08000594   0x08000594   0x00000034   Code   RO          216    .text               beep.o
    0x080005c8   0x080005c8   0x000008c6   Code   RO          240    .text               oled.o
    0x08000e8e   0x08000e8e   0x00000002   PAD
    0x08000e90   0x08000e90   0x0000009c   Code   RO          263    .text               key.o
    0x08000f2c   0x08000f2c   0x000000d0   Code   RO          276    .text               delay.o
    0x08000ffc   0x08000ffc   0x0000024c   Code   RO          307    .text               usart.o
    0x08001248   0x08001248   0x000001bc   Code   RO          326    .text               timer.o
    0x08001404   0x08001404   0x000000f8   Code   RO          352    .text               exti.o
    0x080014fc   0x080014fc   0x00000040   Code   RO          378    .text               startup_stm32f10x_hd.o
    0x0800153c   0x0800153c   0x00000358   Code   RO          382    .text               stm32f10x_gpio.o
    0x08001894   0x08001894   0x000003a4   Code   RO          394    .text               stm32f10x_rcc.o
    0x08001c38   0x08001c38   0x00000408   Code   RO          408    .text               stm32f10x_usart.o
    0x08002040   0x08002040   0x000000dc   Code   RO          420    .text               misc_1.o
    0x0800211c   0x0800211c   0x00000e1a   Code   RO          432    .text               stm32f10x_tim.o
    0x08002f36   0x08002f36   0x00000002   PAD
    0x08002f38   0x08002f38   0x0000011c   Code   RO          444    .text               stm32f10x_exti.o
    0x08003054   0x08003054   0x00000034   Code   RO          554    .text               c_w.l(c89vsnprintf.o)
    0x08003088   0x08003088   0x0000002c   Code   RO          556    .text               c_w.l(__2sprintf.o)
    0x080030b4   0x080030b4   0x00000052   Code   RO          562    .text               c_w.l(_printf_pad.o)
    0x08003106   0x08003106   0x00000002   PAD
    0x08003108   0x08003108   0x00000078   Code   RO          564    .text               c_w.l(_printf_dec.o)
    0x08003180   0x08003180   0x0000009c   Code   RO          584    .text               c_w.l(_printf_hex_int_ll_ptr.o)
    0x0800321c   0x0800321c   0x0000018c   Code   RO          604    .text               c_w.l(__printf_flags_ss_wp.o)
    0x080033a8   0x080033a8   0x0000003c   Code   RO          613    .text               c_w.l(rand.o)
    0x080033e4   0x080033e4   0x00000048   Code   RO          619    .text               c_w.l(strcpy.o)
    0x0800342c   0x0800342c   0x00000006   Code   RO          631    .text               c_w.l(heapauxi.o)
    0x08003432   0x08003432   0x00000002   PAD
    0x08003434   0x08003434   0x00000010   Code   RO          680    .text               c_w.l(rt_ctype_table.o)
    0x08003444   0x08003444   0x00000024   Code   RO          709    .text               c_w.l(_printf_truncate.o)
    0x08003468   0x08003468   0x00000052   Code   RO          711    .text               c_w.l(_printf_str.o)
    0x080034ba   0x080034ba   0x000000b8   Code   RO          713    .text               c_w.l(_printf_intcommon.o)
    0x08003572   0x08003572   0x0000002a   Code   RO          715    .text               c_w.l(_printf_charcount.o)
    0x0800359c   0x0800359c   0x00000420   Code   RO          717    .text               c_w.l(_printf_fp_dec.o)
    0x080039bc   0x080039bc   0x00000030   Code   RO          719    .text               c_w.l(_printf_char_common.o)
    0x080039ec   0x080039ec   0x0000000a   Code   RO          721    .text               c_w.l(_sputc.o)
    0x080039f6   0x080039f6   0x00000010   Code   RO          723    .text               c_w.l(_snputc.o)
    0x08003a06   0x08003a06   0x00000002   PAD
    0x08003a08   0x08003a08   0x000000bc   Code   RO          725    .text               c_w.l(_printf_wctomb.o)
    0x08003ac4   0x08003ac4   0x00000078   Code   RO          728    .text               c_w.l(_printf_longlong_dec.o)
    0x08003b3c   0x08003b3c   0x00000078   Code   RO          734    .text               c_w.l(_printf_oct_int_ll.o)
    0x08003bb4   0x08003bb4   0x00000008   Code   RO          832    .text               c_w.l(libspace.o)
    0x08003bbc   0x08003bbc   0x00000008   Code   RO          853    .text               c_w.l(rt_locale_intlibspace.o)
    0x08003bc4   0x08003bc4   0x0000008a   Code   RO          868    .text               c_w.l(lludiv10.o)
    0x08003c4e   0x08003c4e   0x00000002   PAD
    0x08003c50   0x08003c50   0x00000080   Code   RO          870    .text               c_w.l(_printf_fp_infnan.o)
    0x08003cd0   0x08003cd0   0x0000002c   Code   RO          874    .text               c_w.l(_printf_char.o)
    0x08003cfc   0x08003cfc   0x0000002c   Code   RO          876    .text               c_w.l(_printf_wchar.o)
    0x08003d28   0x08003d28   0x000000e4   Code   RO          878    .text               c_w.l(bigflt0.o)
    0x08003e0c   0x08003e0c   0x00000040   Code   RO          903    .text               c_w.l(_wcrtomb.o)
    0x08003e4c   0x08003e4c   0x00000002   Code   RO          928    .text               c_w.l(use_no_semi.o)
    0x08003e4e   0x08003e4e   0x00000000   Code   RO          930    .text               c_w.l(indicate_semi.o)
    0x08003e4e   0x08003e4e   0x0000004a   Code   RO          931    .text               c_w.l(sys_stackheap_outer.o)
    0x08003e98   0x08003e98   0x0000000c   Code   RO          937    .text               c_w.l(exit.o)
    0x08003ea4   0x08003ea4   0x00000080   Code   RO          943    .text               c_w.l(strcmpv7m.o)
    0x08003f24   0x08003f24   0x0000000c   Code   RO          957    .text               c_w.l(sys_exit.o)
    0x08003f30   0x08003f30   0x0000003e   Code   RO          881    CL$$btod_d2e        c_w.l(btod.o)
    0x08003f6e   0x08003f6e   0x00000046   Code   RO          883    CL$$btod_d2e_denorm_low  c_w.l(btod.o)
    0x08003fb4   0x08003fb4   0x00000060   Code   RO          882    CL$$btod_d2e_norm_op1  c_w.l(btod.o)
    0x08004014   0x08004014   0x00000338   Code   RO          891    CL$$btod_div_common  c_w.l(btod.o)
    0x0800434c   0x0800434c   0x000000c6   Code   RO          888    CL$$btod_e2e        c_w.l(btod.o)
    0x08004412   0x08004412   0x00000028   Code   RO          885    CL$$btod_ediv       c_w.l(btod.o)
    0x0800443a   0x0800443a   0x00000028   Code   RO          884    CL$$btod_emul       c_w.l(btod.o)
    0x08004462   0x08004462   0x00000244   Code   RO          890    CL$$btod_mult_common  c_w.l(btod.o)
    0x080046a6   0x080046a6   0x00000028   Code   RO          817    i.__ARM_fpclassify  m_ws.l(fpclassify.o)
    0x080046ce   0x080046ce   0x0000000e   Code   RO          597    i._is_digit         c_w.l(__printf_wp.o)
    0x080046dc   0x080046dc   0x0000002c   Code   RO          906    locale$$code        c_w.l(lc_ctype_c.o)
    0x08004708   0x08004708   0x0000002c   Code   RO          909    locale$$code        c_w.l(lc_numeric_c.o)
    0x08004734   0x08004734   0x00000004   Code   RO          661    x$fpl$printf1       fz_ws.l(printf1.o)
    0x08004738   0x08004738   0x00000000   Code   RO          814    x$fpl$usenofp       fz_ws.l(usenofp.o)
    0x08004738   0x08004738   0x000017c0   Data   RO          242    .constdata          oled.o
    0x08005ef8   0x08005ef8   0x00000028   Data   RO          585    .constdata          c_w.l(_printf_hex_int_ll_ptr.o)
    0x08005f20   0x08005f20   0x00000011   Data   RO          605    .constdata          c_w.l(__printf_flags_ss_wp.o)
    0x08005f31   0x08005f31   0x00000003   PAD
    0x08005f34   0x08005f34   0x00000008   Data   RO          726    .constdata          c_w.l(_printf_wctomb.o)
    0x08005f3c   0x08005f3c   0x00000094   Data   RO          879    .constdata          c_w.l(bigflt0.o)
    0x08005fd0   0x08005fd0   0x00000020   Data   RO         1016    Region$$Table       anon$$obj.o
    0x08005ff0   0x08005ff0   0x00000110   Data   RO          905    locale$$data        c_w.l(lc_ctype_c.o)
    0x08006100   0x08006100   0x0000001c   Data   RO          908    locale$$data        c_w.l(lc_numeric_c.o)


    Execution Region RW_IRAM1 (Exec base: 0x20000000, Load base: 0x0800611c, Size: 0x00002090, Max: 0x00005000, ABSOLUTE, COMPRESSED[0x000001d8])

    Exec Addr    Load Addr    Size         Type   Attr      Idx    E Section Name        Object

    0x20000000   COMPRESSED   0x0000000b   Data   RW            2    .data               main.o
    0x2000000b   COMPRESSED   0x00000001   PAD
    0x2000000c   COMPRESSED   0x00000014   Data   RW          161    .data               system_stm32f10x.o
    0x20000020   COMPRESSED   0x00001439   Data   RW          243    .data               oled.o
    0x20001459   COMPRESSED   0x00000001   Data   RW          264    .data               key.o
    0x2000145a   COMPRESSED   0x00000004   Data   RW          277    .data               delay.o
    0x2000145e   COMPRESSED   0x00000014   Data   RW          395    .data               stm32f10x_rcc.o
    0x20001472   COMPRESSED   0x00000002   PAD
    0x20001474        -       0x000004c0   Zero   RW          241    .bss                oled.o
    0x20001934        -       0x00000014   Zero   RW          327    .bss                timer.o
    0x20001948        -       0x000000e4   Zero   RW          614    .bss                c_w.l(rand.o)
    0x20001a2c        -       0x00000060   Zero   RW          833    .bss                c_w.l(libspace.o)
    0x20001a8c   COMPRESSED   0x00000004   PAD
    0x20001a90        -       0x00000200   Zero   RW          376    HEAP                startup_stm32f10x_hd.o
    0x20001c90        -       0x00000400   Zero   RW          375    STACK               startup_stm32f10x_hd.o


==============================================================================

Image component sizes


      Code (inc. data)   RO Data    RW Data    ZI Data      Debug   Object Name

        52          6          0          0          0        440   beep.o
       208         18          0          4          0        927   delay.o
       248         20          0          0          0        827   exti.o
       156         18          0          1          0        732   key.o
        80         10          0          0          0     205851   led.o
        92         28          0         11          0      48976   main.o
       220         20          0          0          0       1705   misc_1.o
      2246         76       6080       5177       1216       7876   oled.o
        64         26        304          0       1536        748   startup_stm32f10x_hd.o
       284         10          0          0          0       2135   stm32f10x_exti.o
       856         40          0          0          0       5549   stm32f10x_gpio.o
        26          0          0          0          0       1130   stm32f10x_it.o
       932         44          0         20          0       8668   stm32f10x_rcc.o
      3610         88          0          0          0      22032   stm32f10x_tim.o
      1032         22          0          0          0       8272   stm32f10x_usart.o
         0          0          0          0          0         32   sys.o
       476         36          0         20          0       1591   system_stm32f10x.o
       444         82          0          0         20       1982   timer.o
       588         28          0          0          0       3027   usart.o

    ----------------------------------------------------------------------
     11620        572       6416       5236       2772     322500   Object Totals
         0          0         32          0          0          0   (incl. Generated)
         6          0          0          3          0          0   (incl. Padding)

    ----------------------------------------------------------------------

      Code (inc. data)   RO Data    RW Data    ZI Data      Debug   Library Member Name

        44          6          0          0          0         84   __2sprintf.o
        90          0          0          0          0          0   __dczerorl2.o
         8          0          0          0          0         68   __main.o
       396          6         17          0          0         92   __printf_flags_ss_wp.o
        14          0          0          0          0         68   __printf_wp.o
        52          8          0          0          0          0   __scatter.o
        28          0          0          0          0          0   __scatter_zi.o
         6          0          0          0          0          0   _printf_a.o
         6          0          0          0          0          0   _printf_c.o
        44          0          0          0          0        108   _printf_char.o
        48          6          0          0          0         96   _printf_char_common.o
        42          0          0          0          0         68   _printf_charcount.o
         6          0          0          0          0          0   _printf_d.o
       120         18          0          0          0         92   _printf_dec.o
         6          0          0          0          0          0   _printf_e.o
         6          0          0          0          0          0   _printf_f.o
      1056          0          0          0          0        216   _printf_fp_dec.o
       128         16          0          0          0         84   _printf_fp_infnan.o
         6          0          0          0          0          0   _printf_g.o
       156          6         40          0          0        160   _printf_hex_int_ll_ptr.o
         6          0          0          0          0          0   _printf_i.o
       184          0          0          0          0         88   _printf_intcommon.o
        10          0          0          0          0          0   _printf_l.o
         6          0          0          0          0          0   _printf_lc.o
        10          0          0          0          0          0   _printf_ll.o
         6          0          0          0          0          0   _printf_lld.o
         6          0          0          0          0          0   _printf_lli.o
         6          0          0          0          0          0   _printf_llo.o
         6          0          0          0          0          0   _printf_llu.o
         6          0          0          0          0          0   _printf_llx.o
       120         16          0          0          0         92   _printf_longlong_dec.o
         6          0          0          0          0          0   _printf_ls.o
         6          0          0          0          0          0   _printf_n.o
         6          0          0          0          0          0   _printf_o.o
       120          8          0          0          0        124   _printf_oct_int_ll.o
         6          0          0          0          0          0   _printf_p.o
        82          0          0          0          0        108   _printf_pad.o
         0          0          0          0          0          0   _printf_percent.o
         4          0          0          0          0          0   _printf_percent_end.o
         6          0          0          0          0          0   _printf_s.o
        82          0          0          0          0         80   _printf_str.o
        36          0          0          0          0         84   _printf_truncate.o
         6          0          0          0          0          0   _printf_u.o
        44          0          0          0          0        108   _printf_wchar.o
       188          6          8          0          0         92   _printf_wctomb.o
         6          0          0          0          0          0   _printf_x.o
        16          0          0          0          0         68   _snputc.o
        10          0          0          0          0         68   _sputc.o
        64          0          0          0          0         92   _wcrtomb.o
       228          6        148          0          0         96   bigflt0.o
      1910        128          0          0          0        672   btod.o
        52          4          0          0          0         80   c89vsnprintf.o
        12          0          0          0          0         72   exit.o
         6          0          0          0          0        152   heapauxi.o
         0          0          0          0          0          0   indicate_semi.o
        44         10        272          0          0         76   lc_ctype_c.o
        44         10         28          0          0         76   lc_numeric_c.o
         2          0          0          0          0          0   libinit.o
        34          0          0          0          0          0   libinit2.o
         2          0          0          0          0          0   libshutdown.o
         2          0          0          0          0          0   libshutdown2.o
         8          4          0          0         96         68   libspace.o
       138          0          0          0          0         80   lludiv10.o
       112         18          0          0        228        160   rand.o
        16          4          0          0          0         76   rt_ctype_table.o
         8          4          0          0          0         68   rt_locale_intlibspace.o
         0          0          0          0          0          0   rtentry.o
        12          0          0          0          0          0   rtentry2.o
         6          0          0          0          0          0   rtentry4.o
         2          0          0          0          0          0   rtexit.o
        10          0          0          0          0          0   rtexit2.o
       128          0          0          0          0         68   strcmpv7m.o
        72          0          0          0          0         80   strcpy.o
        12          4          0          0          0         68   sys_exit.o
        74          0          0          0          0         80   sys_stackheap_outer.o
         2          0          0          0          0         68   use_no_semi.o
         4          0          0          0          0         68   printf1.o
         0          0          0          0          0          0   usenofp.o
        40          0          0          0          0         68   fpclassify.o

    ----------------------------------------------------------------------
      6308        288        516          0        328       4316   Library Totals
        12          0          3          0          4          0   (incl. Padding)

    ----------------------------------------------------------------------

      Code (inc. data)   RO Data    RW Data    ZI Data      Debug   Library Name

      6252        288        513          0        324       4180   c_w.l
         4          0          0          0          0         68   fz_ws.l
        40          0          0          0          0         68   m_ws.l

    ----------------------------------------------------------------------
      6308        288        516          0        328       4316   Library Totals

    ----------------------------------------------------------------------

==============================================================================


      Code (inc. data)   RO Data    RW Data    ZI Data      Debug   

     17928        860       6932       5236       3100     322968   Grand Totals
     17928        860       6932        472       3100     322968   ELF Image Totals (compressed)
     17928        860       6932        472          0          0   ROM Totals

==============================================================================

    Total RO  Size (Code + RO Data)                24860 (  24.28kB)
    Total RW  Size (RW Data + ZI Data)              8336 (   8.14kB)
    Total ROM Size (Code + RO Data + RW Data)      25332 (  24.74kB)

==============================================================================

